01-13 10:14:50.569  4608  4680 I BZ RemoteConfig: update remote config successfully
01-13 10:14:51.124  4608  4689 D EGL_emulation: app_time_stats: avg=143.46ms min=17.83ms max=891.01ms count=9
01-13 10:14:51.155   743   949 D EGL_emulation: app_time_stats: avg=111.41ms min=9.55ms max=2017.94ms count=21
01-13 10:14:51.388   562   879 W InputManager-JNI: Input channel object '7f810bb Toast (client)' was disposed without first being removed with the input manager!
01-13 10:14:51.394   562   879 W NotificationService: Toast already killed. pkg=com.buzzvil.buzzad.benefit.sample_bab token=android.os.BinderProxy@5a436f1
01-13 10:14:52.336  4608  4639 D LeakCanary: Setting up flushing for Thread[FrameMetricsAggregator,5,main]
01-13 10:15:00.068   743   949 D EGL_emulation: app_time_stats: avg=479.67ms min=12.77ms max=9629.71ms count=22
01-13 10:15:02.125   562   562 W WindowManager: removeWindowToken: Attempted to remove non-existing token: android.os.Binder@ab6aec
01-13 10:16:00.067   743   949 D EGL_emulation: app_time_stats: avg=59998.76ms min=59998.76ms max=59998.76ms count=1
01-13 10:16:33.069   365   365 E android.hardware.power.stats@1.0-service-mock: Failed to getEnergyData
01-13 10:16:36.488  4608  4689 D EGL_emulation: app_time_stats: avg=6575.00ms min=4.07ms max=105119.49ms count=16
01-13 10:16:37.494  4608  4689 D EGL_emulation: app_time_stats: avg=15.75ms min=3.52ms max=237.28ms count=43
01-13 10:16:38.416   562   879 I ActivityTaskManager: START u0 {cmp=com.buzzvil.buzzad.benefit.sample_bab/com.buzzvil.buzzad.benefit.sample.PopTestActivity} from uid 10159
01-13 10:16:38.422   562   879 D CompatibilityChangeReporter: Compat change id reported: 174042980; UID 10159; state: DISABLED
01-13 10:16:38.424   562   879 D CompatibilityChangeReporter: Compat change id reported: 184838306; UID 10159; state: DISABLED
01-13 10:16:38.426   562   879 D CompatibilityChangeReporter: Compat change id reported: 185004937; UID 10159; state: DISABLED
01-13 10:16:38.428   562   879 D CompatibilityChangeReporter: Compat change id reported: 181136395; UID 10159; state: DISABLED
01-13 10:16:38.429   562   879 D CompatibilityChangeReporter: Compat change id reported: 174042936; UID 10159; state: DISABLED
01-13 10:16:38.437   562   879 D CompatibilityChangeReporter: Compat change id reported: 168419799; UID 10159; state: DISABLED
01-13 10:16:38.444   562   585 D CompatibilityChangeReporter: Compat change id reported: 158002302; UID 10159; state: ENABLED
01-13 10:16:38.463  4608  4608 D BZ LaunchActivityLifecycleObserver: BuzzAdPush onActivityPaused. ComponentInfo{com.buzzvil.buzzad.benefit.sample_bab/com.buzzvil.buzzad.benefit.sample.MainActivity} 89382311
01-13 10:16:38.469   562   879 W ActivityTaskManager: Tried to set launchTime (0) < mLastActivityLaunchTime (67171008)
01-13 10:16:38.470   562   879 W InputReader: Device virtio_input_multi_touch_4 is associated with display ADISPLAY_ID_NONE.
01-13 10:16:38.471   562   879 W InputReader: Device virtio_input_multi_touch_10 is associated with display ADISPLAY_ID_NONE.
01-13 10:16:38.471   562   879 W InputReader: Device virtio_input_multi_touch_7 is associated with display ADISPLAY_ID_NONE.
01-13 10:16:38.471   562   879 W InputReader: Device virtio_input_multi_touch_11 is associated with display ADISPLAY_ID_NONE.
01-13 10:16:38.471   562   879 W InputReader: Device virtio_input_multi_touch_5 is associated with display ADISPLAY_ID_NONE.
01-13 10:16:38.471   562   879 W InputReader: Device virtio_input_multi_touch_8 is associated with display ADISPLAY_ID_NONE.
01-13 10:16:38.471   562   879 W InputReader: Device virtio_input_multi_touch_2 is associated with display ADISPLAY_ID_NONE.
01-13 10:16:38.471   562   879 W InputReader: Device virtio_input_multi_touch_3 is associated with display ADISPLAY_ID_NONE.
01-13 10:16:38.471   562   879 W InputReader: Device virtio_input_multi_touch_6 is associated with display ADISPLAY_ID_NONE.
01-13 10:16:38.471   562   879 W InputReader: Device virtio_input_multi_touch_9 is associated with display ADISPLAY_ID_NONE.
01-13 10:16:38.472   562   879 W InputReader: Device virtio_input_multi_touch_4 is associated with display ADISPLAY_ID_NONE.
01-13 10:16:38.473   562   879 W InputReader: Device virtio_input_multi_touch_10 is associated with display ADISPLAY_ID_NONE.
01-13 10:16:38.473   562   879 W InputReader: Device virtio_input_multi_touch_7 is associated with display ADISPLAY_ID_NONE.
01-13 10:16:38.473   562   879 W InputReader: Device virtio_input_multi_touch_11 is associated with display ADISPLAY_ID_NONE.
01-13 10:16:38.473   562   879 W InputReader: Device virtio_input_multi_touch_5 is associated with display ADISPLAY_ID_NONE.
01-13 10:16:38.473   562   879 W InputReader: Device virtio_input_multi_touch_8 is associated with display ADISPLAY_ID_NONE.
01-13 10:16:38.473   562   879 W InputReader: Device virtio_input_multi_touch_2 is associated with display ADISPLAY_ID_NONE.
01-13 10:16:38.473   562   879 W InputReader: Device virtio_input_multi_touch_3 is associated with display ADISPLAY_ID_NONE.
01-13 10:16:38.473   562   879 W InputReader: Device virtio_input_multi_touch_6 is associated with display ADISPLAY_ID_NONE.
01-13 10:16:38.473   562   879 W InputReader: Device virtio_input_multi_touch_9 is associated with display ADISPLAY_ID_NONE.
01-13 10:16:38.497  4608  4689 D EGL_emulation: app_time_stats: avg=25.10ms min=3.75ms max=255.18ms count=36
01-13 10:16:38.575   395   512 D AudioFlinger: mixer(0x7cfddb6bca70) throttle end: throttle time(1)
01-13 10:16:38.669  4608  4608 D BZ LaunchActivityLifecycleObserver: BuzzAdPush onActivityResumed. ComponentInfo{com.buzzvil.buzzad.benefit.sample_bab/com.buzzvil.buzzad.benefit.sample.PopTestActivity} 89382311
01-13 10:16:38.729   355   391 D goldfish-address-space: claimShared: Ask to claim region [0x3f35a3000 0x3f3d8c000]
01-13 10:16:38.735   355   391 D goldfish-address-space: claimShared: Ask to claim region [0x3f0000000 0x3f07e9000]
01-13 10:16:38.739   355   391 D goldfish-address-space: claimShared: Ask to claim region [0x3f07e9000 0x3f0fd2000]
01-13 10:16:38.778   562   581 I ActivityTaskManager: Displayed com.buzzvil.buzzad.benefit.sample_bab/com.buzzvil.buzzad.benefit.sample.PopTestActivity: +361ms
01-13 10:16:38.842  1283  1283 I GoogleInputMethodService: GoogleInputMethodService.onFinishInput():3420 
01-13 10:16:38.844  1283  1283 I GoogleInputMethodService: GoogleInputMethodService.onStartInput():2002 
01-13 10:16:38.844  1283  1283 I DeviceUnlockedTag: DeviceUnlockedTag.notifyDeviceLockStatusChanged():31 Notify device unlocked.
01-13 10:16:39.213  4608  4689 D OpenGLRenderer: endAllActiveAnimators on 0x77a59cdf55c0 (RippleDrawable) with handle 0x77a4acdcb950
01-13 10:16:39.927  4608  4689 D EGL_emulation: app_time_stats: avg=145.55ms min=17.84ms max=955.04ms count=8
01-13 10:16:40.047   355   391 D goldfish-address-space: claimShared: Ask to claim region [0x3f3f79000 0x3f3f9c000]
01-13 10:16:40.053  4608  4608 D BZ FeedRemoteConfigRepositoryImpl: load()
01-13 10:16:40.056  4608  4680 I BZ RemoteConfig: update remote config successfully
01-13 10:16:40.059   355   391 D goldfish-address-space: claimShared: Ask to claim region [0x3f3f9c000 0x3f3fbf000]
01-13 10:16:40.061  4608  4608 I BZ RemoteConfig: update remote config successfully
01-13 10:16:40.062  4608  4608 D BZ FeedRemoteConfigRepositoryImpl: load()
01-13 10:16:40.064   355   391 D goldfish-address-space: claimShared: Ask to claim region [0x3f3fbf000 0x3f3fe2000]
01-13 10:16:40.065  4608  4684 I BZ RemoteConfig: update remote config successfully
01-13 10:16:40.081  4608  4770 D OkHttp  : --> GET https://screen.buzzvil.com/api/v3/custom-preview-message/config?unit_id=444437953344574
01-13 10:16:40.081  4608  4770 D OkHttp  : --> END GET
01-13 10:16:40.082  4608  4608 D BZ CPMRepository: canShowCustomPreviewMessage = false
01-13 10:16:40.103  4608  4608 D BZ BuzzAdBenefitRemoteConfig: remoteConfig.isInitialized: true
01-13 10:16:40.103  4608  4608 D BZ BuzzAdBenefitRemoteConfig: AppTracking is disabled. found from cache
01-13 10:16:40.118  4608  4608 D BZ PopHoverViewController: PopControlServiceShowPop
01-13 10:16:40.119  4608  4608 D BZ PopHoverViewController: getHoverViewPositionToHide windowSize.x = 1080, windowSize.y = 1794
01-13 10:16:40.122  4608  4608 D BZ PopHoverViewController: getHoverViewPositionToHide calculatedOffsetY = 158
01-13 10:16:40.122  4608  4608 D BZ HoverView: setPositionToHide
01-13 10:16:40.126  4608  4608 D BZ HoverView: setSection
01-13 10:16:40.126  4608  4608 D BZ PopHoverViewController: showPopIcon()
01-13 10:16:40.126  4608  4608 D BZ HoverView: addToWindow
01-13 10:16:40.143  4608  4608 D BZ HoverView: collapse
01-13 10:16:40.161  4608  4608 E efit.sample_ba: No package ID ff found for ID 0xffffffff.
01-13 10:16:40.161  4608  4608 D BZ PopEventAttributeMapper: Cannot find the specified resource: -1
01-13 10:16:40.163  4608  4608 D BZ PopHoverViewController: showPopPreviewMessageIfNeeded
01-13 10:16:40.170  4608  4608 D BZ PopHoverViewController: getAvailableBaseRewardAndExecute
01-13 10:16:40.179  4608  4608 I BZ RemoteConfig: update remote config successfully
01-13 10:16:40.179  4608  4608 D BZ FeedRemoteConfigRepositoryImpl: load()
01-13 10:16:40.182  4608  4676 I BZ RemoteConfig: update remote config successfully
01-13 10:16:40.185  4608  4680 D OkHttp  : --> GET https://screen.buzzvil.com/api/issue_feed_reward?app_id=100000043&publisher_user_id=SAMPLE_USER_ID&ifa=5900db9a-cada-4c2c-b32b-cbadc64b1e8e&account_id=182313464&unit_id=444437953344574
01-13 10:16:40.185  4608  4680 D OkHttp  : --> END GET
01-13 10:16:40.187  4608  4608 I BZ RemoteConfig: update remote config successfully
01-13 10:16:40.188  4608  4608 D BZ FeedRemoteConfigRepositoryImpl: load()
01-13 10:16:40.194  4608  4676 I BZ RemoteConfig: update remote config successfully
01-13 10:16:40.204  4608  4782 D OkHttp  : --> GET https://screen.buzzvil.com/api/v3/custom-preview-message/config?unit_id=444437953344574
01-13 10:16:40.204  4608  4782 D OkHttp  : --> END GET
01-13 10:16:40.218   355   391 D goldfish-address-space: claimShared: Ask to claim region [0x3f3d8c000 0x3f3dc6000]
01-13 10:16:40.227   355   391 D goldfish-address-space: claimShared: Ask to claim region [0x3f3dc6000 0x3f3e00000]
01-13 10:16:40.229   355   391 D goldfish-address-space: claimShared: Ask to claim region [0x3f3e00000 0x3f3e3a000]
01-13 10:16:40.254   562   562 W NotificationHistory: Attempted to add notif for locked/gone/disabled user 0
01-13 10:16:40.277   743   743 D InterruptionStateProvider: No bubble up: not allowed to bubble: 0|android|0|com.android.server.wm.AlertWindowNotification - com.buzzvil.buzzad.benefit.sample_bab|1000
01-13 10:16:40.279   743   743 D InterruptionStateProvider: No heads up: unimportant notification: 0|android|0|com.android.server.wm.AlertWindowNotification - com.buzzvil.buzzad.benefit.sample_bab|1000
01-13 10:16:40.280   743   964 D PeopleSpaceWidgetMgr: Sbn doesn't contain valid PeopleTileKey: null/0/android
01-13 10:16:40.318  4608  4770 D OkHttp  : <-- HTTP FAILED: com.buzzvil.buzzad.benefit.core.network.ApiException: INVALID_PARAMETERS
01-13 10:16:40.320  4608  4715 I BZ RemoteConfig: update remote config successfully
01-13 10:16:40.324  4608  4608 D BZ CPMRepository: Fetch previewConfig failure
01-13 10:16:40.352   743   949 D EGL_emulation: app_time_stats: avg=40284.19ms min=40284.19ms max=40284.19ms count=1
01-13 10:16:40.431  4608  4782 D OkHttp  : <-- HTTP FAILED: com.buzzvil.buzzad.benefit.core.network.ApiException: INVALID_PARAMETERS
01-13 10:16:40.431  4608  4608 D BZ CPMRepository: Fetch previewConfig failure
01-13 10:16:40.467  4608  4680 D OkHttp  : <-- 200 OK https://screen.buzzvil.com/api/issue_feed_reward?app_id=100000043&publisher_user_id=SAMPLE_USER_ID&ifa=5900db9a-cada-4c2c-b32b-cbadc64b1e8e&account_id=182313464&unit_id=444437953344574 (282ms)
01-13 10:16:40.468  4608  4680 D OkHttp  : access-control-allow-origin: *
01-13 10:16:40.468  4608  4680 D OkHttp  : content-type: application/json; charset=UTF-8
01-13 10:16:40.468  4608  4680 D OkHttp  : date: Thu, 13 Jan 2022 10:23:54 GMT
01-13 10:16:40.468  4608  4680 D OkHttp  : server: istio-envoy
01-13 10:16:40.468  4608  4680 D OkHttp  : vary: Origin, Accept-Encoding
01-13 10:16:40.468  4608  4680 D OkHttp  : x-envoy-upstream-service-time: 40
01-13 10:16:40.468  4608  4680 D OkHttp  : Connection: keep-alive
01-13 10:16:40.471  4608  4680 D OkHttp  : {"rewards":[{"amount":"1","event_type":"opened","event_type_deprecated":0,"extra":{},"issue_method":"","resource":{"id":"444437953344574","type":4},"status":0,"transaction_id":"678752d6-a343-44a4-9454-164145446fcf","ttl":"60"}]}
01-13 10:16:40.471  4608  4680 D OkHttp  : <-- END HTTP (229-byte body)
01-13 10:16:40.476  4608  4608 D BZ PopHoverViewController: showPopPreviewMessage
01-13 10:16:40.476  4608  4608 D BZ PopHoverViewController: showPopPreviewMessage called but HoverViewStateType is not COLLAPSED. Do not show pop preview message
01-13 10:16:40.476  4608  4608 D BZ PopHoverViewController: getAvailableBaseReward onSuccess 1
01-13 10:16:41.810  4608  4608 E InputEventReceiver: Exception dispatching input event.
01-13 10:16:41.810  4608  4608 E MessageQueue-JNI: Exception in MessageQueue callback: handleReceiveCallback
01-13 10:16:41.812  4608  4608 E MessageQueue-JNI: java.lang.NullPointerException
01-13 10:16:41.812  4608  4608 E MessageQueue-JNI: 	at com.buzzvil.lib.buzzhover.HoverView.addToWindow$lambda-1(HoverView.kt:117)
01-13 10:16:41.812  4608  4608 E MessageQueue-JNI: 	at com.buzzvil.lib.buzzhover.HoverView.lambda$vYiOJoIzlxmHrPeXTwlN57R7ZKc(Unknown Source:0)
01-13 10:16:41.812  4608  4608 E MessageQueue-JNI: 	at com.buzzvil.lib.buzzhover.-$$Lambda$HoverView$vYiOJoIzlxmHrPeXTwlN57R7ZKc.onTouch(Unknown Source:2)
01-13 10:16:41.812  4608  4608 E MessageQueue-JNI: 	at android.view.View.dispatchTouchEvent(View.java:14536)
01-13 10:16:41.812  4608  4608 E MessageQueue-JNI: 	at android.view.View.dispatchPointerEvent(View.java:14799)
01-13 10:16:41.812  4608  4608 E MessageQueue-JNI: 	at android.view.ViewRootImpl$ViewPostImeInputStage.processPointerEvent(ViewRootImpl.java:6347)
01-13 10:16:41.812  4608  4608 E MessageQueue-JNI: 	at android.view.ViewRootImpl$ViewPostImeInputStage.onProcess(ViewRootImpl.java:6148)
01-13 10:16:41.812  4608  4608 E MessageQueue-JNI: 	at android.view.ViewRootImpl$InputStage.deliver(ViewRootImpl.java:5626)
01-13 10:16:41.812  4608  4608 E MessageQueue-JNI: 	at android.view.ViewRootImpl$InputStage.onDeliverToNext(ViewRootImpl.java:5683)
01-13 10:16:41.812  4608  4608 E MessageQueue-JNI: 	at android.view.ViewRootImpl$InputStage.forward(ViewRootImpl.java:5649)
01-13 10:16:41.812  4608  4608 E MessageQueue-JNI: 	at android.view.ViewRootImpl$AsyncInputStage.forward(ViewRootImpl.java:5814)
01-13 10:16:41.812  4608  4608 E MessageQueue-JNI: 	at android.view.ViewRootImpl$InputStage.apply(ViewRootImpl.java:5657)
01-13 10:16:41.812  4608  4608 E MessageQueue-JNI: 	at android.view.ViewRootImpl$AsyncInputStage.apply(ViewRootImpl.java:5871)
01-13 10:16:41.812  4608  4608 E MessageQueue-JNI: 	at android.view.ViewRootImpl$InputStage.deliver(ViewRootImpl.java:5630)
01-13 10:16:41.812  4608  4608 E MessageQueue-JNI: 	at android.view.ViewRootImpl$InputStage.onDeliverToNext(ViewRootImpl.java:5683)
01-13 10:16:41.812  4608  4608 E MessageQueue-JNI: 	at android.view.ViewRootImpl$InputStage.forward(ViewRootImpl.java:5649)
01-13 10:16:41.812  4608  4608 E MessageQueue-JNI: 	at android.view.ViewRootImpl$InputStage.apply(ViewRootImpl.java:5657)
01-13 10:16:41.812  4608  4608 E MessageQueue-JNI: 	at android.view.ViewRootImpl$InputStage.deliver(ViewRootImpl.java:5630)
01-13 10:16:41.812  4608  4608 E MessageQueue-JNI: 	at android.view.ViewRootImpl.deliverInputEvent(ViewRootImpl.java:8562)
01-13 10:16:41.812  4608  4608 E MessageQueue-JNI: 	at android.view.ViewRootImpl.doProcessInputEvents(ViewRootImpl.java:8513)
01-13 10:16:41.812  4608  4608 E MessageQueue-JNI: 	at android.view.ViewRootImpl.enqueueInputEvent(ViewRootImpl.java:8482)
01-13 10:16:41.812  4608  4608 E MessageQueue-JNI: 	at android.view.ViewRootImpl$WindowInputEventReceiver.onInputEvent(ViewRootImpl.java:8685)
01-13 10:16:41.812  4608  4608 E MessageQueue-JNI: 	at android.view.InputEventReceiver.dispatchInputEvent(InputEventReceiver.java:259)
01-13 10:16:41.812  4608  4608 E MessageQueue-JNI: 	at android.os.MessageQueue.nativePollOnce(Native Method)
01-13 10:16:41.812  4608  4608 E MessageQueue-JNI: 	at android.os.MessageQueue.next(MessageQueue.java:335)
01-13 10:16:41.812  4608  4608 E MessageQueue-JNI: 	at android.os.Looper.loopOnce(Looper.java:161)
01-13 10:16:41.812  4608  4608 E MessageQueue-JNI: 	at android.os.Looper.loop(Looper.java:288)
01-13 10:16:41.812  4608  4608 E MessageQueue-JNI: 	at android.app.ActivityThread.main(ActivityThread.java:7839)
01-13 10:16:41.812  4608  4608 E MessageQueue-JNI: 	at java.lang.reflect.Method.invoke(Native Method)
01-13 10:16:41.812  4608  4608 E MessageQueue-JNI: 	at com.android.internal.os.RuntimeInit$MethodAndArgsCaller.run(RuntimeInit.java:548)
01-13 10:16:41.812  4608  4608 E MessageQueue-JNI: 	at com.android.internal.os.ZygoteInit.main(ZygoteInit.java:1003)
01-13 10:16:41.812  4608  4608 D AndroidRuntime: Shutting down VM
--------- beginning of crash
01-13 10:16:41.823  4608  4608 E AndroidRuntime: FATAL EXCEPTION: main
01-13 10:16:41.823  4608  4608 E AndroidRuntime: Process: com.buzzvil.buzzad.benefit.sample_bab, PID: 4608
01-13 10:16:41.823  4608  4608 E AndroidRuntime: java.lang.NullPointerException
01-13 10:16:41.823  4608  4608 E AndroidRuntime: 	at com.buzzvil.lib.buzzhover.HoverView.addToWindow$lambda-1(HoverView.kt:117)
01-13 10:16:41.823  4608  4608 E AndroidRuntime: 	at com.buzzvil.lib.buzzhover.HoverView.lambda$vYiOJoIzlxmHrPeXTwlN57R7ZKc(Unknown Source:0)
01-13 10:16:41.823  4608  4608 E AndroidRuntime: 	at com.buzzvil.lib.buzzhover.-$$Lambda$HoverView$vYiOJoIzlxmHrPeXTwlN57R7ZKc.onTouch(Unknown Source:2)
01-13 10:16:41.823  4608  4608 E AndroidRuntime: 	at android.view.View.dispatchTouchEvent(View.java:14536)
01-13 10:16:41.823  4608  4608 E AndroidRuntime: 	at android.view.View.dispatchPointerEvent(View.java:14799)
01-13 10:16:41.823  4608  4608 E AndroidRuntime: 	at android.view.ViewRootImpl$ViewPostImeInputStage.processPointerEvent(ViewRootImpl.java:6347)
01-13 10:16:41.823  4608  4608 E AndroidRuntime: 	at android.view.ViewRootImpl$ViewPostImeInputStage.onProcess(ViewRootImpl.java:6148)
01-13 10:16:41.823  4608  4608 E AndroidRuntime: 	at android.view.ViewRootImpl$InputStage.deliver(ViewRootImpl.java:5626)
01-13 10:16:41.823  4608  4608 E AndroidRuntime: 	at android.view.ViewRootImpl$InputStage.onDeliverToNext(ViewRootImpl.java:5683)
01-13 10:16:41.823  4608  4608 E AndroidRuntime: 	at android.view.ViewRootImpl$InputStage.forward(ViewRootImpl.java:5649)
01-13 10:16:41.823  4608  4608 E AndroidRuntime: 	at android.view.ViewRootImpl$AsyncInputStage.forward(ViewRootImpl.java:5814)
01-13 10:16:41.823  4608  4608 E AndroidRuntime: 	at android.view.ViewRootImpl$InputStage.apply(ViewRootImpl.java:5657)
01-13 10:16:41.823  4608  4608 E AndroidRuntime: 	at android.view.ViewRootImpl$AsyncInputStage.apply(ViewRootImpl.java:5871)
01-13 10:16:41.823  4608  4608 E AndroidRuntime: 	at android.view.ViewRootImpl$InputStage.deliver(ViewRootImpl.java:5630)
01-13 10:16:41.823  4608  4608 E AndroidRuntime: 	at android.view.ViewRootImpl$InputStage.onDeliverToNext(ViewRootImpl.java:5683)
01-13 10:16:41.823  4608  4608 E AndroidRuntime: 	at android.view.ViewRootImpl$InputStage.forward(ViewRootImpl.java:5649)
01-13 10:16:41.823  4608  4608 E AndroidRuntime: 	at android.view.ViewRootImpl$InputStage.apply(ViewRootImpl.java:5657)
01-13 10:16:41.823  4608  4608 E AndroidRuntime: 	at android.view.ViewRootImpl$InputStage.deliver(ViewRootImpl.java:5630)
01-13 10:16:41.823  4608  4608 E AndroidRuntime: 	at android.view.ViewRootImpl.deliverInputEvent(ViewRootImpl.java:8562)
01-13 10:16:41.823  4608  4608 E AndroidRuntime: 	at android.view.ViewRootImpl.doProcessInputEvents(ViewRootImpl.java:8513)
01-13 10:16:41.823  4608  4608 E AndroidRuntime: 	at android.view.ViewRootImpl.enqueueInputEvent(ViewRootImpl.java:8482)
01-13 10:16:41.823  4608  4608 E AndroidRuntime: 	at android.view.ViewRootImpl$WindowInputEventReceiver.onInputEvent(ViewRootImpl.java:8685)
01-13 10:16:41.823  4608  4608 E AndroidRuntime: 	at android.view.InputEventReceiver.dispatchInputEvent(InputEventReceiver.java:259)
01-13 10:16:41.823  4608  4608 E AndroidRuntime: 	at android.os.MessageQueue.nativePollOnce(Native Method)
01-13 10:16:41.823  4608  4608 E AndroidRuntime: 	at android.os.MessageQueue.next(MessageQueue.java:335)
01-13 10:16:41.823  4608  4608 E AndroidRuntime: 	at android.os.Looper.loopOnce(Looper.java:161)
01-13 10:16:41.823  4608  4608 E AndroidRuntime: 	at android.os.Looper.loop(Looper.java:288)
01-13 10:16:41.823  4608  4608 E AndroidRuntime: 	at android.app.ActivityThread.main(ActivityThread.java:7839)
01-13 10:16:41.823  4608  4608 E AndroidRuntime: 	at java.lang.reflect.Method.invoke(Native Method)
01-13 10:16:41.823  4608  4608 E AndroidRuntime: 	at com.android.internal.os.RuntimeInit$MethodAndArgsCaller.run(RuntimeInit.java:548)
01-13 10:16:41.823  4608  4608 E AndroidRuntime: 	at com.android.internal.os.ZygoteInit.main(ZygoteInit.java:1003)
01-13 10:16:41.823  4608  4608 I Sentry  : Uncaught exception received.
01-13 10:16:41.830  4608  4608 D Sentry  : Capturing event: 1ca4c9efe497469eac1ff76e7330924e
01-13 10:16:41.866  4608  4654 D Sentry  : Adding Envelope to offline storage: /data/user/0/com.buzzvil.buzzad.benefit.sample_bab/cache/sentry/1ca4c9efe497469eac1ff76e7330924e.envelope
01-13 10:16:41.896  4608  4654 D Sentry  : Serializing object: {"exception":{"values":[{"mechanism":{"handled":false,"type":"UncaughtExceptionHandler"},"module":"java.lang","stacktrace":{"frames":[{"native":false,"filename":"ZygoteInit.java","function":"main","in_app":false,"lineno":1003,"module":"com.android.internal.os.ZygoteInit"},{"native":false,"filename":"RuntimeInit.java","function":"run","in_app":false,"lineno":548,"module":"com.android.internal.os.RuntimeInit$MethodAndArgsCaller"},{"native":true,"filename":"Method.java","function":"invoke","in_app":false,"module":"java.lang.reflect.Method"},{"native":false,"filename":"ActivityThread.java","function":"main","in_app":false,"lineno":7839,"module":"android.app.ActivityThread"},{"native":false,"filename":"Looper.java","function":"loop","in_app":false,"lineno":288,"module":"android.os.Looper"},{"native":false,"filename":"Looper.java","function":"loopOnce","in_app":false,"lineno":161,"module":"android.os.Looper"},{"native":false,"filename":"MessageQueue.java","function":"next","in_app":false,"lineno":335,"module":"android.os.MessageQueue"},{"native":true,"filename":"MessageQueue.java","function":"nativePollOnce","in_app":false,"module":"android.os.MessageQueue"},{"native":false,"filename":"InputEventReceiver.java","function":"dispatchInputEvent","in_app":false,"lineno":259,"module":"android.view.InputEventReceiver"},{"native":false,"filename":"ViewRootImpl.java","function":"onInputEvent","in_app":false,"lineno":8685,"module":"android.view.ViewRootImpl$WindowInputEventReceiver"},{"native":false,"filename":"ViewRootImpl.java","function":"enqueueInputEvent","in_app":false,"lineno":8482,"module":"android.view.ViewRootImpl"},{"native":false,"filename":"ViewRootImpl.java","function":"doProcessInputEvents","in_app":false,"lineno":8513,"module":"android.view.ViewRootImpl"},{"native":false,"filename":"ViewRootImpl.java","function":"deliverInputEvent","in_app":false,"lineno":8562,"module":"android.view.ViewRootImpl"},{"native":false,"filename":"ViewRootImpl.java","function":"deliver","in_app":false,"lineno":5630,"module":"android.view.ViewRootImpl$InputStage"},{"native":false,"filename":"ViewRootImpl.java","function":"apply","in_app":false,"lineno":5657,"module":"android.view.ViewRootImpl$InputStage"},{"native":false,"filename":"ViewRootImpl.java","function":"forward","in_app":false,"lineno":5649,"module":"android.view.ViewRootImpl$InputStage"},{"native":false,"filename":"ViewRootImpl.java","function":"onDeliverToNext","in_app":false,"lineno":5683,"module":"android.view.ViewRootImpl$InputStage"},{"native":false,"filename":"ViewRootImpl.java","function":"deliver","in_app":false,"lineno":5630,"module":"android.view.ViewRootImpl$InputStage"},{"native":false,"filename":"ViewRootImpl.java","function":"apply","in_app":false,"lineno":5871,"module":"android.view.ViewRootImpl$AsyncInputStage"},{"native":false,"filename":"ViewRootImpl.java","function":"apply","in_app":false,"lineno":5657,"module":"android.view.ViewRootImpl$InputStage"},{"native":false,"filename":"ViewRootImpl.java","function":"forward","in_app":false,"lineno":5814,"module":"android.view.ViewRootImpl$AsyncInputStage"},{"native":false,"filename":"ViewRootImpl.java","function":"forward","in_app":false,"lineno":5649,"module":"android.view.ViewRootImpl$InputStage"},{"native":false,"filename":"ViewRootImpl.java","function":"onDeliverToNext","in_app":false,"lineno":5683,"module":"android.view.ViewRootImpl$InputStage"},{"native":false,"filename":"ViewRootImpl.java","function":"deliver","in_app":false,"lineno":5626,"module":"android.view.ViewRootImpl$InputStage"},{"native":false,"filename":"ViewRootImpl.java","function":"onProcess","in_app":false,"lineno":6148,"module":"android.view.ViewRootImpl$ViewPostImeInputStage"},{"native":false,"filename":"ViewRootImpl.java","function":"processPointerEvent","in_app":false,"lineno":6347,"module":"android.view.ViewRootImpl$ViewPostImeInputStage"},{"native":false,"filename":"View.java","function":"dispatchPointerEvent","in_app":false,"lineno":14799,"module":"android.view.View"},{"native":false,"file
01-13 10:16:41.915  4608  4654 D Sentry  : Serializing object: {"sid":"f46eba44-d191-4239-abf9-262b8166c767","did":"c604549f-a992-4f1b-b5e9-3cd0898652dc","started":"2022-01-13T01:14:49.340Z","status":"crashed","seq":1642036601864,"errors":1,"duration":112.524,"timestamp":"2022-01-13T01:16:41.864Z","attrs":{"release":"com.buzzvil.buzzad.benefit.sample_bab@3.2.0-rc.1+40301"}}
01-13 10:16:41.918  4608  4654 D Sentry  : Disk flush envelope fired
01-13 10:16:41.918  4608  4608 I Sentry  : Invoking inner uncaught exception handler.
01-13 10:16:41.922   562  4797 I DropBoxManagerService: add tag=data_app_crash isTagEnabled=true flags=0x2
01-13 10:16:41.923   562  2740 W ActivityTaskManager:   Force finishing activity com.buzzvil.buzzad.benefit.sample_bab/com.buzzvil.buzzad.benefit.sample.PopTestActivity
01-13 10:16:41.926   355   391 D goldfish-address-space: claimShared: Ask to claim region [0x3f0fd2000 0x3f14e2000]
01-13 10:16:41.938   562   592 W BroadcastQueue: Background execution not allowed: receiving Intent { act=android.intent.action.DROPBOX_ENTRY_ADDED flg=0x10 (has extras) } to com.google.android.gms/.stats.service.DropBoxEntryAddedReceiver
01-13 10:16:41.939  4608  4608 I Process : Sending signal. PID: 4608 SIG: 9
01-13 10:16:41.943   562   592 W BroadcastQueue: Background execution not allowed: receiving Intent { act=android.intent.action.DROPBOX_ENTRY_ADDED flg=0x10 (has extras) } to com.google.android.gms/.chimera.GmsIntentOperationService$PersistentTrustedReceiver
01-13 10:16:42.035  1059  1069 W s.nexuslaunche: Reducing the number of considered missed Gc histogram windows from 698 to 100
01-13 10:16:42.061   562  2740 I ActivityManager: Process com.buzzvil.buzzad.benefit.sample_bab (pid 4608) has died: fg  TOP 
01-13 10:16:42.062   562  2346 I WindowManager: WIN DEATH: Window{b8c7bf0 u0 com.buzzvil.buzzad.benefit.sample_bab/com.buzzvil.buzzad.benefit.sample.MainActivity}
01-13 10:16:42.062   562  2346 W InputManager-JNI: Input channel object 'b8c7bf0 com.buzzvil.buzzad.benefit.sample_bab/com.buzzvil.buzzad.benefit.sample.MainActivity (client)' was disposed without first being removed with the input manager!
01-13 10:16:42.063   562   594 I libprocessgroup: Successfully killed process cgroup uid 10159 pid 4608 in 0ms
01-13 10:16:42.068   562  2740 W ActivityManager: Scheduling restart of crashed service com.buzzvil.buzzad.benefit.sample_bab/com.buzzvil.buzzad.benefit.pop.presentation.DefaultPopControlService in 1000ms for start-requested
01-13 10:16:42.069   562   867 I WindowManager: WIN DEATH: Window{c558fdc u0 com.buzzvil.buzzad.benefit.sample_bab/com.buzzvil.buzzad.benefit.sample.PopTestActivity}
01-13 10:16:42.069   562   867 W InputManager-JNI: Input channel object 'c558fdc com.buzzvil.buzzad.benefit.sample_bab/com.buzzvil.buzzad.benefit.sample.PopTestActivity (client)' was disposed without first being removed with the input manager!
01-13 10:16:42.071   337   337 I Zygote  : Process 4608 exited due to signal 9 (Killed)
01-13 10:16:42.075   562  2336 I WindowManager: WIN DEATH: Window{1eb4dc5 u0 com.buzzvil.buzzad.benefit.sample_bab}
01-13 10:16:42.075   562  2336 W InputManager-JNI: Input channel object '1eb4dc5 com.buzzvil.buzzad.benefit.sample_bab (client)' was disposed without first being removed with the input manager!
01-13 10:16:42.083   422   422 E BpTransactionCompletedListener: Failed to transact (-32)
01-13 10:16:42.084   422   422 E BpTransactionCompletedListener: Failed to transact (-32)
01-13 10:16:42.092   562   584 W NotificationHistory: Attempted to remove channel for locked/gone/disabled user 0
01-13 10:16:42.093   562   584 W ActivityManager: setHasOverlayUi called on unknown pid: 4608
01-13 10:16:42.093   562   584 W ActivityManager: setHasOverlayUi called on unknown pid: 4608
01-13 10:16:42.097   562   591 W UsageStatsService: Unexpected activity event reported! (com.buzzvil.buzzad.benefit.sample_bab/com.buzzvil.buzzad.benefit.sample.MainActivity event : 23 instanceId : 91734318)
01-13 10:16:42.100   562   584 D CompatibilityChangeReporter: Compat change id reported: 135634846; UID 10159; state: DISABLED
01-13 10:16:42.102   562   593 D CompatibilityChangeReporter: Compat change id reported: 143937733; UID 10159; state: ENABLED
01-13 10:16:42.113   337   337 D Zygote  : Forked child process 4807
01-13 10:16:42.114   562   593 I ActivityManager: Start proc 4807:com.buzzvil.buzzad.benefit.sample_bab/u0a159 for top-activity {com.buzzvil.buzzad.benefit.sample_bab/com.buzzvil.buzzad.benefit.sample.MainActivity}
01-13 10:16:42.114   743   964 D PeopleSpaceWidgetMgr: Sbn doesn't contain valid PeopleTileKey: null/0/com.buzzvil.buzzad.benefit.sample_bab
01-13 10:16:42.125  4807  4807 I efit.sample_ba: Late-enabling -Xcheck:jni
01-13 10:16:42.134   743   949 D EGL_emulation: app_time_stats: avg=1781.76ms min=1781.76ms max=1781.76ms count=1
01-13 10:16:42.140   743   964 D PeopleSpaceWidgetMgr: Sbn doesn't contain valid PeopleTileKey: null/0/android
01-13 10:16:42.152  4807  4807 W efit.sample_ba: Unexpected CPU variant for X86 using defaults: x86_64
01-13 10:16:42.159   429   481 I adbd    : jdwp connection from 4807
01-13 10:16:42.176   562   661 W InputReader: Device virtio_input_multi_touch_4 is associated with display ADISPLAY_ID_NONE.
01-13 10:16:42.177   562   661 W InputReader: Device virtio_input_multi_touch_10 is associated with display ADISPLAY_ID_NONE.
01-13 10:16:42.177   562   661 W InputReader: Device virtio_input_multi_touch_7 is associated with display ADISPLAY_ID_NONE.
01-13 10:16:42.178   562   661 W InputReader: Device virtio_input_multi_touch_11 is associated with display ADISPLAY_ID_NONE.
01-13 10:16:42.178   562   661 W InputReader: Device virtio_input_multi_touch_5 is associated with display ADISPLAY_ID_NONE.
01-13 10:16:42.178   562   661 W InputReader: Device virtio_input_multi_touch_8 is associated with display ADISPLAY_ID_NONE.
01-13 10:16:42.178   562   661 W InputReader: Device virtio_input_multi_touch_2 is associated with display ADISPLAY_ID_NONE.
01-13 10:16:42.178   562   661 W InputReader: Device virtio_input_multi_touch_3 is associated with display ADISPLAY_ID_NONE.
01-13 10:16:42.179   562   661 W InputReader: Device virtio_input_multi_touch_6 is associated with display ADISPLAY_ID_NONE.
01-13 10:16:42.180   562   661 W InputReader: Device virtio_input_multi_touch_9 is associated with display ADISPLAY_ID_NONE.
01-13 10:16:42.181   562   661 W InputReader: Device virtio_input_multi_touch_4 is associated with display ADISPLAY_ID_NONE.
01-13 10:16:42.181   562   661 W InputReader: Device virtio_input_multi_touch_10 is associated with display ADISPLAY_ID_NONE.
01-13 10:16:42.181   562   661 W InputReader: Device virtio_input_multi_touch_7 is associated with display ADISPLAY_ID_NONE.
01-13 10:16:42.181   562   661 W InputReader: Device virtio_input_multi_touch_11 is associated with display ADISPLAY_ID_NONE.
01-13 10:16:42.181   562   661 W InputReader: Device virtio_input_multi_touch_5 is associated with display ADISPLAY_ID_NONE.
01-13 10:16:42.181   562   661 W InputReader: Device virtio_input_multi_touch_8 is associated with display ADISPLAY_ID_NONE.
01-13 10:16:42.181   562   661 W InputReader: Device virtio_input_multi_touch_2 is associated with display ADISPLAY_ID_NONE.
01-13 10:16:42.181   562   661 W InputReader: Device virtio_input_multi_touch_3 is associated with display ADISPLAY_ID_NONE.
01-13 10:16:42.182   562   661 W InputReader: Device virtio_input_multi_touch_6 is associated with display ADISPLAY_ID_NONE.
01-13 10:16:42.183   562   661 W InputReader: Device virtio_input_multi_touch_9 is associated with display ADISPLAY_ID_NONE.
01-13 10:16:42.202   355   391 D goldfish-address-space: claimShared: Ask to claim region [0x3f2b83000 0x3f336c000]
01-13 10:16:42.208   562   562 W NotificationHistory: Attempted to add notif for locked/gone/disabled user 0
01-13 10:16:42.212   355   391 D goldfish-address-space: claimShared: Ask to claim region [0x3f336c000 0x3f3b55000]
01-13 10:16:42.214   355   355 D goldfish-address-space: claimShared: Ask to claim region [0x3f19b6000 0x3f219f000]
01-13 10:16:42.224   743   743 D InterruptionStateProvider: No bubble up: not allowed to bubble: 0|com.buzzvil.buzzad.benefit.sample_bab|1000|null|10159
01-13 10:16:42.225   743   743 D InterruptionStateProvider: No heads up: unimportant notification: 0|com.buzzvil.buzzad.benefit.sample_bab|1000|null|10159
01-13 10:16:42.226   743   964 D PeopleSpaceWidgetMgr: Sbn doesn't contain valid PeopleTileKey: null/0/com.buzzvil.buzzad.benefit.sample_bab
01-13 10:16:42.243   355   355 D goldfish-address-space: claimShared: Ask to claim region [0x3f336c000 0x3f3b55000]
01-13 10:16:42.253   355   355 D goldfish-address-space: claimShared: Ask to claim region [0x3f19b6000 0x3f219f000]
01-13 10:16:42.256  4807  4807 V studio.deploy: Startup agent attached to VM
01-13 10:16:42.257  4807  4807 V studio.deploy: No existing instrumentation found. Loading instrumentation from instruments-3e620333.jar
01-13 10:16:42.258  4807  4807 W efit.sample_ba: DexFile /data/data/com.buzzvil.buzzad.benefit.sample_bab/code_cache/.studio/instruments-3e620333.jar is in boot class path but is not in a known location
01-13 10:16:42.260  4807  4807 V studio.deploy: Applying transforms with cached classes
01-13 10:16:42.263   743   949 D EGL_emulation: app_time_stats: avg=12439.21ms min=15.03ms max=111817.96ms count=9
01-13 10:16:42.252  4807  4807 W re-initialized>: type=1400 audit(0.0:220): avc: granted { execute } for path="/data/data/com.buzzvil.buzzad.benefit.sample_bab/code_cache/startup_agents/a67b7118-agent.so" dev="dm-5" ino=132920 scontext=u:r:untrusted_app:s0:c159,c256,c512,c768 tcontext=u:object_r:app_data_file:s0:c159,c256,c512,c768 tclass=file app=com.buzzvil.buzzad.benefit.sample_bab
01-13 10:16:42.291  4807  4807 W efit.sample_ba: Redefining intrinsic method java.lang.Thread java.lang.Thread.currentThread(). This may cause the unexpected use of the original definition of java.lang.Thread java.lang.Thread.currentThread()in methods that have already been compiled.
01-13 10:16:42.291  4807  4807 W efit.sample_ba: Redefining intrinsic method boolean java.lang.Thread.interrupted(). This may cause the unexpected use of the original definition of boolean java.lang.Thread.interrupted()in methods that have already been compiled.
01-13 10:16:42.297  4807  4807 D CompatibilityChangeReporter: Compat change id reported: 171979766; UID 10159; state: DISABLED
01-13 10:16:42.412   562   571 I system_server: Background young concurrent copying GC freed 329507(13MB) AllocSpace objects, 26(1168KB) LOS objects, 34% free, 28MB/43MB, paused 706us,125us total 185.910ms
01-13 10:16:42.433   562   584 W ActivityTaskManager: Activity top resumed state loss timeout for ActivityRecord{534512d u0 com.buzzvil.buzzad.benefit.sample_bab/com.buzzvil.buzzad.benefit.sample.PopTestActivity t-1 f}}
01-13 10:16:42.443   562   573 W System  : A resource failed to call release. 
01-13 10:16:42.913  4807  4807 V GraphicsEnvironment: ANGLE Developer option for 'com.buzzvil.buzzad.benefit.sample_bab' set to: 'default'
01-13 10:16:42.913  4807  4807 V GraphicsEnvironment: Neither updatable production driver nor prerelease driver is supported.
01-13 10:16:42.919  4807  4807 D NetworkSecurityConfig: No Network Security Config specified, using platform default
01-13 10:16:42.919  4807  4807 D NetworkSecurityConfig: No Network Security Config specified, using platform default
01-13 10:16:42.924  4807  4807 I MultiDex: VM with version 2.1.0 has multidex support
01-13 10:16:42.924  4807  4807 I MultiDex: Installing application
01-13 10:16:42.924  4807  4807 I MultiDex: VM has multidex support, MultiDex support library is disabled.
01-13 10:16:43.033  4807  4846 D FBAudienceNetwork: SDK dex loading time: 80
01-13 10:16:43.076  4807  4848 D CompatibilityChangeReporter: Compat change id reported: 160794467; UID 10159; state: DISABLED
01-13 10:16:43.103  4807  4807 W efit.sample_ba: Accessing hidden method Landroid/view/WindowManagerGlobal;->getInstance()Landroid/view/WindowManagerGlobal; (unsupported, reflection, allowed)
01-13 10:16:43.103  4807  4807 W efit.sample_ba: Accessing hidden field Landroid/view/WindowManagerGlobal;->mViews:Ljava/util/ArrayList; (unsupported, reflection, allowed)
01-13 10:16:43.104  4807  4807 W efit.sample_ba: Accessing hidden field Landroid/app/ActivityThread;->mH:Landroid/app/ActivityThread$H; (unsupported, reflection, allowed)
01-13 10:16:43.104  4807  4807 W efit.sample_ba: Accessing hidden method Landroid/app/ActivityThread;->currentActivityThread()Landroid/app/ActivityThread; (unsupported, reflection, allowed)
01-13 10:16:43.104  4807  4807 W efit.sample_ba: Accessing hidden field Landroid/os/Handler;->mCallback:Landroid/os/Handler$Callback; (unsupported, reflection, allowed)
01-13 10:16:43.105  4807  4807 W efit.sample_ba: Accessing hidden field Landroid/util/Singleton;->mInstance:Ljava/lang/Object; (unsupported, reflection, allowed)
01-13 10:16:43.105  4807  4807 W efit.sample_ba: Accessing hidden method Landroid/util/Singleton;->get()Ljava/lang/Object; (unsupported, reflection, allowed)
01-13 10:16:43.106  4807  4807 W efit.sample_ba: Accessing hidden field Landroid/app/ActivityManager;->IActivityManagerSingleton:Landroid/util/Singleton; (unsupported, reflection, allowed)
01-13 10:16:43.112  4807  4807 D Sentry  : io.sentry.auto-init read: true
01-13 10:16:43.112  4807  4807 I Sentry  : Retrieving auto-init from AndroidManifest.xml
01-13 10:16:43.184  4807  4807 D Sentry  : io.sentry.debug.level read: debug
01-13 10:16:43.184  4807  4807 D Sentry  : io.sentry.anr.enable read: true
01-13 10:16:43.184  4807  4807 D Sentry  : io.sentry.session-tracking.enable read: true
01-13 10:16:43.184  4807  4807 D Sentry  : io.sentry.auto-session-tracking.enable read: true
01-13 10:16:43.185  4807  4807 D Sentry  : io.sentry.sample-rate read: -1.0
01-13 10:16:43.185  4807  4807 D Sentry  : io.sentry.anr.report-debug read: false
01-13 10:16:43.185  4807  4807 D Sentry  : io.sentry.anr.timeout-interval-millis read: 5000
01-13 10:16:43.185  4807  4807 D Sentry  : io.sentry.dsn read: https://a05971729ee64af4bf5c2d85da5ad79c@o4459.ingest.sentry.io/5998640
01-13 10:16:43.186  4807  4807 D Sentry  : io.sentry.ndk.enable read: true
01-13 10:16:43.186  4807  4807 D Sentry  : io.sentry.ndk.scope-sync.enable read: false
01-13 10:16:43.186  4807  4807 D Sentry  : io.sentry.release read: null
01-13 10:16:43.186  4807  4807 D Sentry  : io.sentry.environment read: null
01-13 10:16:43.186  4807  4807 D Sentry  : io.sentry.session-tracking.timeout-interval-millis read: 30000
01-13 10:16:43.186  4807  4807 D Sentry  : io.sentry.breadcrumbs.activity-lifecycle read: true
01-13 10:16:43.186  4807  4807 D Sentry  : io.sentry.breadcrumbs.app-lifecycle read: true
01-13 10:16:43.187  4807  4807 D Sentry  : io.sentry.breadcrumbs.system-events read: true
01-13 10:16:43.187  4807  4807 D Sentry  : io.sentry.breadcrumbs.app-components read: true
01-13 10:16:43.187  4807  4807 D Sentry  : io.sentry.uncaught-exception-handler.enable read: true
01-13 10:16:43.187  4807  4807 D Sentry  : io.sentry.attach-threads read: false
01-13 10:16:43.187  4807  4807 D Sentry  : io.sentry.traces.sample-rate read: -1.0
01-13 10:16:43.187  4807  4807 D Sentry  : io.sentry.traces.trace-sampling read: false
01-13 10:16:43.187  4807  4807 D Sentry  : io.sentry.traces.activity.enable read: true
01-13 10:16:43.187  4807  4807 D Sentry  : io.sentry.traces.activity.auto-finish.enable read: true
01-13 10:16:43.187  4807  4807 D Sentry  : io.sentry.traces.tracing-origins read: null
01-13 10:16:43.187  4807  4807 D Sentry  : io.sentry.proguard-uuid read: null
01-13 10:16:43.187  4807  4807 I Sentry  : Retrieving configuration from AndroidManifest.xml
01-13 10:16:43.201  4807  4807 I Sentry  : sentry-debug-meta.properties file was not found.
01-13 10:16:43.207  4807  4807 I Sentry  : Initializing SDK with DSN: 'https://a05971729ee64af4bf5c2d85da5ad79c@o4459.ingest.sentry.io/5998640'
01-13 10:16:43.209  4807  4858 D Sentry  : SU isn't found on this Device.
01-13 10:16:43.210  4807  4807 I Sentry  : GlobalHubMode: 'true'
01-13 10:16:43.208  4807  4807 W pool-8-thread-1: type=1400 audit(0.0:221): avc: denied { read } for name="version" dev="proc" ino=4026532035 scontext=u:r:untrusted_app:s0:c159,c256,c512,c768 tcontext=u:object_r:proc_version:s0 tclass=file permissive=0 app=com.buzzvil.buzzad.benefit.sample_bab
01-13 10:16:43.233  4807  4807 D Sentry  : UncaughtExceptionHandlerIntegration enabled: true
01-13 10:16:43.233  4807  4807 D Sentry  : default UncaughtExceptionHandler class='com.android.internal.os.RuntimeInit$KillApplicationHandler'
01-13 10:16:43.233  4807  4807 D Sentry  : UncaughtExceptionHandlerIntegration installed.
01-13 10:16:43.234  4807  4807 D Sentry  : ShutdownHookIntegration installed.
01-13 10:16:43.275  4807  4807 D Sentry  : SendCachedEventFireAndForgetIntegration installed.
01-13 10:16:43.275  4807  4807 D Sentry  : NdkIntegration enabled: true
01-13 10:16:43.276  4807  4860 D Sentry  : Started processing cached files from /data/user/0/com.buzzvil.buzzad.benefit.sample_bab/cache/sentry
01-13 10:16:43.276  4807  4860 D Sentry  : Processing dir. /data/user/0/com.buzzvil.buzzad.benefit.sample_bab/cache/sentry
01-13 10:16:43.277  4807  4807 I sentry-native: using database path "/data/data/com.buzzvil.buzzad.benefit.sample_bab/cache/sentry/.sentry-native"
01-13 10:16:43.280  4807  4860 D Sentry  : Processing 2 items from cache dir /data/user/0/com.buzzvil.buzzad.benefit.sample_bab/cache/sentry
01-13 10:16:43.281  4807  4807 D sentry-native: starting backend
01-13 10:16:43.283  4807  4860 D Sentry  : File /data/user/0/com.buzzvil.buzzad.benefit.sample_bab/cache/sentry/outbox is not a File.
01-13 10:16:43.283  4807  4860 D Sentry  : File /data/user/0/com.buzzvil.buzzad.benefit.sample_bab/cache/sentry/.sentry-native is not a File.
01-13 10:16:43.285  4807  4860 D Sentry  : Processing file: /data/user/0/com.buzzvil.buzzad.benefit.sample_bab/cache/sentry/last_crash
01-13 10:16:43.287  4807  4860 D Sentry  : File '/data/user/0/com.buzzvil.buzzad.benefit.sample_bab/cache/sentry/last_crash' doesn't match extension expected.
01-13 10:16:43.289  4807  4860 D Sentry  : Processing file: /data/user/0/com.buzzvil.buzzad.benefit.sample_bab/cache/sentry/61238907-1730-4d0e-a946-2b3b670ff682.envelope
01-13 10:16:43.290  4807  4807 D Sentry  : NdkIntegration installed.
01-13 10:16:43.290  4807  4807 D Sentry  : Registering EnvelopeFileObserverIntegration for path: /data/user/0/com.buzzvil.buzzad.benefit.sample_bab/cache/sentry/outbox
01-13 10:16:43.293  4807  4807 D Sentry  : EnvelopeFileObserverIntegration installed.
01-13 10:16:43.293  4807  4807 D Sentry  : SendCachedEventFireAndForgetIntegration installed.
01-13 10:16:43.293  4807  4807 D Sentry  : AnrIntegration enabled: true
01-13 10:16:43.293  4807  4807 D Sentry  : ANR timeout in milliseconds: 5000
01-13 10:16:43.295  4807  4807 D Sentry  : AnrIntegration installed.
01-13 10:16:43.296  4807  4807 D Sentry  : enableSessionTracking enabled: true
01-13 10:16:43.296  4807  4807 D Sentry  : enableAppLifecycleBreadcrumbs enabled: true
01-13 10:16:43.300  4807  4807 D Sentry  : AppLifecycleIntegration installed.
01-13 10:16:43.300  4807  4807 D Sentry  : ActivityLifecycleIntegration enabled: true
01-13 10:16:43.300  4807  4807 D Sentry  : ActivityLifecycleIntegration installed.
01-13 10:16:43.300  4807  4807 D Sentry  : AppComponentsBreadcrumbsIntegration enabled: true
01-13 10:16:43.300  4807  4807 D Sentry  : AppComponentsBreadcrumbsIntegration installed.
01-13 10:16:43.301  4807  4807 D Sentry  : SystemEventsBreadcrumbsIntegration enabled: true
01-13 10:16:43.303  4807  4807 D Sentry  : SystemEventsBreadcrumbsIntegration installed.
01-13 10:16:43.304  4807  4807 D Sentry  : enableSystemEventsBreadcrumbs enabled: true
01-13 10:16:43.306  4807  4860 D Sentry  : Captured Envelope is already cached
01-13 10:16:43.307   562   661 W ServiceManager: Permission failure: android.permission.HIGH_SAMPLING_RATE_SENSORS from uid=10159 pid=4807
01-13 10:16:43.320   562  2333 W ServiceManager: Permission failure: android.permission.HIGH_SAMPLING_RATE_SENSORS from uid=10159 pid=4807
01-13 10:16:43.323  4807  4807 D Sentry  : TempSensorBreadcrumbsIntegration installed.
01-13 10:16:43.324  4807  4807 D Sentry  : enableSystemEventBreadcrumbs enabled: true
01-13 10:16:43.427  4807  4864 D Sentry  : Envelope sent successfully.
01-13 10:16:43.430  4807  4864 D Sentry  : Envelope flushed
01-13 10:16:43.430  4807  4864 D Sentry  : Marking envelope submission result: true
01-13 10:16:43.431  4807  4860 D Sentry  : Deleted file /data/user/0/com.buzzvil.buzzad.benefit.sample_bab/cache/sentry/61238907-1730-4d0e-a946-2b3b670ff682.envelope.
01-13 10:16:43.431  4807  4860 D Sentry  : Processing file: /data/user/0/com.buzzvil.buzzad.benefit.sample_bab/cache/sentry/1ca4c9efe497469eac1ff76e7330924e.envelope
01-13 10:16:43.432  4807  4860 D Sentry  : Captured Envelope is already cached
01-13 10:16:43.474  4807  4807 W efit.sample_ba: Accessing hidden method Ldalvik/system/CloseGuard;->get()Ldalvik/system/CloseGuard; (unsupported,core-platform-api, reflection, allowed)
01-13 10:16:43.474  4807  4807 W efit.sample_ba: Accessing hidden method Ldalvik/system/CloseGuard;->open(Ljava/lang/String;)V (unsupported,core-platform-api, reflection, allowed)
01-13 10:16:43.474  4807  4807 W efit.sample_ba: Accessing hidden method Ldalvik/system/CloseGuard;->warnIfOpen()V (unsupported,core-platform-api, reflection, allowed)
01-13 10:16:43.527  4807  4864 D Sentry  : Envelope sent successfully.
01-13 10:16:43.530  4807  4864 D Sentry  : Envelope flushed
01-13 10:16:43.530  4807  4864 D Sentry  : Marking envelope submission result: true
01-13 10:16:43.530  4807  4860 D Sentry  : Deleted file /data/user/0/com.buzzvil.buzzad.benefit.sample_bab/cache/sentry/1ca4c9efe497469eac1ff76e7330924e.envelope.
01-13 10:16:43.531  4807  4860 D Sentry  : Finished processing cached files from /data/user/0/com.buzzvil.buzzad.benefit.sample_bab/cache/sentry
01-13 10:16:43.532  4807  4860 D Sentry  : Started processing cached files from /data/user/0/com.buzzvil.buzzad.benefit.sample_bab/cache/sentry/outbox
01-13 10:16:43.532  4807  4860 D Sentry  : Processing dir. /data/user/0/com.buzzvil.buzzad.benefit.sample_bab/cache/sentry/outbox
01-13 10:16:43.533  4807  4860 D Sentry  : Processing 0 items from cache dir /data/user/0/com.buzzvil.buzzad.benefit.sample_bab/cache/sentry/outbox
01-13 10:16:43.533  4807  4860 D Sentry  : Finished processing cached files from /data/user/0/com.buzzvil.buzzad.benefit.sample_bab/cache/sentry/outbox
01-13 10:16:43.692  4807  4807 D BZ PopSessionReadyReceiver: Session is Ready. initPopRemoteConfig.
01-13 10:16:43.695  4807  4807 D BZ PopSessionReadyReceiver: initPopRemoteConfig: session is ready. Updating popRemoteConfig requested.
01-13 10:16:43.708  4807  4892 W DynamiteModule: Local module descriptor class for com.google.android.gms.providerinstaller.dynamite not found.
01-13 10:16:43.717  4807  4892 I DynamiteModule: Considering local module com.google.android.gms.providerinstaller.dynamite:0 and remote module com.google.android.gms.providerinstaller.dynamite:0
01-13 10:16:43.717  4807  4892 W ProviderInstaller: Failed to load providerinstaller module: No acceptable module found. Local version is 0 and remote version is 0.
01-13 10:16:43.760  4807  4892 W efit.sample_ba: Loading /data/app/~~2FzUyMmo2_6BN8CDOKbXYg==/com.google.android.gms-mpHuDDKDx_siWFd-22Fy5Q==/oat/x86_64/base.odexnon-executable as it requires an image which we failed to load
01-13 10:16:43.784  4807  4892 V NativeCrypto: Registering com/google/android/gms/org/conscrypt/NativeCrypto's 294 native methods...
01-13 10:16:43.800  4807  4892 W efit.sample_ba: Accessing hidden method Ljava/security/spec/ECParameterSpec;->getCurveName()Ljava/lang/String; (unsupported, reflection, allowed)
01-13 10:16:43.806  4807  4807 I BZ RemoteConfig: update remote config successfully
01-13 10:16:43.812  4807  4807 I BZ RemoteConfig: update remote config successfully
