01-13 10:16:43.819  4807  4892 I ProviderInstaller: Installed default security provider GmsCore_OpenSSL
01-13 10:16:43.887   743   949 D EGL_emulation: app_time_stats: avg=198.76ms min=2.93ms max=3502.89ms count=19
01-13 10:16:43.925  4807  4895 D OkHttp  : --> GET https://screen.buzzvil.com/api/units/444437953344574
01-13 10:16:43.925  4807  4895 D OkHttp  : --> END GET
01-13 10:16:43.994  4807  4807 I BZ RemoteConfig: update remote config successfully
01-13 10:16:43.994  4807  4807 D BZ FeedRemoteConfigRepositoryImpl: load()
01-13 10:16:44.002  4807  4899 I BZ RemoteConfig: update remote config successfully
01-13 10:16:44.007  4807  4807 I BZ RemoteConfig: update remote config successfully
01-13 10:16:44.007  4807  4807 D BZ FeedRemoteConfigRepositoryImpl: load()
01-13 10:16:44.009  4807  4899 I BZ RemoteConfig: update remote config successfully
01-13 10:16:44.026  4807  4807 D BZ RestartServiceUseCase: startPopControlServiceIfNeeded isPopControlServiceRunning = true
01-13 10:16:44.027  4807  4807 D BZ BuzzRoulette: Roulette initialize.
01-13 10:16:44.052  4807  4899 D OkHttp  : --> GET https://screen.buzzvil.com/api/externals/avatye/external_profile?unit_id=213865591634697
01-13 10:16:44.052  4807  4899 D OkHttp  : --> END GET
01-13 10:16:44.053  4807  4807 D CompatibilityChangeReporter: Compat change id reported: 147798919; UID 10159; state: ENABLED
01-13 10:16:44.082  4807  4906 D libEGL  : loaded /vendor/lib64/egl/libEGL_emulation.so
01-13 10:16:44.088  4807  4906 D libEGL  : loaded /vendor/lib64/egl/libGLESv1_CM_emulation.so
01-13 10:16:44.093  4807  4906 D libEGL  : loaded /vendor/lib64/egl/libGLESv2_emulation.so
01-13 10:16:44.122   562   805 W InputManager-JNI: Input channel object 'bbee7d3 Toast (client)' was disposed without first being removed with the input manager!
01-13 10:16:44.125   562   805 W NotificationService: Toast already killed. pkg=com.buzzvil.buzzad.benefit.sample_bab token=android.os.BinderProxy@b4a1383
01-13 10:16:44.130   743   743 W ToastPresenter: Error calling back com.buzzvil.buzzad.benefit.sample_bab to notify onToastHide()
01-13 10:16:44.130   743   743 W ToastPresenter: android.os.DeadObjectException
01-13 10:16:44.130   743   743 W ToastPresenter: 	at android.os.BinderProxy.transactNative(Native Method)
01-13 10:16:44.130   743   743 W ToastPresenter: 	at android.os.BinderProxy.transact(BinderProxy.java:571)
01-13 10:16:44.130   743   743 W ToastPresenter: 	at android.app.ITransientNotificationCallback$Stub$Proxy.onToastHidden(ITransientNotificationCallback.java:145)
01-13 10:16:44.130   743   743 W ToastPresenter: 	at android.widget.ToastPresenter.hide(ToastPresenter.java:262)
01-13 10:16:44.130   743   743 W ToastPresenter: 	at com.android.systemui.toast.ToastUI$ToastOutAnimatorListener.onAnimationEnd(ToastUI.java:216)
01-13 10:16:44.130   743   743 W ToastPresenter: 	at android.animation.Animator$AnimatorListener.onAnimationEnd(Animator.java:555)
01-13 10:16:44.130   743   743 W ToastPresenter: 	at android.animation.AnimatorSet.endAnimation(AnimatorSet.java:1301)
01-13 10:16:44.130   743   743 W ToastPresenter: 	at android.animation.AnimatorSet.doAnimationFrame(AnimatorSet.java:1086)
01-13 10:16:44.130   743   743 W ToastPresenter: 	at android.animation.AnimationHandler.doAnimationFrame(AnimationHandler.java:146)
01-13 10:16:44.130   743   743 W ToastPresenter: 	at android.animation.AnimationHandler.access$100(AnimationHandler.java:37)
01-13 10:16:44.130   743   743 W ToastPresenter: 	at android.animation.AnimationHandler$1.doFrame(AnimationHandler.java:54)
01-13 10:16:44.130   743   743 W ToastPresenter: 	at android.view.Choreographer$CallbackRecord.run(Choreographer.java:1035)
01-13 10:16:44.130   743   743 W ToastPresenter: 	at android.view.Choreographer.doCallbacks(Choreographer.java:845)
01-13 10:16:44.130   743   743 W ToastPresenter: 	at android.view.Choreographer.doFrame(Choreographer.java:775)
01-13 10:16:44.130   743   743 W ToastPresenter: 	at android.view.Choreographer$FrameDisplayEventReceiver.run(Choreographer.java:1022)
01-13 10:16:44.130   743   743 W ToastPresenter: 	at android.os.Handler.handleCallback(Handler.java:938)
01-13 10:16:44.130   743   743 W ToastPresenter: 	at android.os.Handler.dispatchMessage(Handler.java:99)
01-13 10:16:44.130   743   743 W ToastPresenter: 	at android.os.Looper.loopOnce(Looper.java:201)
01-13 10:16:44.130   743   743 W ToastPresenter: 	at android.os.Looper.loop(Looper.java:288)
01-13 10:16:44.130   743   743 W ToastPresenter: 	at android.app.ActivityThread.main(ActivityThread.java:7839)
01-13 10:16:44.130   743   743 W ToastPresenter: 	at java.lang.reflect.Method.invoke(Native Method)
01-13 10:16:44.130   743   743 W ToastPresenter: 	at com.android.internal.os.RuntimeInit$MethodAndArgsCaller.run(RuntimeInit.java:548)
01-13 10:16:44.130   743   743 W ToastPresenter: 	at com.android.internal.os.ZygoteInit.main(ZygoteInit.java:1003)
01-13 10:16:44.150   355   355 D goldfish-address-space: claimShared: Ask to claim region [0x3f3b55000 0x3f3c4f000]
01-13 10:16:44.154   355   355 D goldfish-address-space: claimShared: Ask to claim region [0x3f3c4f000 0x3f3d49000]
01-13 10:16:44.155   355   355 D goldfish-address-space: claimShared: Ask to claim region [0x3f3d49000 0x3f3e43000]
01-13 10:16:44.197  4807  4895 D OkHttp  : <-- 200 OK https://screen.buzzvil.com/api/units/444437953344574 (271ms)
01-13 10:16:44.197  4807  4895 D OkHttp  : access-control-allow-origin: *
01-13 10:16:44.197  4807  4895 D OkHttp  : content-type: application/json; charset=UTF-8
01-13 10:16:44.198  4807  4895 D OkHttp  : date: Thu, 13 Jan 2022 10:23:57 GMT
01-13 10:16:44.202  4807  4895 D OkHttp  : server: istio-envoy
01-13 10:16:44.202  4807  4895 D OkHttp  : vary: Origin, Accept-Encoding
01-13 10:16:44.202  4807  4895 D OkHttp  : x-envoy-upstream-service-time: 6
01-13 10:16:44.202  4807  4895 D OkHttp  : Connection: keep-alive
01-13 10:16:44.205  4807  4820 W System  : A resource failed to call close. 
01-13 10:16:44.207  4807  4895 D OkHttp  : {"id":444437953344574,"type":"benefit-pop","settings":{"base_hour_limit":1,"base_init_period":60,"base_reward":1,"feed_ratio":{"ad":2,"content":1},"first_screen_ratio":{"ad":9,"content":1},"hour_limit":12,"pager_ratio":{"ad":3,"content":1},"page_limit":20}}
01-13 10:16:44.207  4807  4895 D OkHttp  : <-- END HTTP (258-byte body)
01-13 10:16:44.264  4807  4899 D OkHttp  : <-- 200 OK https://screen.buzzvil.com/api/externals/avatye/external_profile?unit_id=213865591634697 (212ms)
01-13 10:16:44.265  4807  4899 D OkHttp  : access-control-allow-origin: *
01-13 10:16:44.265  4807  4899 D OkHttp  : content-type: application/json; charset=UTF-8
01-13 10:16:44.265  4807  4899 D OkHttp  : date: Thu, 13 Jan 2022 10:23:57 GMT
01-13 10:16:44.265  4807  4899 D OkHttp  : server: istio-envoy
01-13 10:16:44.265  4807  4899 D OkHttp  : vary: Origin, Accept-Encoding
01-13 10:16:44.265  4807  4899 D OkHttp  : x-envoy-upstream-service-time: 8
01-13 10:16:44.265  4807  4899 D OkHttp  : Connection: keep-alive
01-13 10:16:44.268  4807  4899 D OkHttp  : {"external_id":"YVr-tLddgonuz83Xg_fVRg==","app_key":"100000043","extra":{"unit_id":213865591634697}}
01-13 10:16:44.268  4807  4899 D OkHttp  : <-- END HTTP (101-byte body)
01-13 10:16:44.314  4807  4807 W efit.sample_ba: Accessing hidden method Landroid/view/View;->computeFitSystemWindows(Landroid/graphics/Rect;Landroid/graphics/Rect;)Z (unsupported, reflection, allowed)
01-13 10:16:44.315  4807  4807 W efit.sample_ba: Accessing hidden method Landroid/view/ViewGroup;->makeOptionalFitsSystemWindows()V (unsupported, reflection, allowed)
01-13 10:16:44.337  4807  4807 D CompatibilityChangeReporter: Compat change id reported: 171228096; UID 10159; state: ENABLED
01-13 10:16:44.620  4807  4864 D Sentry  : Serializing object: {"sid":"1eca23e6-ba37-48ca-a4a8-f9944ca2c1c8","did":"c604549f-a992-4f1b-b5e9-3cd0898652dc","init":true,"started":"2022-01-13T01:16:44.613Z","status":"ok","timestamp":"2022-01-13T01:16:44.613Z","attrs":{"release":"com.buzzvil.buzzad.benefit.sample_bab@3.2.0-rc.1+40301"}}
01-13 10:16:44.625  4807  4864 D Sentry  : Serializing object: {"sid":"1eca23e6-ba37-48ca-a4a8-f9944ca2c1c8","did":"c604549f-a992-4f1b-b5e9-3cd0898652dc","init":true,"started":"2022-01-13T01:16:44.613Z","status":"ok","timestamp":"2022-01-13T01:16:44.613Z","attrs":{"release":"com.buzzvil.buzzad.benefit.sample_bab@3.2.0-rc.1+40301"}}
01-13 10:16:44.627  4807  4864 I Sentry  : Crash marker file exists, crashedLastRun will return true.
01-13 10:16:44.628  4807  4807 D BZ LaunchActivityLifecycleObserver: BuzzAdPush onActivityResumed. ComponentInfo{com.buzzvil.buzzad.benefit.sample_bab/com.buzzvil.buzzad.benefit.sample.MainActivity} 89382311
01-13 10:16:44.628  4807  4864 D Sentry  : Adding Envelope to offline storage: /data/user/0/com.buzzvil.buzzad.benefit.sample_bab/cache/sentry/af30203d-c85c-430f-875c-1041744ae7d2.envelope
01-13 10:16:44.642  4807  4864 W efit.sample_ba: Accessing hidden field Ljava/net/Socket;->impl:Ljava/net/SocketImpl; (unsupported, reflection, allowed)
01-13 10:16:44.649  4807  4807 W efit.sample_ba: Accessing hidden field Lcom/android/internal/policy/DecorView;->mWindow:Lcom/android/internal/policy/PhoneWindow; (unsupported, reflection, allowed)
01-13 10:16:44.667  4807  4807 D BZ PopControlService: onCreate
01-13 10:16:44.668  4807  4807 D BZ RestartScheduler: start() called
01-13 10:16:44.685  4807  4807 D BZ PopControlService: onStartCommand() flags = 0, startId = 2
01-13 10:16:44.695  4807  4807 D BZ PopControlService: buildHoverView()
01-13 10:16:44.700   743   743 D InterruptionStateProvider: No bubble up: not allowed to bubble: 0|com.buzzvil.buzzad.benefit.sample_bab|1000|null|10159
01-13 10:16:44.701   743   743 D InterruptionStateProvider: No heads up: unimportant notification: 0|com.buzzvil.buzzad.benefit.sample_bab|1000|null|10159
01-13 10:16:44.703  4807  4807 D BZ HoverView: createForWindow(context: Context, windowViewController: WindowViewController, sidePosition: SideDock.SidePosition)
01-13 10:16:44.704  4807  4864 D Sentry  : Envelope sent successfully.
01-13 10:16:44.705   743   964 D PeopleSpaceWidgetMgr: Sbn doesn't contain valid PeopleTileKey: null/0/com.buzzvil.buzzad.benefit.sample_bab
01-13 10:16:44.707  4807  4864 D Sentry  : Discarding envelope from cache: /data/user/0/com.buzzvil.buzzad.benefit.sample_bab/cache/sentry/af30203d-c85c-430f-875c-1041744ae7d2.envelope
01-13 10:16:44.707  4807  4864 D Sentry  : Envelope flushed
01-13 10:16:44.718  4807  4807 D BZ PopHoverViewController: PopHoverViewController()
01-13 10:16:44.719  4807  4807 D BZ PopHoverViewController: init()
01-13 10:16:44.722   743   949 D EGL_emulation: app_time_stats: avg=92.31ms min=2.52ms max=2037.68ms count=26
01-13 10:16:44.727  4807  4807 D BZ PopHoverViewController: buildHoverView()
01-13 10:16:44.728  4807  4807 D BZ HoverView: addOnStateChangeListener
01-13 10:16:44.728  4807  4807 D BZ HoverView: addOnFloatingTabInteractionListener
01-13 10:16:44.728  4807  4807 D BZ HoverView: setTabMessageViewInteractionListener
01-13 10:16:44.734  4807  4807 W BZ PopControlService: onStartCommand() Service restarted without intent. unable to showPop
01-13 10:16:44.746  4807  4807 D BZ BuzzRoulette: Roulette setProfile
01-13 10:16:44.877  4807  4904 D HostConnection: createUnique: call
01-13 10:16:44.878  4807  4904 D HostConnection: HostConnection::get() New Host Connection established 0x77a51cda0890, tid 4904
01-13 10:16:44.886  4807  4904 D HostConnection: HostComposition ext ANDROID_EMU_CHECKSUM_HELPER_v1 ANDROID_EMU_native_sync_v2 ANDROID_EMU_native_sync_v3 ANDROID_EMU_native_sync_v4 ANDROID_EMU_dma_v1 ANDROID_EMU_direct_mem ANDROID_EMU_host_composition_v1 ANDROID_EMU_host_composition_v2 ANDROID_EMU_YUV_Cache ANDROID_EMU_has_shared_slots_host_memory_allocator ANDROID_EMU_sync_buffer_data ANDROID_EMU_read_color_buffer_dma GL_OES_EGL_image_external_essl3 GL_OES_vertex_array_object GL_KHR_texture_compression_astc_ldr ANDROID_EMU_host_side_tracing ANDROID_EMU_gles_max_version_3_0 
01-13 10:16:44.889   194   194 I hwservicemanager: getTransport: Cannot find entry android.hardware.configstore@1.0::ISurfaceFlingerConfigs/default in either framework or device VINTF manifest.
01-13 10:16:44.890  4807  4904 W OpenGLRenderer: Failed to choose config with EGL_SWAP_BEHAVIOR_PRESERVED, retrying without...
01-13 10:16:44.890  4807  4904 W OpenGLRenderer: Failed to initialize 101010-2 format, error = EGL_SUCCESS
01-13 10:16:44.892  4807  4904 D EGL_emulation: eglCreateContext: 0x77a51cda1250: maj 3 min 0 rcv 3
01-13 10:16:44.894  4807  4904 D EGL_emulation: eglMakeCurrent: 0x77a51cda1250: ver 3 0 (tinfo 0x77a738e22080) (first time)
01-13 10:16:44.901   422   541 E HWComposer: getSupportedContentTypes: getSupportedContentTypes failed for display 4619827259835644672: Unsupported (8)
01-13 10:16:44.903   194   194 I hwservicemanager: getTransport: Cannot find entry android.hardware.graphics.mapper@4.0::IMapper/default in either framework or device VINTF manifest.
01-13 10:16:44.903  4807  4904 I Gralloc4: mapper 4.x is not supported
01-13 10:16:44.906  4807  4904 D HostConnection: createUnique: call
01-13 10:16:44.907  4807  4904 D HostConnection: HostConnection::get() New Host Connection established 0x77a51cdb96d0, tid 4904
01-13 10:16:44.908  4807  4904 D goldfish-address-space: allocate: Ask for block of size 0x100
01-13 10:16:44.908  4807  4904 D goldfish-address-space: allocate: ioctl allocate returned offset 0x3efffe000 size 0x2000
01-13 10:16:44.910   194   194 I hwservicemanager: getTransport: Cannot find entry android.hardware.graphics.allocator@4.0::IAllocator/default in either framework or device VINTF manifest.
01-13 10:16:44.910  4807  4904 W Gralloc4: allocator 4.x is not supported
01-13 10:16:44.913   355   355 D goldfish-address-space: claimShared: Ask to claim region [0x3f219f000 0x3f2988000]
01-13 10:16:44.921  4807  4904 D HostConnection: HostComposition ext ANDROID_EMU_CHECKSUM_HELPER_v1 ANDROID_EMU_native_sync_v2 ANDROID_EMU_native_sync_v3 ANDROID_EMU_native_sync_v4 ANDROID_EMU_dma_v1 ANDROID_EMU_direct_mem ANDROID_EMU_host_composition_v1 ANDROID_EMU_host_composition_v2 ANDROID_EMU_YUV_Cache ANDROID_EMU_has_shared_slots_host_memory_allocator ANDROID_EMU_sync_buffer_data ANDROID_EMU_read_color_buffer_dma GL_OES_EGL_image_external_essl3 GL_OES_vertex_array_object GL_KHR_texture_compression_astc_ldr ANDROID_EMU_host_side_tracing ANDROID_EMU_gles_max_version_3_0 
01-13 10:16:44.925   355   355 D goldfish-address-space: claimShared: Ask to claim region [0x3f0000000 0x3f07e9000]
01-13 10:16:44.927   355   355 D goldfish-address-space: claimShared: Ask to claim region [0x3f07e9000 0x3f0fd2000]
01-13 10:16:44.949  4807  4853 D LeakCanary: LeakCanary is running and ready to detect memory leaks.
01-13 10:16:44.982  4807  4847 D LeakCanary: Setting up flushing for Thread[LeakCanary-Heap-Dump,5,main]
01-13 10:16:44.983  4807  4847 D LeakCanary: Setting up flushing for Thread[queued-work-looper,5,main]
01-13 10:16:44.985  4807  4847 D LeakCanary: Setting up flushing for Thread[FrameMetricsAggregator,5,main]
01-13 10:16:45.089   355   355 D goldfish-address-space: claimShared: Ask to claim region [0x3f47e9000 0x3f4fd2000]
01-13 10:16:45.158  1283  1283 I GoogleInputMethodService: GoogleInputMethodService.onFinishInput():3420 
01-13 10:16:45.158  1283  1283 I GoogleInputMethodService: GoogleInputMethodService.onStartInput():2002 
01-13 10:16:45.160  1283  1283 I DeviceUnlockedTag: DeviceUnlockedTag.notifyDeviceLockStatusChanged():31 Notify device unlocked.
01-13 10:16:45.233  5006  5666 I FontLog : Received query Noto Color Emoji Compat, URI content://com.google.android.gms.fonts [CONTEXT service_id=132 ]
01-13 10:16:45.237  5006  5666 I FontLog : Query [emojicompat-emoji-font] resolved to {Noto Color Emoji Compat, wdth 100.0, wght 400, ital 0.0, bestEffort false} [CONTEXT service_id=132 ]
01-13 10:16:45.240  5006  5666 I FontLog : Fetch {Noto Color Emoji Compat, wdth 100.0, wght 400, ital 0.0, bestEffort false} end status Status{statusCode=SUCCESS, resolution=null} [CONTEXT service_id=132 ]
01-13 10:16:45.256  5006  5024 I FontLog : Pulling font file for id = 98, cache size = 4 [CONTEXT service_id=132 ]
01-13 10:16:45.275  5006  5024 I FontLog : Pulling font file for id = 98, cache size = 4 [CONTEXT service_id=132 ]
01-13 10:16:45.295  4807  4899 D OkHttp  : --> POST https://auth.buzzvil.com/v1/auth
01-13 10:16:45.295  4807  4899 D OkHttp  : Content-Type: application/json
01-13 10:16:45.296  4807  4899 D OkHttp  : Content-Length: 104
01-13 10:16:45.296  4807  4899 D OkHttp  : {"app_id":"100000043","ifa":"5900db9a-cada-4c2c-b32b-cbadc64b1e8e","publisher_user_id":"SAMPLE_USER_ID"}
01-13 10:16:45.296  4807  4899 D OkHttp  : --> END POST (104-byte body)
01-13 10:16:45.358   562  2334 W InputManager-JNI: Input channel object 'ecd7046 Splash Screen com.buzzvil.buzzad.benefit.sample_bab (client)' was disposed without first being removed with the input manager!
01-13 10:16:45.531  4807  4899 D OkHttp  : <-- 200 OK https://auth.buzzvil.com/v1/auth (234ms)
01-13 10:16:45.532  4807  4899 D OkHttp  : content-type: application/json
01-13 10:16:45.532  4807  4899 D OkHttp  : date: Thu, 13 Jan 2022 10:23:59 GMT
01-13 10:16:45.536  4807  4899 D OkHttp  : grpc-metadata-content-type: application/grpc
01-13 10:16:45.537  4807  4899 D OkHttp  : server: istio-envoy
01-13 10:16:45.538  4807  4899 D OkHttp  : vary: Accept-Encoding
01-13 10:16:45.538  4807  4899 D OkHttp  : x-envoy-upstream-service-time: 9
01-13 10:16:45.538  4807  4899 D OkHttp  : Connection: keep-alive
01-13 10:16:45.540  4807  4899 D OkHttp  : {"token":"{\"protected\":\"eyJhbGciOiJBMTI4R0NNS1ciLCJlbmMiOiJBMTI4Q0JDLUhTMjU2IiwiaXYiOiI3dngzbGxMMEtaVGFFSTZ4IiwidGFnIjoiYTZuU055enhGS0d0RDNuUWE1TDVLdyJ9\",\"encrypted_key\":\"xmj3f39jsSwSeSWiakcbM7BOw45KpAGRbJyAvX4ziXk\",\"iv\":\"albDAy45HLhkgyIDLjFSWg\",\"ciphertext\":\"OFdMUlybgDfda2MfN5M3S-YqegN7BWTNMbLavPb3Zd1U2Z2mj9M9oIOoZRiYoUusYo6rZYyq_FyUylVA5pY8GSSfBGPC6B_xmCWzMqfvj1SBH9EQ9nFHCWTgnwTh4CJXPkdDgedBYQAbj3ufZLq8_vdGaIK5kzm4WxqHuJoppr_zy7DtML2ZyBayLObkkTVRVY0Q7R57qMCOchPKVr5cZaAlJ4X2D0JYZULvEu0w-xv2hPO63O_C6i-xFEI_QoPdpH3swQMEivWIczFgx4NMng\",\"tag\":\"uqpyOM7XObyhCSAxFIl_ww\"}"}
01-13 10:16:45.540  4807  4899 D OkHttp  : <-- END HTTP (593-byte body)
01-13 10:16:45.559   743   949 D EGL_emulation: app_time_stats: avg=547.89ms min=12.51ms max=3144.09ms count=6
01-13 10:16:45.560  4807  4899 D BZ BuzzAdBenefitRemoteConfig: remoteConfig.isInitialized: true
01-13 10:16:45.840  4807  4927 D BZ BuzzAdBenefitRemoteConfig: AppTracking is disabled
01-13 10:16:45.841  4807  4895 I BZ RemoteConfig: update remote config successfully
01-13 10:16:46.385  4807  4904 D EGL_emulation: app_time_stats: avg=164.60ms min=7.28ms max=963.35ms count=8
01-13 10:16:46.421   743   949 D EGL_emulation: app_time_stats: avg=107.69ms min=13.36ms max=1934.18ms count=21
01-13 10:16:46.653   562  2334 W InputManager-JNI: Input channel object '3e0e539 Toast (client)' was disposed without first being removed with the input manager!
01-13 10:16:46.658   562  2334 W NotificationService: Toast already killed. pkg=com.buzzvil.buzzad.benefit.sample_bab token=android.os.BinderProxy@288d51
01-13 10:16:50.415   562   591 I UsageStatsService: User[0] Flushing usage stats to disk
01-13 10:16:54.857   562   562 W WindowManager: removeWindowToken: Attempted to remove non-existing token: android.os.Binder@abbeca4
01-13 10:16:57.395   562   562 W WindowManager: removeWindowToken: Attempted to remove non-existing token: android.os.Binder@50a89a6
01-13 10:17:00.067   743   949 D EGL_emulation: app_time_stats: avg=1534.42ms min=15.44ms max=14379.09ms count=10
01-13 10:17:30.465   562   661 I ActivityManager: Force stopping com.buzzvil.buzzad.benefit.sample_bab appid=10159 user=0: from pid 4950
01-13 10:17:30.469   562   661 I ActivityManager: Killing 4807:com.buzzvil.buzzad.benefit.sample_bab/u0a159 (adj 0): stop com.buzzvil.buzzad.benefit.sample_bab due to from pid 4950
01-13 10:17:30.477   562   661 W ActivityTaskManager: Force removing ActivityRecord{86d74cf u0 com.buzzvil.buzzad.benefit.sample_bab/com.buzzvil.buzzad.benefit.sample.MainActivity t130 f}}: app died, no saved state
01-13 10:17:30.489   562   661 W InputManager-JNI: Input channel object 'fdea856 com.buzzvil.buzzad.benefit.sample_bab/com.buzzvil.buzzad.benefit.sample.MainActivity (client)' was disposed without first being removed with the input manager!
01-13 10:17:30.511   562   661 W InputReader: Device virtio_input_multi_touch_4 is associated with display ADISPLAY_ID_NONE.
01-13 10:17:30.511   562   661 W InputReader: Device virtio_input_multi_touch_10 is associated with display ADISPLAY_ID_NONE.
01-13 10:17:30.511   562   661 W InputReader: Device virtio_input_multi_touch_7 is associated with display ADISPLAY_ID_NONE.
01-13 10:17:30.511   562   661 W InputReader: Device virtio_input_multi_touch_11 is associated with display ADISPLAY_ID_NONE.
01-13 10:17:30.511   562   661 W InputReader: Device virtio_input_multi_touch_5 is associated with display ADISPLAY_ID_NONE.
01-13 10:17:30.511   562   661 W InputReader: Device virtio_input_multi_touch_8 is associated with display ADISPLAY_ID_NONE.
01-13 10:17:30.511   562   661 W InputReader: Device virtio_input_multi_touch_2 is associated with display ADISPLAY_ID_NONE.
01-13 10:17:30.511   562   661 W InputReader: Device virtio_input_multi_touch_3 is associated with display ADISPLAY_ID_NONE.
01-13 10:17:30.511   562   661 W InputReader: Device virtio_input_multi_touch_6 is associated with display ADISPLAY_ID_NONE.
01-13 10:17:30.511   562   661 W InputReader: Device virtio_input_multi_touch_9 is associated with display ADISPLAY_ID_NONE.
01-13 10:17:30.514   562   661 W InputReader: Device virtio_input_multi_touch_4 is associated with display ADISPLAY_ID_NONE.
01-13 10:17:30.515   562   661 W InputReader: Device virtio_input_multi_touch_10 is associated with display ADISPLAY_ID_NONE.
01-13 10:17:30.515   562   661 W InputReader: Device virtio_input_multi_touch_7 is associated with display ADISPLAY_ID_NONE.
01-13 10:17:30.516   562   661 W InputReader: Device virtio_input_multi_touch_11 is associated with display ADISPLAY_ID_NONE.
01-13 10:17:30.516   562   661 W InputReader: Device virtio_input_multi_touch_5 is associated with display ADISPLAY_ID_NONE.
01-13 10:17:30.516   562   661 W InputReader: Device virtio_input_multi_touch_8 is associated with display ADISPLAY_ID_NONE.
01-13 10:17:30.517   562   661 W InputReader: Device virtio_input_multi_touch_2 is associated with display ADISPLAY_ID_NONE.
01-13 10:17:30.517   562   661 W InputReader: Device virtio_input_multi_touch_3 is associated with display ADISPLAY_ID_NONE.
01-13 10:17:30.518   562   661 W InputReader: Device virtio_input_multi_touch_6 is associated with display ADISPLAY_ID_NONE.
01-13 10:17:30.518   562   594 I libprocessgroup: Successfully killed process cgroup uid 10159 pid 4807 in 46ms
01-13 10:17:30.519   562   661 W InputReader: Device virtio_input_multi_touch_9 is associated with display ADISPLAY_ID_NONE.
01-13 10:17:30.524   562   661 W ActivityTaskManager: Can't find TaskDisplayArea to determine support for multi window. Task id=130 attached=false
01-13 10:17:30.524   562   661 W ActivityTaskManager: Can't find TaskDisplayArea to determine support for multi window. Task id=130 attached=false
01-13 10:17:30.546 18512 18512 I A       : onApplyWindowInsets: systemWindowInsets=Insets{left=0, top=63, right=0, bottom=126}
01-13 10:17:30.547 18512 18512 I A       : onApplyWindowInsets: systemWindowInsets=Insets{left=0, top=63, right=0, bottom=126}
01-13 10:17:30.553   355   355 D goldfish-address-space: claimShared: Ask to claim region [0x3f19b6000 0x3f219f000]
01-13 10:17:30.572   355   355 D goldfish-address-space: claimShared: Ask to claim region [0x3f2b83000 0x3f336c000]
01-13 10:17:30.573   355   355 D goldfish-address-space: claimShared: Ask to claim region [0x3f336c000 0x3f3b55000]
01-13 10:17:30.582   889   889 D CarrierSvcBindHelper: No carrier app for: 0
01-13 10:17:30.600   562   805 W ActivityManager: Unable to start service Intent { act=android.service.smartspace.SmartspaceService cmp=com.google.android.as/com.google.android.apps.miphone.aiai.app.AiAiSmartspaceService } U=0: not found
01-13 10:17:30.600   743   964 D PeopleSpaceWidgetMgr: Sbn doesn't contain valid PeopleTileKey: null/0/com.buzzvil.buzzad.benefit.sample_bab
01-13 10:17:30.603   562   805 W RemoteSmartspaceService: could not bind to Intent { act=android.service.smartspace.SmartspaceService cmp=com.google.android.as/com.google.android.apps.miphone.aiai.app.AiAiSmartspaceService } using flags 67112961
01-13 10:17:30.606 18512 18724 I OpenGLRenderer: Davey! duration=1268326ms; Flags=1, FrameTimelineVsyncId=1330604, IntendedVsync=66068063839888, Vsync=66068063839888, InputEventId=0, HandleInputStart=66068069566710, AnimationStart=66068069595710, PerformTraversalsStart=66068069647710, DrawStart=66068133324710, FrameDeadline=66068097173220, FrameInterval=66068069534710, FrameStartTime=16666666, SyncQueued=66068146691710, SyncStart=66068147406710, IssueDrawCommandsStart=66068149745710, SwapBuffers=66068153850710, FrameCompleted=67336390924710, DequeueBufferDuration=177000, QueueBufferDuration=1860000, GpuCompleted=67336390924710, SwapBuffersCompleted=66068159662710, DisplayPresentTime=0, 
01-13 10:17:30.611   562   562 W ActivityManager: Unbind failed: could not find connection for android.app.LoadedApk$ServiceDispatcher$InnerConnection@1a5889f
01-13 10:17:30.627  1343  1343 I GsaVoiceInteractionSrv: Handling ACTION_START_HOTWORD
01-13 10:17:30.638  1343  1343 I GsaVoiceInteractionSrv: disregardVoiceMatch: false
01-13 10:17:30.638  1343  1343 I GsaVoiceInteractionSrv: Cannot start hotword, hotword has been explicitly disabled.
01-13 10:17:30.707   562   879 W ActivityManager: Unable to start service Intent { act=android.service.smartspace.SmartspaceService cmp=com.google.android.as/com.google.android.apps.miphone.aiai.app.AiAiSmartspaceService } U=0: not found
01-13 10:17:30.707   562   879 W RemoteSmartspaceService: could not bind to Intent { act=android.service.smartspace.SmartspaceService cmp=com.google.android.as/com.google.android.apps.miphone.aiai.app.AiAiSmartspaceService } using flags 67112961
01-13 10:17:30.709   562   562 W ActivityManager: Unbind failed: could not find connection for android.app.LoadedApk$ServiceDispatcher$InnerConnection@78ec5b5
01-13 10:17:30.716   355   355 D goldfish-address-space: claimShared: Ask to claim region [0x3f47e9000 0x3f4fd2000]
01-13 10:17:30.726   355   355 D goldfish-address-space: claimShared: Ask to claim region [0x3f4fd2000 0x3f57bb000]
01-13 10:17:30.729   355   391 D goldfish-address-space: claimShared: Ask to claim region [0x3f57bb000 0x3f5fa4000]
01-13 10:17:30.831   743   949 D EGL_emulation: app_time_stats: avg=30763.67ms min=30763.67ms max=30763.67ms count=1
01-13 10:17:30.924   743   949 D EGL_emulation: app_time_stats: avg=5040.46ms min=14.82ms max=45233.16ms count=9
01-13 10:17:30.955   562   805 W InputMethodManagerService: Got RemoteException sending setActive(false) notification to pid 4807 uid 10159
01-13 10:17:30.972  1283  1283 I GoogleInputMethodService: GoogleInputMethodService.onFinishInput():3420 
01-13 10:17:30.976  1283  1283 I GoogleInputMethodService: GoogleInputMethodService.onStartInput():2002 
01-13 10:17:30.977  1283  1283 I DeviceUnlockedTag: DeviceUnlockedTag.notifyDeviceLockStatusChanged():31 Notify device unlocked.
01-13 10:17:31.094   562   584 W ActivityManager: setHasOverlayUi called on unknown pid: 4807
01-13 10:17:31.101   562  2740 V ActivityManager: Got obituary of 4807:com.buzzvil.buzzad.benefit.sample_bab
01-13 10:17:31.102   422   422 E BpTransactionCompletedListener: Failed to transact (-32)
01-13 10:17:31.146   337   337 I Zygote  : Process 4807 exited due to signal 9 (Killed)
01-13 10:17:31.388 32179 32179 E studio.deploy: Could not remove file '/data/data/com.buzzvil.buzzad.benefit.sample_bab/code_cache/.ll/': No such file or directory
01-13 10:17:31.587   562  2333 I ActivityManager: Force stopping com.buzzvil.buzzad.benefit.sample_bab appid=10159 user=0: from pid 4962
01-13 10:17:31.631   889   889 D CarrierSvcBindHelper: No carrier app for: 0
01-13 10:17:31.698   562  2333 I ActivityTaskManager: START u0 {act=android.intent.action.MAIN cat=[android.intent.category.LAUNCHER] flg=0x10000000 cmp=com.buzzvil.buzzad.benefit.sample_bab/com.buzzvil.buzzad.benefit.sample.MainActivity} from uid 2000
01-13 10:17:31.701   562  2333 W ActivityTaskManager: Can't find TaskDisplayArea to determine support for multi window. Task id=131 attached=false
01-13 10:17:31.859   562   584 D CompatibilityChangeReporter: Compat change id reported: 135634846; UID 10159; state: DISABLED
01-13 10:17:31.868   562   593 D CompatibilityChangeReporter: Compat change id reported: 143937733; UID 10159; state: ENABLED
01-13 10:17:31.872   355   391 D goldfish-address-space: claimShared: Ask to claim region [0x3f219f000 0x3f2988000]
01-13 10:17:31.919   355   391 D goldfish-address-space: claimShared: Ask to claim region [0x3f0000000 0x3f07e9000]
01-13 10:17:31.925   355   391 D goldfish-address-space: claimShared: Ask to claim region [0x3f07e9000 0x3f0fd2000]
01-13 10:17:31.988   337   337 D Zygote  : Forked child process 4973
01-13 10:17:31.988   562   593 W ActivityManager: Slow operation: 129ms so far, now at startProcess: returned from zygote!
01-13 10:17:31.993   562   593 W ActivityManager: Slow operation: 134ms so far, now at startProcess: done updating battery stats
01-13 10:17:31.995   562   593 W ActivityManager: Slow operation: 136ms so far, now at startProcess: building log message
01-13 10:17:31.996   562   593 I ActivityManager: Start proc 4973:com.buzzvil.buzzad.benefit.sample_bab/u0a159 for pre-top-activity {com.buzzvil.buzzad.benefit.sample_bab/com.buzzvil.buzzad.benefit.sample.MainActivity}
01-13 10:17:31.996   562   593 W ActivityManager: Slow operation: 137ms so far, now at startProcess: starting to update pids map
01-13 10:17:31.997   562   593 W ActivityManager: Slow operation: 138ms so far, now at startProcess: done updating pids map
01-13 10:17:32.030  1343  1343 I GsaVoiceInteractionSrv: Handling ACTION_STOP_HOTWORD
01-13 10:17:32.032  1343  1343 E HwDetectorWithState: a: 3
01-13 10:17:32.074  1059  1424 D EGL_emulation: app_time_stats: avg=245.97ms min=19.21ms max=889.36ms count=5
01-13 10:17:32.093  4973  4973 I efit.sample_ba: Late-enabling -Xcheck:jni
01-13 10:17:32.181  4973  4973 W efit.sample_ba: Unexpected CPU variant for X86 using defaults: x86_64
01-13 10:17:32.226   429   481 I adbd    : jdwp connection from 4973
01-13 10:17:32.559   743   949 D EGL_emulation: app_time_stats: avg=544.68ms min=96.28ms max=1311.29ms count=3
01-13 10:17:32.653   562  2740 W ActivityManager: Slow operation: 117ms so far, now at attachApplicationLocked: immediately before bindApplication
01-13 10:17:32.654   562  2740 W ActivityManager: Slow operation: 118ms so far, now at attachApplicationLocked: immediately after bindApplication
01-13 10:17:32.654   562  2740 W ActivityManager: Slow operation: 118ms so far, now at attachApplicationLocked: after updateLruProcessLocked
01-13 10:17:32.655   562  2740 W InputReader: Device virtio_input_multi_touch_4 is associated with display ADISPLAY_ID_NONE.
01-13 10:17:32.656   562  2740 W InputReader: Device virtio_input_multi_touch_10 is associated with display ADISPLAY_ID_NONE.
01-13 10:17:32.656   562  2740 W InputReader: Device virtio_input_multi_touch_7 is associated with display ADISPLAY_ID_NONE.
01-13 10:17:32.656   562  2740 W InputReader: Device virtio_input_multi_touch_11 is associated with display ADISPLAY_ID_NONE.
01-13 10:17:32.656   562  2740 W InputReader: Device virtio_input_multi_touch_5 is associated with display ADISPLAY_ID_NONE.
01-13 10:17:32.656   562  2740 W InputReader: Device virtio_input_multi_touch_8 is associated with display ADISPLAY_ID_NONE.
01-13 10:17:32.656   562  2740 W InputReader: Device virtio_input_multi_touch_2 is associated with display ADISPLAY_ID_NONE.
01-13 10:17:32.656   562  2740 W InputReader: Device virtio_input_multi_touch_3 is associated with display ADISPLAY_ID_NONE.
01-13 10:17:32.656   562  2740 W InputReader: Device virtio_input_multi_touch_6 is associated with display ADISPLAY_ID_NONE.
01-13 10:17:32.656   562  2740 W InputReader: Device virtio_input_multi_touch_9 is associated with display ADISPLAY_ID_NONE.
01-13 10:17:32.656   562  2740 W InputReader: Device virtio_input_multi_touch_4 is associated with display ADISPLAY_ID_NONE.
01-13 10:17:32.656   562  2740 W InputReader: Device virtio_input_multi_touch_10 is associated with display ADISPLAY_ID_NONE.
01-13 10:17:32.656   562  2740 W InputReader: Device virtio_input_multi_touch_7 is associated with display ADISPLAY_ID_NONE.
01-13 10:17:32.656   562  2740 W InputReader: Device virtio_input_multi_touch_11 is associated with display ADISPLAY_ID_NONE.
01-13 10:17:32.656   562  2740 W InputReader: Device virtio_input_multi_touch_5 is associated with display ADISPLAY_ID_NONE.
01-13 10:17:32.656   562  2740 W InputReader: Device virtio_input_multi_touch_8 is associated with display ADISPLAY_ID_NONE.
01-13 10:17:32.656   562  2740 W InputReader: Device virtio_input_multi_touch_2 is associated with display ADISPLAY_ID_NONE.
01-13 10:17:32.656   562  2740 W InputReader: Device virtio_input_multi_touch_3 is associated with display ADISPLAY_ID_NONE.
01-13 10:17:32.656   562  2740 W InputReader: Device virtio_input_multi_touch_6 is associated with display ADISPLAY_ID_NONE.
01-13 10:17:32.656   562  2740 W InputReader: Device virtio_input_multi_touch_9 is associated with display ADISPLAY_ID_NONE.
01-13 10:17:32.667   562  2740 W ActivityManager: Slow operation: 131ms so far, now at attachApplicationLocked: after mServices.attachApplicationLocked
01-13 10:17:32.712 18512 18512 I A       : onApplyWindowInsets: systemWindowInsets=Insets{left=0, top=63, right=0, bottom=126}
01-13 10:17:32.741 18512 18512 I A       : onApplyWindowInsets: systemWindowInsets=Insets{left=0, top=63, right=0, bottom=126}
01-13 10:17:32.807   562  1789 W ActivityManager: Unable to start service Intent { act=android.service.smartspace.SmartspaceService cmp=com.google.android.as/com.google.android.apps.miphone.aiai.app.AiAiSmartspaceService } U=0: not found
01-13 10:17:32.824   562  1789 W RemoteSmartspaceService: could not bind to Intent { act=android.service.smartspace.SmartspaceService cmp=com.google.android.as/com.google.android.apps.miphone.aiai.app.AiAiSmartspaceService } using flags 67112961
01-13 10:17:32.837   562   562 W ActivityManager: Unbind failed: could not find connection for android.app.LoadedApk$ServiceDispatcher$InnerConnection@fc844e
01-13 10:17:32.824  4973  4973 W re-initialized>: type=1400 audit(0.0:222): avc: granted { execute } for path="/data/data/com.buzzvil.buzzad.benefit.sample_bab/code_cache/startup_agents/a67b7118-agent.so" dev="dm-5" ino=132920 scontext=u:r:untrusted_app:s0:c159,c256,c512,c768 tcontext=u:object_r:app_data_file:s0:c159,c256,c512,c768 tclass=file app=com.buzzvil.buzzad.benefit.sample_bab
01-13 10:17:32.988  4973  4973 V studio.deploy: Startup agent attached to VM
01-13 10:17:32.988  4973  4973 V studio.deploy: No existing instrumentation found. Loading instrumentation from instruments-3e620333.jar
01-13 10:17:32.994  4973  4973 W efit.sample_ba: DexFile /data/data/com.buzzvil.buzzad.benefit.sample_bab/code_cache/.studio/instruments-3e620333.jar is in boot class path but is not in a known location
01-13 10:17:33.017  4973  4973 V studio.deploy: Applying transforms with cached classes
01-13 10:17:33.147  4973  4973 W efit.sample_ba: Redefining intrinsic method java.lang.Thread java.lang.Thread.currentThread(). This may cause the unexpected use of the original definition of java.lang.Thread java.lang.Thread.currentThread()in methods that have already been compiled.
01-13 10:17:33.147  4973  4973 W efit.sample_ba: Redefining intrinsic method boolean java.lang.Thread.interrupted(). This may cause the unexpected use of the original definition of boolean java.lang.Thread.interrupted()in methods that have already been compiled.
01-13 10:17:33.163  4973  4973 D CompatibilityChangeReporter: Compat change id reported: 171979766; UID 10159; state: DISABLED
01-13 10:17:33.582   743   949 D EGL_emulation: app_time_stats: avg=26.54ms min=3.10ms max=168.73ms count=24
01-13 10:17:34.198  4973  4984 W System  : A resource failed to call close. 
01-13 10:17:34.455  4973  4973 V GraphicsEnvironment: ANGLE Developer option for 'com.buzzvil.buzzad.benefit.sample_bab' set to: 'default'
01-13 10:17:34.455  4973  4973 V GraphicsEnvironment: Neither updatable production driver nor prerelease driver is supported.
01-13 10:17:34.462  4973  4973 D NetworkSecurityConfig: No Network Security Config specified, using platform default
01-13 10:17:34.463  4973  4973 D NetworkSecurityConfig: No Network Security Config specified, using platform default
01-13 10:17:34.469  4973  4973 I MultiDex: VM with version 2.1.0 has multidex support
01-13 10:17:34.470  4973  4973 I MultiDex: Installing application
01-13 10:17:34.470  4973  4973 I MultiDex: VM has multidex support, MultiDex support library is disabled.
01-13 10:17:34.634  4973  4995 I efit.sample_ba: Waiting for a blocking GC ClassLinker
01-13 10:17:34.640  4973  4995 I efit.sample_ba: WaitForGcToComplete blocked ClassLinker on Background for 5.665ms
01-13 10:17:34.666  4973  4995 D FBAudienceNetwork: SDK dex loading time: 157
01-13 10:17:34.718  4973  4998 D CompatibilityChangeReporter: Compat change id reported: 160794467; UID 10159; state: DISABLED
01-13 10:17:34.765  4973  4973 W efit.sample_ba: Accessing hidden method Landroid/view/WindowManagerGlobal;->getInstance()Landroid/view/WindowManagerGlobal; (unsupported, reflection, allowed)
01-13 10:17:34.765  4973  4973 W efit.sample_ba: Accessing hidden field Landroid/view/WindowManagerGlobal;->mViews:Ljava/util/ArrayList; (unsupported, reflection, allowed)
01-13 10:17:34.766  4973  4973 W efit.sample_ba: Accessing hidden field Landroid/app/ActivityThread;->mH:Landroid/app/ActivityThread$H; (unsupported, reflection, allowed)
01-13 10:17:34.767  4973  4973 W efit.sample_ba: Accessing hidden method Landroid/app/ActivityThread;->currentActivityThread()Landroid/app/ActivityThread; (unsupported, reflection, allowed)
01-13 10:17:34.767  4973  4973 W efit.sample_ba: Accessing hidden field Landroid/os/Handler;->mCallback:Landroid/os/Handler$Callback; (unsupported, reflection, allowed)
01-13 10:17:34.771  4973  4973 W efit.sample_ba: Accessing hidden field Landroid/util/Singleton;->mInstance:Ljava/lang/Object; (unsupported, reflection, allowed)
01-13 10:17:34.771  4973  4973 W efit.sample_ba: Accessing hidden method Landroid/util/Singleton;->get()Ljava/lang/Object; (unsupported, reflection, allowed)
01-13 10:17:34.775  4973  4973 W efit.sample_ba: Accessing hidden field Landroid/app/ActivityManager;->IActivityManagerSingleton:Landroid/util/Singleton; (unsupported, reflection, allowed)
01-13 10:17:34.792  4973  4973 D Sentry  : io.sentry.auto-init read: true
01-13 10:17:34.792  4973  4973 I Sentry  : Retrieving auto-init from AndroidManifest.xml
01-13 10:17:34.874  4973  4973 D Sentry  : io.sentry.debug.level read: debug
01-13 10:17:34.874  4973  4973 D Sentry  : io.sentry.anr.enable read: true
01-13 10:17:34.874  4973  4973 D Sentry  : io.sentry.session-tracking.enable read: true
01-13 10:17:34.874  4973  4973 D Sentry  : io.sentry.auto-session-tracking.enable read: true
01-13 10:17:34.874  4973  4973 D Sentry  : io.sentry.sample-rate read: -1.0
01-13 10:17:34.874  4973  4973 D Sentry  : io.sentry.anr.report-debug read: false
01-13 10:17:34.874  4973  4973 D Sentry  : io.sentry.anr.timeout-interval-millis read: 5000
01-13 10:17:34.875  4973  4973 D Sentry  : io.sentry.dsn read: https://a05971729ee64af4bf5c2d85da5ad79c@o4459.ingest.sentry.io/5998640
01-13 10:17:34.876  4973  4973 D Sentry  : io.sentry.ndk.enable read: true
01-13 10:17:34.876  4973  4973 D Sentry  : io.sentry.ndk.scope-sync.enable read: false
01-13 10:17:34.876  4973  4973 D Sentry  : io.sentry.release read: null
01-13 10:17:34.876  4973  4973 D Sentry  : io.sentry.environment read: null
01-13 10:17:34.877  4973  4973 D Sentry  : io.sentry.session-tracking.timeout-interval-millis read: 30000
01-13 10:17:34.877  4973  4973 D Sentry  : io.sentry.breadcrumbs.activity-lifecycle read: true
01-13 10:17:34.877  4973  4973 D Sentry  : io.sentry.breadcrumbs.app-lifecycle read: true
01-13 10:17:34.877  4973  4973 D Sentry  : io.sentry.breadcrumbs.system-events read: true
01-13 10:17:34.877  4973  4973 D Sentry  : io.sentry.breadcrumbs.app-components read: true
01-13 10:17:34.878  4973  4973 D Sentry  : io.sentry.uncaught-exception-handler.enable read: true
01-13 10:17:34.878  4973  4973 D Sentry  : io.sentry.attach-threads read: false
01-13 10:17:34.878  4973  4973 D Sentry  : io.sentry.traces.sample-rate read: -1.0
01-13 10:17:34.878  4973  4973 D Sentry  : io.sentry.traces.trace-sampling read: false
01-13 10:17:34.878  4973  4973 D Sentry  : io.sentry.traces.activity.enable read: true
01-13 10:17:34.878  4973  4973 D Sentry  : io.sentry.traces.activity.auto-finish.enable read: true
01-13 10:17:34.878  4973  4973 D Sentry  : io.sentry.traces.tracing-origins read: null
01-13 10:17:34.879  4973  4973 D Sentry  : io.sentry.proguard-uuid read: null
01-13 10:17:34.879  4973  4973 I Sentry  : Retrieving configuration from AndroidManifest.xml
01-13 10:17:34.899  4973  4973 I Sentry  : sentry-debug-meta.properties file was not found.
01-13 10:17:34.907  4973  4973 I Sentry  : Initializing SDK with DSN: 'https://a05971729ee64af4bf5c2d85da5ad79c@o4459.ingest.sentry.io/5998640'
01-13 10:17:34.910  4973  5008 D Sentry  : SU isn't found on this Device.
01-13 10:17:34.912  4973  4973 I Sentry  : GlobalHubMode: 'true'
01-13 10:17:34.912  4973  4973 W pool-8-thread-1: type=1400 audit(0.0:223): avc: denied { read } for name="version" dev="proc" ino=4026532035 scontext=u:r:untrusted_app:s0:c159,c256,c512,c768 tcontext=u:object_r:proc_version:s0 tclass=file permissive=0 app=com.buzzvil.buzzad.benefit.sample_bab
01-13 10:17:34.937  4973  4973 D Sentry  : UncaughtExceptionHandlerIntegration enabled: true
01-13 10:17:34.937  4973  4973 D Sentry  : default UncaughtExceptionHandler class='com.android.internal.os.RuntimeInit$KillApplicationHandler'
01-13 10:17:34.937  4973  4973 D Sentry  : UncaughtExceptionHandlerIntegration installed.
01-13 10:17:34.937  4973  4973 D Sentry  : ShutdownHookIntegration installed.
01-13 10:17:34.939  4973  4973 D Sentry  : SendCachedEventFireAndForgetIntegration installed.
01-13 10:17:34.940  4973  4973 D Sentry  : NdkIntegration enabled: true
01-13 10:17:34.940  4973  5010 D Sentry  : Started processing cached files from /data/user/0/com.buzzvil.buzzad.benefit.sample_bab/cache/sentry
01-13 10:17:34.940  4973  5010 D Sentry  : Processing dir. /data/user/0/com.buzzvil.buzzad.benefit.sample_bab/cache/sentry
01-13 10:17:34.940  4973  4973 I sentry-native: using database path "/data/data/com.buzzvil.buzzad.benefit.sample_bab/cache/sentry/.sentry-native"
01-13 10:17:34.941  4973  5010 D Sentry  : Processing 0 items from cache dir /data/user/0/com.buzzvil.buzzad.benefit.sample_bab/cache/sentry
01-13 10:17:34.942  4973  5010 D Sentry  : File /data/user/0/com.buzzvil.buzzad.benefit.sample_bab/cache/sentry/outbox is not a File.
01-13 10:17:34.942  4973  5010 D Sentry  : File /data/user/0/com.buzzvil.buzzad.benefit.sample_bab/cache/sentry/.sentry-native is not a File.
01-13 10:17:34.942  4973  4973 D sentry-native: starting backend
01-13 10:17:34.942  4973  5010 D Sentry  : Processing file: /data/user/0/com.buzzvil.buzzad.benefit.sample_bab/cache/sentry/session.json
01-13 10:17:34.945  4973  5010 D Sentry  : File '/data/user/0/com.buzzvil.buzzad.benefit.sample_bab/cache/sentry/session.json' doesn't match extension expected.
01-13 10:17:34.945  4973  5010 D Sentry  : Finished processing cached files from /data/user/0/com.buzzvil.buzzad.benefit.sample_bab/cache/sentry
01-13 10:17:34.947  4973  4973 D Sentry  : NdkIntegration installed.
01-13 10:17:34.947  4973  4973 D Sentry  : Registering EnvelopeFileObserverIntegration for path: /data/user/0/com.buzzvil.buzzad.benefit.sample_bab/cache/sentry/outbox
01-13 10:17:34.949  4973  4973 D Sentry  : EnvelopeFileObserverIntegration installed.
01-13 10:17:34.950  4973  4973 D Sentry  : SendCachedEventFireAndForgetIntegration installed.
01-13 10:17:34.950  4973  4973 D Sentry  : AnrIntegration enabled: true
01-13 10:17:34.950  4973  5010 D Sentry  : Started processing cached files from /data/user/0/com.buzzvil.buzzad.benefit.sample_bab/cache/sentry/outbox
01-13 10:17:34.950  4973  5010 D Sentry  : Processing dir. /data/user/0/com.buzzvil.buzzad.benefit.sample_bab/cache/sentry/outbox
01-13 10:17:34.950  4973  4973 D Sentry  : ANR timeout in milliseconds: 5000
01-13 10:17:34.951  4973  5010 D Sentry  : Processing 0 items from cache dir /data/user/0/com.buzzvil.buzzad.benefit.sample_bab/cache/sentry/outbox
01-13 10:17:34.951  4973  5010 D Sentry  : Finished processing cached files from /data/user/0/com.buzzvil.buzzad.benefit.sample_bab/cache/sentry/outbox
01-13 10:17:34.952  4973  4973 D Sentry  : AnrIntegration installed.
01-13 10:17:34.952  4973  4973 D Sentry  : enableSessionTracking enabled: true
01-13 10:17:34.953  4973  4973 D Sentry  : enableAppLifecycleBreadcrumbs enabled: true
01-13 10:17:34.955  4973  4973 D Sentry  : AppLifecycleIntegration installed.
01-13 10:17:34.956  4973  4973 D Sentry  : ActivityLifecycleIntegration enabled: true
01-13 10:17:34.956  4973  4973 D Sentry  : ActivityLifecycleIntegration installed.
01-13 10:17:34.956  4973  4973 D Sentry  : AppComponentsBreadcrumbsIntegration enabled: true
01-13 10:17:34.956  4973  4973 D Sentry  : AppComponentsBreadcrumbsIntegration installed.
01-13 10:17:34.956  4973  4973 D Sentry  : SystemEventsBreadcrumbsIntegration enabled: true
01-13 10:17:34.958  4973  4973 D Sentry  : SystemEventsBreadcrumbsIntegration installed.
01-13 10:17:34.958  4973  4973 D Sentry  : enableSystemEventsBreadcrumbs enabled: true
01-13 10:17:34.961   562  2333 W ServiceManager: Permission failure: android.permission.HIGH_SAMPLING_RATE_SENSORS from uid=10159 pid=4973
01-13 10:17:34.971   562  2333 W ServiceManager: Permission failure: android.permission.HIGH_SAMPLING_RATE_SENSORS from uid=10159 pid=4973
01-13 10:17:34.976  4973  4973 D Sentry  : TempSensorBreadcrumbsIntegration installed.
01-13 10:17:34.977  4973  4973 D Sentry  : enableSystemEventBreadcrumbs enabled: true
01-13 10:17:35.124  4973  4973 W efit.sample_ba: Accessing hidden method Ldalvik/system/CloseGuard;->get()Ldalvik/system/CloseGuard; (unsupported,core-platform-api, reflection, allowed)
01-13 10:17:35.124  4973  4973 W efit.sample_ba: Accessing hidden method Ldalvik/system/CloseGuard;->open(Ljava/lang/String;)V (unsupported,core-platform-api, reflection, allowed)
01-13 10:17:35.124  4973  4973 W efit.sample_ba: Accessing hidden method Ldalvik/system/CloseGuard;->warnIfOpen()V (unsupported,core-platform-api, reflection, allowed)
01-13 10:17:35.369  4973  4973 D BZ PopSessionReadyReceiver: Session is Ready. initPopRemoteConfig.
01-13 10:17:35.372  4973  4973 D BZ PopSessionReadyReceiver: initPopRemoteConfig: session is ready. Updating popRemoteConfig requested.
01-13 10:17:35.391  4973  5045 W DynamiteModule: Local module descriptor class for com.google.android.gms.providerinstaller.dynamite not found.
01-13 10:17:35.413  4973  5045 I DynamiteModule: Considering local module com.google.android.gms.providerinstaller.dynamite:0 and remote module com.google.android.gms.providerinstaller.dynamite:0
01-13 10:17:35.416  4973  5045 W ProviderInstaller: Failed to load providerinstaller module: No acceptable module found. Local version is 0 and remote version is 0.
01-13 10:17:35.478  4973  5045 W efit.sample_ba: Loading /data/app/~~2FzUyMmo2_6BN8CDOKbXYg==/com.google.android.gms-mpHuDDKDx_siWFd-22Fy5Q==/oat/x86_64/base.odexnon-executable as it requires an image which we failed to load
01-13 10:17:35.500  4973  5045 V NativeCrypto: Registering com/google/android/gms/org/conscrypt/NativeCrypto's 294 native methods...
01-13 10:17:35.520  4973  5045 W efit.sample_ba: Accessing hidden method Ljava/security/spec/ECParameterSpec;->getCurveName()Ljava/lang/String; (unsupported, reflection, allowed)
01-13 10:17:35.532  4973  4973 I BZ RemoteConfig: update remote config successfully
01-13 10:17:35.544  4973  5045 I ProviderInstaller: Installed default security provider GmsCore_OpenSSL
01-13 10:17:35.636  4973  5050 W efit.sample_ba: Accessing hidden field Ljava/net/Socket;->impl:Ljava/net/SocketImpl; (unsupported, reflection, allowed)
01-13 10:17:35.647  4973  5055 D OkHttp  : --> GET https://screen.buzzvil.com/api/units/444437953344574
01-13 10:17:35.647  4973  5055 D OkHttp  : --> END GET
01-13 10:17:35.722  4973  4973 I BZ RemoteConfig: update remote config successfully
01-13 10:17:35.722  4973  4973 D BZ FeedRemoteConfigRepositoryImpl: load()
01-13 10:17:35.729  4973  5056 I BZ RemoteConfig: update remote config successfully
01-13 10:17:35.734  4973  4973 I BZ RemoteConfig: update remote config successfully
01-13 10:17:35.734  4973  4973 D BZ FeedRemoteConfigRepositoryImpl: load()
01-13 10:17:35.736  4973  5056 I BZ RemoteConfig: update remote config successfully
01-13 10:17:35.750  4973  4973 D BZ RestartServiceUseCase: startPopControlServiceIfNeeded isPopControlServiceRunning = false
01-13 10:17:35.758  4973  4973 I BZ RemoteConfig: update remote config successfully
01-13 10:17:35.758  4973  4973 D BZ FeedRemoteConfigRepositoryImpl: load()
01-13 10:17:35.760  4973  5056 I BZ RemoteConfig: update remote config successfully
01-13 10:17:35.764  4973  4973 I BZ RemoteConfig: update remote config successfully
01-13 10:17:35.764  4973  4973 D BZ FeedRemoteConfigRepositoryImpl: load()
