01-13 10:18:31.963  4973  5310 D LeakCanary:  com.buzzvil.buzzad.benefit.presentation.feed.data.datasource.CacheFeedItemDataSource instance
01-13 10:18:31.963  4973  5310 D LeakCanary:     Leaking: UNKNOWN
01-13 10:18:31.963  4973  5310 D LeakCanary:     Retaining 84 B in 4 objects
01-13 10:18:31.963  4973  5310 D LeakCanary:      CacheFeedItemDataSource.list
01-13 10:18:31.963  4973  5310 D LeakCanary:                               ~~~~
01-13 10:18:31.963  4973  5310 D LeakCanary:  java.util.ArrayList instance
01-13 10:18:31.963  4973  5310 D LeakCanary:     Leaking: UNKNOWN
01-13 10:18:31.964  4973  5310 D LeakCanary:     Retaining 60 B in 2 objects
01-13 10:18:31.964  4973  5310 D LeakCanary:      ArrayList.elementData
01-13 10:18:31.964  4973  5310 D LeakCanary:                 ~~~~~~~~~~~
01-13 10:18:31.964  4973  5310 D LeakCanary:  java.lang.Object[] array
01-13 10:18:31.964  4973  5310 D LeakCanary:     Leaking: UNKNOWN
01-13 10:18:31.964  4973  5310 D LeakCanary:     Retaining 40 B in 1 objects
01-13 10:18:31.964  4973  5310 D LeakCanary:      Object[].[0]
01-13 10:18:31.964  4973  5310 D LeakCanary:                ~~~
01-13 10:18:31.964  4973  5310 D LeakCanary:  com.buzzvil.buzzad.benefit.presentation.feed.domain.model.FeedListItem$Ad instance
01-13 10:18:31.964  4973  5310 D LeakCanary:     Leaking: UNKNOWN
01-13 10:18:31.964  4973  5310 D LeakCanary:     Retaining 12 B in 1 objects
01-13 10:18:31.964  4973  5310 D LeakCanary:      FeedListItem$Ad.nativeAd
01-13 10:18:31.964  4973  5310 D LeakCanary:                       ~~~~~~~~
01-13 10:18:31.964  4973  5310 D LeakCanary:  com.buzzvil.buzzad.benefit.presentation.nativead.NativeAd instance
01-13 10:18:31.964  4973  5310 D LeakCanary:     Leaking: UNKNOWN
01-13 10:18:31.964  4973  5310 D LeakCanary:     Retaining 1.7 MB in 694 objects
01-13 10:18:31.965  4973  5310 D LeakCanary:      NativeAd.nativeAdEventListeners
01-13 10:18:31.965  4973  5310 D LeakCanary:                ~~~~~~~~~~~~~~~~~~~~~~
01-13 10:18:31.965  4973  5310 D LeakCanary:  java.util.concurrent.CopyOnWriteArraySet instance
01-13 10:18:31.965  4973  5310 D LeakCanary:     Leaking: UNKNOWN
01-13 10:18:31.965  4973  5310 D LeakCanary:     Retaining 1.6 MB in 640 objects
01-13 10:18:31.965  4973  5310 D LeakCanary:      CopyOnWriteArraySet.al
01-13 10:18:31.965  4973  5310 D LeakCanary:                           ~~
01-13 10:18:31.965  4973  5310 D LeakCanary:  java.util.concurrent.CopyOnWriteArrayList instance
01-13 10:18:31.965  4973  5310 D LeakCanary:     Leaking: UNKNOWN
01-13 10:18:31.965  4973  5310 D LeakCanary:     Retaining 1.6 MB in 639 objects
01-13 10:18:31.965  4973  5310 D LeakCanary:      CopyOnWriteArrayList.array
01-13 10:18:31.965  4973  5310 D LeakCanary:                            ~~~~~
01-13 10:18:31.965  4973  5310 D LeakCanary:  java.lang.Object[] array
01-13 10:18:31.965  4973  5310 D LeakCanary:     Leaking: UNKNOWN
01-13 10:18:31.965  4973  5310 D LeakCanary:     Retaining 1.6 MB in 637 objects
01-13 10:18:31.966  4973  5310 D LeakCanary:      Object[].[1]
01-13 10:18:31.968  4973  5310 D LeakCanary:                ~~~
01-13 10:18:31.968  4973  5310 D LeakCanary:  com.buzzvil.buzzad.benefit.presentation.feed.tab.FeedTabAdFragment instance
01-13 10:18:31.968  4973  5310 D LeakCanary:      Leaking: YES (ObjectWatcher was watching this because com.buzzvil.buzzad.benefit.presentation.feed.tab.
01-13 10:18:31.968  4973  5310 D LeakCanary:      FeedTabAdFragment received Fragment#onDestroy() callback and Fragment#mFragmentManager is null)
01-13 10:18:31.968  4973  5310 D LeakCanary:      Retaining 42.9 kB in 1248 objects
01-13 10:18:31.968  4973  5310 D LeakCanary:      key = 303f6c7e-93cc-4a19-9bba-3e2e031a1c22
01-13 10:18:31.968  4973  5310 D LeakCanary:      watchDurationMillis = 5047
01-13 10:18:31.968  4973  5310 D LeakCanary:      retainedDurationMillis = 44
01-13 10:18:31.968  4973  5310 D LeakCanary: ====================================
01-13 10:18:31.968  4973  5310 D LeakCanary: 0 LIBRARY LEAKS
01-13 10:18:31.968  4973  5310 D LeakCanary: 
01-13 10:18:31.968  4973  5310 D LeakCanary: A Library Leak is a leak caused by a known bug in 3rd party code that you do not have control over.
01-13 10:18:31.969  4973  5310 D LeakCanary: See https://square.github.io/leakcanary/fundamentals-how-leakcanary-works/#4-categorizing-leaks
01-13 10:18:31.969  4973  5310 D LeakCanary: ====================================
01-13 10:18:31.969  4973  5310 D LeakCanary: 0 UNREACHABLE OBJECTS
01-13 10:18:31.969  4973  5310 D LeakCanary: 
01-13 10:18:31.969  4973  5310 D LeakCanary: An unreachable object is still in memory but LeakCanary could not find a strong reference path
01-13 10:18:31.969  4973  5310 D LeakCanary: from GC roots.
01-13 10:18:31.969  4973  5310 D LeakCanary: ====================================
01-13 10:18:31.969  4973  5310 D LeakCanary: METADATA
01-13 10:18:31.970  4973  5310 D LeakCanary: 
01-13 10:18:31.970  4973  5310 D LeakCanary: Please include this in bug reports and Stack Overflow questions.
01-13 10:18:31.970  4973  5310 D LeakCanary: 
01-13 10:18:31.970  4973  5310 D LeakCanary: Build.VERSION.SDK_INT: 31
01-13 10:18:31.970  4973  5310 D LeakCanary: Build.MANUFACTURER: Google
01-13 10:18:31.970  4973  5310 D LeakCanary: LeakCanary version: 2.7
01-13 10:18:31.970  4973  5310 D LeakCanary: App process name: com.buzzvil.buzzad.benefit.sample_bab
01-13 10:18:31.970  4973  5310 D LeakCanary: Count of retained yet cleared: 5 KeyedWeakReference instances
01-13 10:18:31.970  4973  5310 D LeakCanary: Stats: LruCache[maxSize=3000,hits=7934,misses=177169,hitRate=4%]
01-13 10:18:31.970  4973  5310 D LeakCanary: RandomAccess[bytes=9378846,reads=177169,travel=80961593633,range=41267090,size=49707071]
01-13 10:18:31.970  4973  5310 D LeakCanary: Heap dump reason: 12 retained objects, app is visible
01-13 10:18:31.970  4973  5310 D LeakCanary: Analysis duration: 24861 ms
01-13 10:18:31.970  4973  5310 D LeakCanary: Heap dump file path: /storage/emulated/0/Download/leakcanary-com.buzzvil.buzzad.benefit.
01-13 10:18:31.970  4973  5310 D LeakCanary: sample_bab/2022-01-13_10-18-03_851.hprof
01-13 10:18:31.970  4973  5310 D LeakCanary: Heap dump timestamp: 1642036711918
01-13 10:18:31.970  4973  5310 D LeakCanary: Heap dump duration: 2811 ms
01-13 10:18:31.970  4973  5310 D LeakCanary: ====================================
01-13 10:18:32.015  4973  4973 W efit.sample_ba: Accessing hidden field Landroid/app/ActivityThread;->mServices:Landroid/util/ArrayMap; (unsupported, reflection, allowed)
01-13 10:18:32.017  4973  4973 D LeakCanary: Watching instance of leakcanary.internal.HeapAnalyzerService (leakcanary.internal.HeapAnalyzerService received Service#onDestroy() callback) with key 0f641a96-60e2-4224-be39-11b5115701dc
01-13 10:18:32.020   562   562 W NotificationHistory: Attempted to add notif for locked/gone/disabled user 0
01-13 10:18:32.026   743   743 D InterruptionStateProvider: No bubble up: not allowed to bubble: 0|com.buzzvil.buzzad.benefit.sample_bab|2131362918|null|10159
01-13 10:18:32.027   743   743 W NotifBindPipeline: Row is not set so pipeline will not run. notif = 0|com.buzzvil.buzzad.benefit.sample_bab|2131362918|null|10159
01-13 10:18:32.028   743   964 D PeopleSpaceWidgetMgr: Sbn doesn't contain valid PeopleTileKey: null/0/com.buzzvil.buzzad.benefit.sample_bab
01-13 10:18:32.035  1312  3877 W MediaProvider: Failed to fetch original file descriptor
01-13 10:18:32.035  1312  3877 W MediaProvider: java.io.IOException: stat failed: EACCES (Permission denied)
01-13 10:18:32.035  1312  3877 W MediaProvider: 	at com.android.providers.media.MediaProvider.getFileFromFileDescriptor(MediaProvider.java:5794)
01-13 10:18:32.035  1312  3877 W MediaProvider: 	at com.android.providers.media.MediaProvider.getOriginalMediaFormatFileDescriptor(MediaProvider.java:5711)
01-13 10:18:32.035  1312  3877 W MediaProvider: 	at com.android.providers.media.MediaProvider.openTypedAssetFileCommon(MediaProvider.java:7134)
01-13 10:18:32.035  1312  3877 W MediaProvider: 	at com.android.providers.media.MediaProvider.openTypedAssetFile(MediaProvider.java:7115)
01-13 10:18:32.035  1312  3877 W MediaProvider: 	at android.content.ContentProvider$Transport.openTypedAssetFile(ContentProvider.java:548)
01-13 10:18:32.035  1312  3877 W MediaProvider: 	at android.content.ContentProviderNative.onTransact(ContentProviderNative.java:327)
01-13 10:18:32.035  1312  3877 W MediaProvider: 	at android.os.Binder.execTransactInternal(Binder.java:1179)
01-13 10:18:32.035  1312  3877 W MediaProvider: 	at android.os.Binder.execTransact(Binder.java:1143)
01-13 10:18:32.035  1312  3877 W MediaProvider: Caused by: android.system.ErrnoException: stat failed: EACCES (Permission denied)
01-13 10:18:32.035  1312  3877 W MediaProvider: 	at libcore.io.Linux.stat(Native Method)
01-13 10:18:32.035  1312  3877 W MediaProvider: 	at libcore.io.ForwardingOs.stat(ForwardingOs.java:853)
01-13 10:18:32.035  1312  3877 W MediaProvider: 	at libcore.io.BlockGuardOs.stat(BlockGuardOs.java:420)
01-13 10:18:32.035  1312  3877 W MediaProvider: 	at libcore.io.ForwardingOs.stat(ForwardingOs.java:853)
01-13 10:18:32.035  1312  3877 W MediaProvider: 	at android.app.ActivityThread$AndroidOs.stat(ActivityThread.java:7739)
01-13 10:18:32.035  1312  3877 W MediaProvider: 	at android.system.Os.stat(Os.java:919)
01-13 10:18:32.035  1312  3877 W MediaProvider: 	at com.android.providers.media.MediaProvider.getFileFromFileDescriptor(MediaProvider.java:5788)
01-13 10:18:32.035  1312  3877 W MediaProvider: 	... 7 more
01-13 10:18:32.036   743   964 D PeopleSpaceWidgetMgr: Sbn doesn't contain valid PeopleTileKey: null/0/com.buzzvil.buzzad.benefit.sample_bab
01-13 10:18:32.039   457  2659 D NuPlayerDriver: NuPlayerDriver(0x76d884f7c770) created, clientPid(743)
01-13 10:18:32.042   194   194 I hwservicemanager: getTransport: Cannot find entry android.hardware.media.omx@1.0::IOmx/default in either framework or device VINTF manifest.
01-13 10:18:32.042   457  2659 D MediaPlayerService: OMX service is not available
01-13 10:18:32.058   457  5325 D GenericSource: FileSource remote
01-13 10:18:32.078   562  2345 I MediaFocusControl: requestAudioFocus() from uid/pid 10136/743 AA=USAGE_NOTIFICATION/CONTENT_TYPE_SONIFICATION clientId=android.media.AudioManager@c11463c callingPack=com.android.systemui req=3 flags=0x0 sdk=31
01-13 10:18:32.079   562  2345 I AudioService.FadeOutManager: unfadeOutUid() uid:10136
01-13 10:18:32.083   743   743 W TouchableRegionManager: onHeadsUpPinnedModeChanged
01-13 10:18:32.088   743   743 D StatusBar: disable<e i a s b h r c s > disable2<q i n >
01-13 10:18:32.145   355   355 D goldfish-address-space: claimShared: Ask to claim region [0x3f07e9000 0x3f0fd2000]
01-13 10:18:32.152   355   355 D goldfish-address-space: claimShared: Ask to claim region [0x3f2c31000 0x3f341a000]
01-13 10:18:32.155   355   355 D goldfish-address-space: claimShared: Ask to claim region [0x3f341a000 0x3f3c03000]
01-13 10:18:32.589   457  5324 I GenericSource: start
01-13 10:18:32.591   743   743 D MediaRouter: onRestoreRoute() : route=RouteInfo{ name=Phone, description=null, status=null, category=RouteCategory{ name=System types=ROUTE_TYPE_LIVE_AUDIO ROUTE_TYPE_LIVE_VIDEO  groupable=false }, supportedTypes=ROUTE_TYPE_LIVE_AUDIO ROUTE_TYPE_LIVE_VIDEO , presentationDisplay=null }
01-13 10:18:32.591   743   743 V MediaRouter: Selecting route: RouteInfo{ name=Phone, description=null, status=null, category=RouteCategory{ name=System types=ROUTE_TYPE_LIVE_AUDIO ROUTE_TYPE_LIVE_VIDEO  groupable=false }, supportedTypes=ROUTE_TYPE_LIVE_AUDIO ROUTE_TYPE_LIVE_VIDEO , presentationDisplay=null }
01-13 10:18:32.600   457  5330 D CCodec  : allocate(c2.android.vorbis.decoder)
01-13 10:18:32.605   457  5330 I CCodec  : setting up 'default' as default (vendor) store
01-13 10:18:32.607   468   864 V C2Store : in init
01-13 10:18:32.607   468   864 V C2Store : loading dll
01-13 10:18:32.611   457  5330 I CCodec  : Created component [c2.android.vorbis.decoder]
01-13 10:18:32.612   457  5330 D CCodecConfig: read media type: audio/vorbis
01-13 10:18:32.621   457  5330 D ReflectedParamUpdater: extent() != 1 for single value type: algo.buffers.max-count.values
01-13 10:18:32.623   457  5330 D ReflectedParamUpdater: extent() != 1 for single value type: output.subscribed-indices.values
01-13 10:18:32.624   457  5330 D ReflectedParamUpdater: extent() != 1 for single value type: input.buffers.allocator-ids.values
01-13 10:18:32.625   457  5330 D ReflectedParamUpdater: extent() != 1 for single value type: output.buffers.allocator-ids.values
01-13 10:18:32.626   457  5330 D ReflectedParamUpdater: extent() != 1 for single value type: algo.buffers.allocator-ids.values
01-13 10:18:32.626   457  5330 D ReflectedParamUpdater: extent() != 1 for single value type: output.buffers.pool-ids.values
01-13 10:18:32.627   457  5330 D ReflectedParamUpdater: extent() != 1 for single value type: algo.buffers.pool-ids.values
01-13 10:18:32.629   457  5330 I CCodecConfig: query failed after returning 7 values (BAD_INDEX)
01-13 10:18:32.629   457  5330 D CCodecConfig: c2 config diff is Dict {
01-13 10:18:32.629   457  5330 D CCodecConfig:   c2::u32 coded.bitrate.value = 64000
01-13 10:18:32.629   457  5330 D CCodecConfig:   c2::u32 input.buffers.max-size.value = 32768
01-13 10:18:32.629   457  5330 D CCodecConfig:   c2::u32 input.delay.value = 0
01-13 10:18:32.629   457  5330 D CCodecConfig:   string input.media-type.value = "audio/vorbis"
01-13 10:18:32.629   457  5330 D CCodecConfig:   string output.media-type.value = "audio/raw"
01-13 10:18:32.629   457  5330 D CCodecConfig:   c2::u32 raw.channel-count.value = 1
01-13 10:18:32.629   457  5330 D CCodecConfig:   c2::u32 raw.sample-rate.value = 48000
01-13 10:18:32.629   457  5330 D CCodecConfig: }
01-13 10:18:32.631   457  5330 D CCodec  : [c2.android.vorbis.decoder] buffers are bound to CCodec for this session
01-13 10:18:32.631   457  5330 D CCodecConfig: no c2 equivalents for durationUs
01-13 10:18:32.631   457  5330 D CCodecConfig: no c2 equivalents for csd-1
01-13 10:18:32.631   457  5330 D CCodecConfig: no c2 equivalents for channel-mask
01-13 10:18:32.632   457  5330 D CCodecConfig: no c2 equivalents for flags
01-13 10:18:32.634   457  5330 D CCodecConfig: c2 config diff is   c2::u32 coded.bitrate.value = 70000
01-13 10:18:32.634   457  5330 W Codec2Client: query -- param skipped: index = 1107298332.
01-13 10:18:32.635   457  5330 D CCodec  : setup formats input: AMessage(what = 0x00000000) = {
01-13 10:18:32.635   457  5330 D CCodec  :   int32_t bitrate = 70000
01-13 10:18:32.635   457  5330 D CCodec  :   int32_t channel-count = 1
01-13 10:18:32.635   457  5330 D CCodec  :   int32_t max-input-size = 32768
01-13 10:18:32.635   457  5330 D CCodec  :   string mime = "audio/vorbis"
01-13 10:18:32.635   457  5330 D CCodec  :   int32_t sample-rate = 48000
01-13 10:18:32.635   457  5330 D CCodec  : }
01-13 10:18:32.635   457  5330 D CCodec  : setup formats output: AMessage(what = 0x00000000) = {
01-13 10:18:32.635   457  5330 D CCodec  :   int32_t channel-count = 1
01-13 10:18:32.635   457  5330 D CCodec  :   string mime = "audio/raw"
01-13 10:18:32.635   457  5330 D CCodec  :   int32_t sample-rate = 48000
01-13 10:18:32.635   457  5330 D CCodec  :   int32_t channel-mask = 1
01-13 10:18:32.635   457  5330 D CCodec  : }
01-13 10:18:32.635   457  5330 I CCodecConfig: query failed after returning 7 values (BAD_INDEX)
01-13 10:18:32.636   457  5330 I MediaCodec: MediaCodec will operate in async mode
01-13 10:18:32.637   457  5329 D MediaCodec: keep callback message for reclaim
01-13 10:18:32.639   457  5330 W Codec2Client: query -- param skipped: index = 1342179345.
01-13 10:18:32.639   457  5330 W Codec2Client: query -- param skipped: index = 2415921170.
01-13 10:18:32.641   457  5330 D CCodecBufferChannel: [c2.android.vorbis.decoder#186] Created input block pool with allocatorID 16 => poolID 18 - OK (0)
01-13 10:18:32.642   468   863 D BufferPoolAccessor2.0: bufferpool2 0x78443b9b6c88 : 0(0 size) total buffers - 0(0 size) used buffers - 93/97 (recycle/alloc) - 4/96 (fetch/transfer)
01-13 10:18:32.643   468   863 D BufferPoolAccessor2.0: Destruction - bufferpool2 0x78443b9b6c88 cached: 0/0M, 0/0% in use; allocs: 97, 96% recycled; transfers: 96, 96% unfetched
01-13 10:18:32.645   457  3439 D BufferPoolAccessor2.0: bufferpool2 0x76d8a4f76a08 : 0(0 size) total buffers - 0(0 size) used buffers - 95/103 (recycle/alloc) - 8/198 (fetch/transfer)
01-13 10:18:32.645   457  5330 I CCodecBufferChannel: [c2.android.vorbis.decoder#186] Created output block pool with allocatorID 16 => poolID 27 - OK
01-13 10:18:32.645   457  3439 D BufferPoolAccessor2.0: Destruction - bufferpool2 0x76d8a4f76a08 cached: 0/0M, 0/0% in use; allocs: 103, 92% recycled; transfers: 198, 96% unfetched
01-13 10:18:32.645   457  5330 D CCodecBufferChannel: [c2.android.vorbis.decoder#186] Configured output block pool ids 27 => OK
01-13 10:18:32.647   468  5331 D SimpleC2Component: Using output block pool with poolID 27 => got 27 - 0
01-13 10:18:32.662   395 23413 D AudioFlinger: Client defaulted notificationFrames to 12213 for frameCount 24426
01-13 10:18:32.667   395 23413 D AF::TrackHandle: OpPlayAudio: track:60 usage:5 not muted
01-13 10:18:32.698   457  5328 D AudioTrack: getTimestamp_l(20): device stall time corrected using current time 67398497838710
01-13 10:18:32.854   395   512 D AudioFlinger: mixer(0x7cfddb6bca70) throttle end: throttle time(15)
01-13 10:18:33.067   365   365 E android.hardware.power.stats@1.0-service-mock: Failed to getEnergyData
01-13 10:18:34.194   457  5328 D AudioTrack: stop(20): called with 82980 frames delivered
01-13 10:18:34.496   562  2244 I MediaFocusControl: abandonAudioFocus() from uid/pid 10136/743 clientId=android.media.AudioManager@c11463c
01-13 10:18:34.497   743  5322 V MediaPlayer: resetDrmState:  mDrmInfo=null mDrmProvisioningThread=null mPrepareDrmInProgress=false mActiveDrmScheme=false
01-13 10:18:34.498   743  5322 V MediaPlayer: cleanDrmObj: mDrmObj=null mDrmSessionId=null
01-13 10:18:34.499   457  2659 D NuPlayerDriver: reset(0x76d884f7c770) at state 6
01-13 10:18:34.511   457  5330 I hw-BpHwBinder: onLastStrongRef automatically unlinking death recipients
01-13 10:18:34.511   468   863 I hw-BpHwBinder: onLastStrongRef automatically unlinking death recipients
01-13 10:18:34.514   468   863 V C2Store : in ~ComponentModule
01-13 10:18:34.515   468   863 V C2Store : unloading dll
01-13 10:18:34.521   457  5324 D NuPlayerDriver: notifyResetComplete(0x76d884f7c770)
01-13 10:18:34.521   457  2659 W AMessage: failed to post message as target looper for handler 0 is gone.
01-13 10:18:35.310  4774  5337 I GmscoreIpa: Starting mediastore instant index [CONTEXT service_id=255 ]
01-13 10:18:37.127  4973  5002 I efit.sample_ba: Explicit concurrent copying GC freed 1086525(28MB) AllocSpace objects, 14(26MB) LOS objects, 49% free, 12MB/24MB, paused 1.340ms,103us total 105.331ms
01-13 10:18:37.667   457  3433 D BufferPoolAccessor2.0: evictor expired: 1, evicted: 0
01-13 10:18:37.668   468   794 D BufferPoolAccessor2.0: evictor expired: 1, evicted: 0
01-13 10:18:37.788   743   743 W TouchableRegionManager: onHeadsUpPinnedModeChanged
01-13 10:18:37.829   743   949 D EGL_emulation: app_time_stats: avg=341.22ms min=3.58ms max=5240.14ms count=16
01-13 10:18:37.836   743   949 D EGL_emulation: app_time_stats: avg=465.05ms min=5.36ms max=5466.48ms count=13
01-13 10:18:38.268   743   743 D StatusBar: disable<e i a s b h r c s > disable2<q i n >
01-13 10:18:39.672   468   794 D BufferPoolAccessor2.0: bufferpool2 0x78443b9b42e8 : 0(0 size) total buffers - 0(0 size) used buffers - 94/97 (recycle/alloc) - 3/96 (fetch/transfer)
01-13 10:18:39.672   457  3433 D BufferPoolAccessor2.0: bufferpool2 0x76d8a4f73038 : 0(0 size) total buffers - 0(0 size) used buffers - 93/101 (recycle/alloc) - 8/198 (fetch/transfer)
01-13 10:18:39.672   457  3433 D BufferPoolAccessor2.0: evictor expired: 1, evicted: 1
01-13 10:18:39.672   468   794 D BufferPoolAccessor2.0: evictor expired: 1, evicted: 1
01-13 10:18:42.058   743   743 D InterruptionStateProvider: No bubble up: not allowed to bubble: 0|com.google.android.setupwizard|9|null|10098
01-13 10:18:42.058   743   743 D InterruptionStateProvider: No bubble up: not allowed to bubble: 0|com.buzzvil.buzzad.benefit.sample_bab|2131362918|null|10159
01-13 10:18:42.058   743   743 D InterruptionStateProvider: No bubble up: not allowed to bubble: 0|com.android.vending|951340667|null|10102
01-13 10:18:42.058   743   743 D InterruptionStateProvider: No bubble up: not allowed to bubble: 0|com.android.systemui|1397773634|public:252,80|10136
01-13 10:18:42.058   743   743 D InterruptionStateProvider: No bubble up: not allowed to bubble: 0|com.buzzvil.buzzad.benefit.sample_bab|1000|null|10159
01-13 10:18:42.059   743   743 D InterruptionStateProvider: No bubble up: not allowed to bubble: 0|android|0|com.android.server.wm.AlertWindowNotification - com.buzzvil.buzzad.benefit.sample_bab|1000
01-13 10:18:42.077   743   949 D EGL_emulation: app_time_stats: avg=464.54ms min=3.29ms max=3999.21ms count=9
01-13 10:18:44.662  4973  5116 W System  : A resource failed to call response.body().close(). 
01-13 10:18:44.761  4973  5117 W System  : A resource failed to call response.body().close(). 
01-13 10:19:00.060   743   949 D EGL_emulation: app_time_stats: avg=17982.70ms min=17982.70ms max=17982.70ms count=1
01-13 10:19:14.498   743   964 D ControlsListingControllerImpl: Subscribing callback, service count: 0
01-13 10:19:14.509   743   964 D ControlsListingControllerImpl: Unsubscribing callback
01-13 10:19:22.508   562  2345 D WifiNl80211Manager: Scan result ready event
01-13 10:19:22.509   562  2345 D WifiNative: Scan result ready event
01-13 10:20:00.067   743   949 D EGL_emulation: app_time_stats: avg=60007.19ms min=60007.19ms max=60007.19ms count=1
01-13 10:20:33.071   365   365 E android.hardware.power.stats@1.0-service-mock: Failed to getEnergyData
01-13 10:20:38.917   562   571 I system_server: NativeAlloc concurrent copying GC freed 353937(14MB) AllocSpace objects, 26(1076KB) LOS objects, 49% free, 21MB/43MB, paused 528us,196us total 157.619ms
01-13 10:20:38.950   562   573 W System  : A resource failed to call close. 
01-13 10:20:38.950   562   573 W System  : A resource failed to call close. 
01-13 10:20:38.950   562   573 W System  : A resource failed to call close. 
01-13 10:20:38.950   562   573 W System  : A resource failed to call close. 
01-13 10:20:38.951   562   573 W System  : A resource failed to call close. 
01-13 10:20:38.953   562   573 W System  : A resource failed to call release. 
01-13 10:20:38.954   562   573 W System  : A resource failed to call close. 
01-13 10:21:00.053   743   949 D EGL_emulation: app_time_stats: avg=59985.72ms min=59985.72ms max=59985.72ms count=1
01-13 10:22:00.073   743   949 D EGL_emulation: app_time_stats: avg=60019.60ms min=60019.60ms max=60019.60ms count=1
01-13 10:22:33.070   365   365 E android.hardware.power.stats@1.0-service-mock: Failed to getEnergyData
01-13 10:23:00.103   743   949 D EGL_emulation: app_time_stats: avg=60029.29ms min=60029.29ms max=60029.29ms count=1
01-13 10:24:00.077   743   949 D EGL_emulation: app_time_stats: avg=59973.95ms min=59973.95ms max=59973.95ms count=1
01-13 10:24:02.493   562   562 D CompatibilityChangeReporter: Compat change id reported: 168419799; UID 10119; state: DISABLED
01-13 10:24:02.516   562   661 W UriGrantsManagerService: No permission grants found for com.google.android.apps.photos
01-13 10:24:02.516   562   661 W UriGrantsManagerService: No permission grants found for com.google.android.apps.photos
01-13 10:24:02.518   562  2333 D WifiNl80211Manager: Scan result ready event
01-13 10:24:02.519   562  2333 D WifiNative: Scan result ready event
01-13 10:24:02.547  1478  1478 I SetupWizard: [bsu] [logReason:Get Notification Priority, UserDismissed: false, PersonalizationComplete: false, DPEnable: false, DPExisted: false, DPComplete: false, DAHPActions: 2, DAMPActions:3 , DAPAReason:Just a few more steps]
01-13 10:24:02.564  1478  1478 I SetupWizard: [DeferredSetupNotificationSchedulerService] Deferred notification scheduled at Wed Jan 12 15:35:58 GMT+09:00 2022
01-13 10:24:02.568   562  2336 W UriGrantsManagerService: No permission grants found for com.google.android.apps.photos
01-13 10:24:02.568   562  2336 W UriGrantsManagerService: No permission grants found for com.google.android.apps.photos
01-13 10:24:02.585  1478  1478 I SetupWizard: [bsu] [logReason:Get Notification Priority, UserDismissed: false, PersonalizationComplete: false, DPEnable: false, DPExisted: false, DPComplete: false, DAHPActions: 2, DAMPActions:3 , DAPAReason:Just a few more steps]
01-13 10:24:02.597   562  2333 W UriGrantsManagerService: No permission grants found for com.google.android.apps.photos
01-13 10:24:02.597   562  2333 W UriGrantsManagerService: No permission grants found for com.google.android.apps.photos
01-13 10:24:02.599  1478  1478 I SetupWizard: [SetupNotificationService] RegisterNotification:4
01-13 10:24:02.599  1478  1478 I SetupWizard: [SetupNotificationService] updateStatus notificationType = 4
01-13 10:24:02.604  1478  1478 I SetupWizard: [SetupNotificationService] updateStatus portalNow(false)
01-13 10:24:02.604  1478  1478 I SetupWizard: [DeferredSetupNotificationSchedulerService] Register deferred notification succeed.
01-13 10:24:02.612   743   743 D InterruptionStateProvider: No bubble up: not allowed to bubble: 0|com.google.android.setupwizard|9|null|10098
01-13 10:24:02.614   743   743 D InterruptionStateProvider: No heads up: unimportant notification: 0|com.google.android.setupwizard|9|null|10098
01-13 10:24:02.619   743   964 D PeopleSpaceWidgetMgr: Sbn doesn't contain valid PeopleTileKey: null/0/com.google.android.setupwizard
01-13 10:24:02.639   743   949 D EGL_emulation: app_time_stats: avg=2560.53ms min=2560.53ms max=2560.53ms count=1
01-13 10:24:25.338   192   192 I servicemanager: Since 'apexservice' could not be found, trying to start it as a lazy AIDL service
01-13 10:24:25.749   192   192 I BpBinder: onLastStrongRef automatically unlinking death recipients: <uncached descriptor>
01-13 10:24:25.753   192   192 I servicemanager: Tried to unregister apexservice, but there is about to be a client.
01-13 10:24:27.389   192   192 I servicemanager: Notifying apexservice they have clients: 1
01-13 10:24:33.079   365   365 E android.hardware.power.stats@1.0-service-mock: Failed to getEnergyData
01-13 10:25:00.077   743   949 D EGL_emulation: app_time_stats: avg=57437.43ms min=57437.43ms max=57437.43ms count=1
01-13 10:26:00.069   743   949 D EGL_emulation: app_time_stats: avg=59992.29ms min=59992.29ms max=59992.29ms count=1
01-13 10:26:33.076   365   365 E android.hardware.power.stats@1.0-service-mock: Failed to getEnergyData
01-13 10:27:00.063   743   949 D EGL_emulation: app_time_stats: avg=59994.07ms min=59994.07ms max=59994.07ms count=1
01-13 10:27:50.995   562   640 W libprocessgroup: Failed to open /sys/fs/cgroup/./frozen/cgroup.procs: No such file or directory
01-13 10:27:50.996   562   640 W libprocessgroup: Failed to apply Frozen process profile: No such file or directory
01-13 10:27:50.996   562   640 D ActivityManager: froze 5186 com.google.android.webview:webview_service
01-13 10:28:00.076   743   949 D EGL_emulation: app_time_stats: avg=60012.18ms min=60012.18ms max=60012.18ms count=1
01-13 10:28:33.077   365   365 E android.hardware.power.stats@1.0-service-mock: Failed to getEnergyData
01-13 10:28:42.495   562   640 W libprocessgroup: Failed to open /sys/fs/cgroup/./frozen/cgroup.procs: No such file or directory
01-13 10:28:42.495   562   640 W libprocessgroup: Failed to apply Frozen process profile: No such file or directory
01-13 10:28:42.495   562   640 D ActivityManager: froze 26629 com.google.android.gms.unstable
01-13 10:28:42.540   562  2244 D WifiNl80211Manager: Scan result ready event
01-13 10:28:42.541   562  2244 D WifiNative: Scan result ready event
01-13 10:29:00.063   743   949 D EGL_emulation: app_time_stats: avg=59986.80ms min=59986.80ms max=59986.80ms count=1
01-13 10:29:14.550   743   964 D ControlsListingControllerImpl: Subscribing callback, service count: 0
01-13 10:29:14.562   743   964 D ControlsListingControllerImpl: Unsubscribing callback
01-13 10:30:00.069   743   949 D EGL_emulation: app_time_stats: avg=60006.06ms min=60006.06ms max=60006.06ms count=1
01-13 10:30:33.079   365   365 E android.hardware.power.stats@1.0-service-mock: Failed to getEnergyData
01-13 10:31:00.066   743   949 D EGL_emulation: app_time_stats: avg=59996.34ms min=59996.34ms max=59996.34ms count=1
01-13 10:32:00.061   743   949 D EGL_emulation: app_time_stats: avg=59994.58ms min=59994.58ms max=59994.58ms count=1
01-13 10:32:33.080   365   365 E android.hardware.power.stats@1.0-service-mock: Failed to getEnergyData
01-13 10:33:00.069   743   949 D EGL_emulation: app_time_stats: avg=60007.99ms min=60007.99ms max=60007.99ms count=1
01-13 10:33:22.556   562  2244 D WifiNl80211Manager: Scan result ready event
01-13 10:33:22.556   562  2244 D WifiNative: Scan result ready event
01-13 10:33:30.351  5006  4154 E WakeLock: GCM_HB_ALARM release without a matched acquire!
01-13 10:34:00.068   743   949 D EGL_emulation: app_time_stats: avg=59999.20ms min=59999.20ms max=59999.20ms count=1
01-13 10:34:33.084   365   365 E android.hardware.power.stats@1.0-service-mock: Failed to getEnergyData
01-13 10:35:00.066   743   949 D EGL_emulation: app_time_stats: avg=59997.71ms min=59997.71ms max=59997.71ms count=1
01-13 10:35:25.894   562  2333 D TelephonyManager: requestModemActivityInfo: Sending result to app: ModemActivityInfo{ mTimestamp=68411692 mSleepTimeMs=0 mIdleTimeMs=64543421 mTxTimeMs[]=[0, 0, 0, 0, 0] mRxTimeMs=0}
01-13 10:36:00.070   743   949 D EGL_emulation: app_time_stats: avg=60003.32ms min=60003.32ms max=60003.32ms count=1
01-13 10:36:33.087   365   365 E android.hardware.power.stats@1.0-service-mock: Failed to getEnergyData
01-13 10:36:50.566   562   591 I UsageStatsService: User[0] Flushing usage stats to disk
01-13 10:37:00.066   743   949 D EGL_emulation: app_time_stats: avg=59995.62ms min=59995.62ms max=59995.62ms count=1
01-13 10:38:00.071   743   949 D EGL_emulation: app_time_stats: avg=60004.95ms min=60004.95ms max=60004.95ms count=1
01-13 10:38:02.571   562  2740 D WifiNl80211Manager: Scan result ready event
01-13 10:38:02.571   562  2740 D WifiNative: Scan result ready event
01-13 10:38:02.600 18512 18512 I BgTaskExecutorImpl: Starting PERIODIC background task REFRESH_AUTH_TOKENS.
01-13 10:38:02.614  1478  1478 I SetupWizard: [bsu] [logReason:Get Notification Priority, UserDismissed: false, PersonalizationComplete: false, DPEnable: false, DPExisted: false, DPComplete: false, DAHPActions: 2, DAMPActions:3 , DAPAReason:Just a few more steps]
01-13 10:38:02.638  1478  1478 I SetupWizard: [DeferredSetupNotificationSchedulerService] Deferred notification scheduled at Wed Jan 12 15:35:58 GMT+09:00 2022
01-13 10:38:02.645   562  2244 D ActivityManager: sync unfroze 26629 com.google.android.gms.unstable
01-13 10:38:02.659  5006  4154 I NetworkScheduler.Stats: Task com.google.android.gms/com.google.android.gms.checkin.EventLogService started execution. cause:4 exec_start_elapsed_seconds: 68568 [CONTEXT service_id=218 ]
01-13 10:38:02.680  4774 30079 I Checkin : [EventLogChimeraService] Opted in for usage reporting: false
01-13 10:38:02.680  4774 30079 I Checkin : [EventLogChimeraService] Aggregate from 1642035683900 (log), 1642035683900 (data)
01-13 10:38:02.685  1478  1478 I SetupWizard: [bsu] [logReason:Get Notification Priority, UserDismissed: false, PersonalizationComplete: false, DPEnable: false, DPExisted: false, DPComplete: false, DAHPActions: 2, DAMPActions:3 , DAPAReason:Just a few more steps]
01-13 10:38:02.702  1478  1478 I SetupWizard: [SetupNotificationService] RegisterNotification:4
01-13 10:38:02.703  1478  1478 I SetupWizard: [SetupNotificationService] updateStatus notificationType = 4
01-13 10:38:02.708  1478  1478 I SetupWizard: [SetupNotificationService] updateStatus portalNow(false)
01-13 10:38:02.708  1478  1478 I SetupWizard: [DeferredSetupNotificationSchedulerService] Register deferred notification succeed.
01-13 10:38:02.716   743   743 D InterruptionStateProvider: No bubble up: not allowed to bubble: 0|com.google.android.setupwizard|9|null|10098
01-13 10:38:02.719   743   743 D InterruptionStateProvider: No heads up: unimportant notification: 0|com.google.android.setupwizard|9|null|10098
01-13 10:38:02.725   743   964 D PeopleSpaceWidgetMgr: Sbn doesn't contain valid PeopleTileKey: null/0/com.google.android.setupwizard
01-13 10:38:02.739   743   949 D EGL_emulation: app_time_stats: avg=2667.33ms min=2667.33ms max=2667.33ms count=1
01-13 10:38:02.744   562  2244 I DropBoxManagerService: add tag=event_data isTagEnabled=true flags=0x2
01-13 10:38:02.746   562   592 W BroadcastQueue: Background execution not allowed: receiving Intent { act=android.intent.action.DROPBOX_ENTRY_ADDED flg=0x10 (has extras) } to com.google.android.gms/.stats.service.DropBoxEntryAddedReceiver
01-13 10:38:02.746   562   592 W BroadcastQueue: Background execution not allowed: receiving Intent { act=android.intent.action.DROPBOX_ENTRY_ADDED flg=0x10 (has extras) } to com.google.android.gms/.chimera.GmsIntentOperationService$PersistentTrustedReceiver
01-13 10:38:02.748   562  2244 D ActivityManager: sync unfroze 1309 com.google.process.gservices
01-13 10:38:02.780  5006  2759 I NetworkScheduler.Stats: Task com.google.android.gms/com.google.android.gms.checkin.EventLogService finished executing. cause:4 result: 1 elapsed_millis: 150 uptime_millis: 150 exec_start_elapsed_seconds: 68568 [CONTEXT service_id=218 ]
01-13 10:38:02.841  5006  4154 I NetworkScheduler.Stats: Task com.google.android.gms/com.google.android.gms.ads.jams.NegotiationService started execution. cause:5 exec_start_elapsed_seconds: 68568 [CONTEXT service_id=218 ]
01-13 10:38:03.413 26629 26637 W id.gms.unstabl: Reducing the number of considered missed Gc histogram windows from 119 to 100
01-13 10:38:03.480 26629 26642 W SystemServiceRegistry: No service published for: persistent_data_block
01-13 10:38:03.587 26629 26642 D HostConnection: createUnique: call
01-13 10:38:03.588 26629 26642 D HostConnection: HostConnection::get() New Host Connection established 0x77a51cd9dad0, tid 26642
01-13 10:38:03.607 26629 26642 D HostConnection: HostComposition ext ANDROID_EMU_CHECKSUM_HELPER_v1 ANDROID_EMU_native_sync_v2 ANDROID_EMU_native_sync_v3 ANDROID_EMU_native_sync_v4 ANDROID_EMU_dma_v1 ANDROID_EMU_direct_mem ANDROID_EMU_host_composition_v1 ANDROID_EMU_host_composition_v2 ANDROID_EMU_YUV_Cache ANDROID_EMU_has_shared_slots_host_memory_allocator ANDROID_EMU_sync_buffer_data ANDROID_EMU_read_color_buffer_dma GL_OES_EGL_image_external_essl3 GL_OES_vertex_array_object GL_KHR_texture_compression_astc_ldr ANDROID_EMU_host_side_tracing ANDROID_EMU_gles_max_version_3_0 
01-13 10:38:03.610 26629 26642 D EGL_emulation: eglCreateContext: 0x77a51cd9e490: maj 3 min 0 rcv 3
01-13 10:38:03.612 26629 26642 D EGL_emulation: eglMakeCurrent: 0x77a51cd9e490: ver 3 0 (tinfo 0x77a7435a7100) (first time)
01-13 10:38:03.652 26629 26642 D EGL_emulation: eglCreateContext: 0x77a51cd9e490: maj 3 min 0 rcv 3
01-13 10:38:03.939  4774 30079 W Conscrypt: Could not set socket write timeout: java.net.SocketException: Socket closed
01-13 10:38:03.954  4774 30079 W Conscrypt: 	at com.google.android.gms.org.conscrypt.Platform.setSocketWriteTimeout(:com.google.android.gms@214815047@21.48.15 (190800-414534850):2)
01-13 10:38:03.954  4774 30079 W Conscrypt: 	at com.google.android.gms.org.conscrypt.ConscryptFileDescriptorSocket.setSoWriteTimeout(:com.google.android.gms@214815047@21.48.15 (190800-414534850):0)
01-13 10:38:04.057  4774 30079 W Conscrypt: Could not set socket write timeout: java.net.SocketException: Socket closed
01-13 10:38:04.058  4774 30079 W Conscrypt: 	at com.google.android.gms.org.conscrypt.Platform.setSocketWriteTimeout(:com.google.android.gms@214815047@21.48.15 (190800-414534850):2)
01-13 10:38:04.058  4774 30079 W Conscrypt: 	at com.google.android.gms.org.conscrypt.ConscryptFileDescriptorSocket.setSoWriteTimeout(:com.google.android.gms@214815047@21.48.15 (190800-414534850):0)
01-13 10:38:04.258  5006  2759 I NetworkScheduler.Stats: Task com.google.android.gms/com.google.android.gms.ads.jams.NegotiationService finished executing. cause:5 result: 1 elapsed_millis: 1432 uptime_millis: 1432 exec_start_elapsed_seconds: 68568 [CONTEXT service_id=218 ]
01-13 10:38:33.090   365   365 E android.hardware.power.stats@1.0-service-mock: Failed to getEnergyData
01-13 10:39:00.075   743   949 D EGL_emulation: app_time_stats: avg=57335.79ms min=57335.79ms max=57335.79ms count=1
01-13 10:39:14.561   743   964 D ControlsListingControllerImpl: Subscribing callback, service count: 0
01-13 10:39:14.575   743   964 D ControlsListingControllerImpl: Unsubscribing callback
01-13 10:40:00.080   743   949 D EGL_emulation: app_time_stats: avg=60004.37ms min=60004.37ms max=60004.37ms count=1
01-13 10:40:33.093   365   365 E android.hardware.power.stats@1.0-service-mock: Failed to getEnergyData
01-13 10:41:00.065   743   949 D EGL_emulation: app_time_stats: avg=59984.75ms min=59984.75ms max=59984.75ms count=1
01-13 10:42:00.062   743   949 D EGL_emulation: app_time_stats: avg=59996.95ms min=59996.95ms max=59996.95ms count=1
01-13 10:42:33.093   365   365 E android.hardware.power.stats@1.0-service-mock: Failed to getEnergyData
01-13 10:42:42.591   562  2333 D WifiNl80211Manager: Scan result ready event
01-13 10:42:42.592   562  2333 D WifiNative: Scan result ready event
01-13 10:43:00.063   743   949 D EGL_emulation: app_time_stats: avg=60001.11ms min=60001.11ms max=60001.11ms count=1
01-13 10:43:05.349   562   571 I system_server: Background young concurrent copying GC freed 308069(20MB) AllocSpace objects, 7(140KB) LOS objects, 42% free, 24MB/43MB, paused 1.005ms,334us total 106.802ms
01-13 10:44:00.074   743   949 D EGL_emulation: app_time_stats: avg=60010.70ms min=60010.70ms max=60010.70ms count=1
01-13 10:44:33.097   365   365 E android.hardware.power.stats@1.0-service-mock: Failed to getEnergyData
01-13 10:45:00.062   743   949 D EGL_emulation: app_time_stats: avg=59987.31ms min=59987.31ms max=59987.31ms count=1
01-13 10:46:00.064   743   949 D EGL_emulation: app_time_stats: avg=60002.34ms min=60002.34ms max=60002.34ms count=1
01-13 10:46:33.105   365   365 E android.hardware.power.stats@1.0-service-mock: Failed to getEnergyData
01-13 10:47:00.068   743   949 D EGL_emulation: app_time_stats: avg=60003.18ms min=60003.18ms max=60003.18ms count=1
01-13 10:47:22.602   562   661 D WifiNl80211Manager: Scan result ready event
01-13 10:47:22.602   562   661 D WifiNative: Scan result ready event
01-13 10:48:00.073   743   949 D EGL_emulation: app_time_stats: avg=60004.43ms min=60004.43ms max=60004.43ms count=1
01-13 10:48:09.947   562   640 W libprocessgroup: Failed to open /sys/fs/cgroup/./frozen/cgroup.procs: No such file or directory
01-13 10:48:09.948   562   640 W libprocessgroup: Failed to apply Frozen process profile: No such file or directory
01-13 10:48:09.948   562   640 D ActivityManager: froze 26629 com.google.android.gms.unstable
01-13 10:48:33.109   365   365 E android.hardware.power.stats@1.0-service-mock: Failed to getEnergyData
01-13 10:49:00.068   743   949 D EGL_emulation: app_time_stats: avg=59994.14ms min=59994.14ms max=59994.14ms count=1
01-13 10:49:14.652   743   964 D ControlsListingControllerImpl: Subscribing callback, service count: 0
01-13 10:49:14.662   743   964 D ControlsListingControllerImpl: Unsubscribing callback
01-13 10:50:00.068   743   949 D EGL_emulation: app_time_stats: avg=59999.78ms min=59999.78ms max=59999.78ms count=1
01-13 10:50:33.112   365   365 E android.hardware.power.stats@1.0-service-mock: Failed to getEnergyData
01-13 10:51:00.066   743   949 D EGL_emulation: app_time_stats: avg=59998.28ms min=59998.28ms max=59998.28ms count=1
01-13 10:52:00.071   743   949 D EGL_emulation: app_time_stats: avg=60004.36ms min=60004.36ms max=60004.36ms count=1
01-13 10:52:02.579   562   562 D CompatibilityChangeReporter: Compat change id reported: 135634846; UID 10099; state: DISABLED
01-13 10:52:02.580   562   593 D CompatibilityChangeReporter: Compat change id reported: 143937733; UID 10099; state: ENABLED
01-13 10:52:02.614   562  2333 D WifiNl80211Manager: Scan result ready event
01-13 10:52:02.614   562  2333 D WifiNative: Scan result ready event
01-13 10:52:02.625  1478  1478 I SetupWizard: [bsu] [logReason:Get Notification Priority, UserDismissed: false, PersonalizationComplete: false, DPEnable: false, DPExisted: false, DPComplete: false, DAHPActions: 2, DAMPActions:3 , DAPAReason:Just a few more steps]
01-13 10:52:02.643   337   337 D Zygote  : Forked child process 6054
01-13 10:52:02.643   562   593 W ActivityManager: Slow operation: 65ms so far, now at startProcess: returned from zygote!
01-13 10:52:02.644   562   593 W ActivityManager: Slow operation: 65ms so far, now at startProcess: done updating battery stats
01-13 10:52:02.644   562   593 W ActivityManager: Slow operation: 66ms so far, now at startProcess: building log message
01-13 10:52:02.644   562   593 I ActivityManager: Start proc 6054:com.google.android.apps.messaging/u0a99 for service {com.google.android.apps.messaging/androidx.work.impl.background.systemjob.SystemJobService}
01-13 10:52:02.644   562   593 W ActivityManager: Slow operation: 66ms so far, now at startProcess: starting to update pids map
01-13 10:52:02.644   562   593 W ActivityManager: Slow operation: 66ms so far, now at startProcess: done updating pids map
01-13 10:52:02.647  1478  1478 I SetupWizard: [DeferredSetupNotificationSchedulerService] Deferred notification scheduled at Wed Jan 12 15:35:58 GMT+09:00 2022
01-13 10:52:02.666  1478  1478 I SetupWizard: [bsu] [logReason:Get Notification Priority, UserDismissed: false, PersonalizationComplete: false, DPEnable: false, DPExisted: false, DPComplete: false, DAHPActions: 2, DAMPActions:3 , DAPAReason:Just a few more steps]
01-13 10:52:02.672  6054  6054 W .apps.messagin: Unexpected CPU variant for X86 using defaults: x86_64
01-13 10:52:02.682  1478  1478 I SetupWizard: [SetupNotificationService] RegisterNotification:4
01-13 10:52:02.682  1478  1478 I SetupWizard: [SetupNotificationService] updateStatus notificationType = 4
01-13 10:52:02.683  6054  6054 E .apps.messagin: Not starting debugger since process cannot load the jdwp agent.
01-13 10:52:02.692  1478  1478 I SetupWizard: [SetupNotificationService] updateStatus portalNow(false)
01-13 10:52:02.692  1478  1478 I SetupWizard: [DeferredSetupNotificationSchedulerService] Register deferred notification succeed.
01-13 10:52:02.703   743   743 D InterruptionStateProvider: No bubble up: not allowed to bubble: 0|com.google.android.setupwizard|9|null|10098
01-13 10:52:02.703   562  2336 D CompatibilityChangeReporter: Compat change id reported: 168419799; UID 10099; state: DISABLED
01-13 10:52:02.704   743   743 D InterruptionStateProvider: No heads up: unimportant notification: 0|com.google.android.setupwizard|9|null|10098
01-13 10:52:02.714   743   964 D PeopleSpaceWidgetMgr: Sbn doesn't contain valid PeopleTileKey: null/0/com.google.android.setupwizard
01-13 10:52:02.715  6054  6054 D CompatibilityChangeReporter: Compat change id reported: 171979766; UID 10099; state: ENABLED
01-13 10:52:02.724   743   949 D EGL_emulation: app_time_stats: avg=2652.69ms min=2652.69ms max=2652.69ms count=1
01-13 10:52:02.739  6054  6054 D nativeloader: classloader namespace configured for unbundled product apk. library_path=/product/priv-app/PrebuiltBugle/lib/x86_64:/product/priv-app/PrebuiltBugle/PrebuiltBugle.apk!/lib/x86_64:/product/lib64:/system/product/lib64
01-13 10:52:02.757  6054  6054 V GraphicsEnvironment: ANGLE Developer option for 'com.google.android.apps.messaging' set to: 'default'
01-13 10:52:02.757  6054  6054 V GraphicsEnvironment: Neither updatable production driver nor prerelease driver is supported.
01-13 10:52:02.759  6054  6054 D NetworkSecurityConfig: No Network Security Config specified, using platform default
01-13 10:52:02.760  6054  6054 D NetworkSecurityConfig: No Network Security Config specified, using platform default
01-13 10:52:02.771  6054  6054 I MultiDex: VM with version 2.1.0 has multidex support
01-13 10:52:02.771  6054  6054 I MultiDex: install
01-13 10:52:02.771  6054  6054 I MultiDex: VM has multidex support, MultiDex support library is disabled.
01-13 10:52:02.858  6054  6054 I avfy    : SslGuard completed installation.
01-13 10:52:02.867  6054  6054 I Bugle   : BugleApplicationBase: Bugle version: 8.4.041 (upas_rc12_alldpi.x86_64.phone)
01-13 10:52:02.868  6054  6054 I Bugle   : DarkModeManager: setDarkMode: -1
01-13 10:52:02.889  6054  6054 W .apps.messagin: Accessing hidden field Ljava/util/Collections$SynchronizedCollection;->mutex:Ljava/lang/Object; (max-target-o, reflection, denied)
01-13 10:52:02.890  6054  6054 W .apps.messagin: Accessing hidden method Ljava/util/Collections$SynchronizedSet;-><init>(Ljava/util/Set;Ljava/lang/Object;)V (max-target-o, reflection, denied)
01-13 10:52:02.891  6054  6054 W .apps.messagin: Accessing hidden method Ljava/util/Collections$SynchronizedCollection;-><init>(Ljava/util/Collection;Ljava/lang/Object;)V (max-target-o, reflection, denied)
01-13 10:52:02.919  6054  6072 I Bugle   : Initializing EmojiCompat
01-13 10:52:02.927  6054  6072 I CarrierServices: [75] ajre.a: Initializing Carrier Services Library.
01-13 10:52:02.930  5006  5023 I FontLog : Received query Noto Color Emoji Compat, URI content://com.google.android.gms.fonts [CONTEXT service_id=132 ]
01-13 10:52:02.930  5006  5023 I FontLog : Query [Noto Color Emoji Compat] resolved to {Noto Color Emoji Compat, wdth 100.0, wght 400, ital 0.0, bestEffort false} [CONTEXT service_id=132 ]
01-13 10:52:02.934  5006  5023 I FontLog : Fetch {Noto Color Emoji Compat, wdth 100.0, wght 400, ital 0.0, bestEffort false} end status Status{statusCode=SUCCESS, resolution=null} [CONTEXT service_id=132 ]
01-13 10:52:02.935  6054  6072 I CarrierServices: [75] akbw.l: Reinitialize CSLib Flags: com.google.android.ims.library
01-13 10:52:02.950  5006  5023 I FontLog : Pulling font file for id = 100, cache size = 5 [CONTEXT service_id=132 ]
01-13 10:52:02.955  5006  5023 I FontLog : Pulling font file for id = 100, cache size = 5 [CONTEXT service_id=132 ]
01-13 10:52:02.967  6054  6074 D CompatibilityChangeReporter: Compat change id reported: 160794467; UID 10099; state: ENABLED
01-13 10:52:02.999  6054  6072 I CarrierServices: [75] ajre.b: Initializing Carrier Services Logging.
01-13 10:52:03.009   562  2244 D ConnectivityService: requestNetwork for uid/pid:10099/6054 activeRequest: null callbackRequest: 269 [NetworkRequest [ REQUEST id=270, [ Capabilities: INTERNET&NOT_RESTRICTED&TRUSTED&NOT_VCN_MANAGED Uid: 10099 RequestorUid: 10099 RequestorPkg: com.google.android.apps.messaging] ]] callback flags: 0 priority: 2147483647
01-13 10:52:03.010   562   676 D ConnectivityService: NetReassign [270 : null  107]
01-13 10:52:03.012   562   669 D WifiNetworkFactory: got request NetworkRequest [ REQUEST id=270, [ Capabilities: INTERNET&NOT_RESTRICTED&TRUSTED&NOT_VCN_MANAGED Uid: 10099 RequestorUid: 10099 RequestorPkg: com.google.android.apps.messaging] ]
01-13 10:52:03.015   562   669 D UntrustedWifiNetworkFactory: got request NetworkRequest [ REQUEST id=270, [ Capabilities: INTERNET&NOT_RESTRICTED&TRUSTED&NOT_VCN_MANAGED Uid: 10099 RequestorUid: 10099 RequestorPkg: com.google.android.apps.messaging] ]
01-13 10:52:03.015   562   669 D OemPaidWifiNetworkFactory: got request NetworkRequest [ REQUEST id=270, [ Capabilities: INTERNET&NOT_RESTRICTED&TRUSTED&NOT_VCN_MANAGED Uid: 10099 RequestorUid: 10099 RequestorPkg: com.google.android.apps.messaging] ]
01-13 10:52:03.016  6054  6072 I LogSaver: LogSaver new instance with filename: carrier_services
01-13 10:52:03.021  6054  6074 D MddListenableWorkerFactory: createWorker for class: com.google.android.apps.messaging.shared.rcs.availability.metrics.RcsAvailabilityLogWorker
01-13 10:52:03.026  6054  6054 I BugleRcsEngine: [2] RcsAvailabilityLogWorker.a: RcsAvailabilityLogWorker is started
01-13 10:52:03.026   562  2244 I ActivityManager: Killing 3124:com.android.providers.calendar/u0a56 (adj 995): empty for 4398s
01-13 10:52:03.033  6054  6073 I BugleRcsEngine: [76] akbw.l: Reinitialize CSLib Flags: com.google.android.ims.library
01-13 10:52:03.034  6054  6072 I BugleBackup: Registering preference change listener for "bugle".
01-13 10:52:03.044  6054  6073 I BugleRcsEngine: [76] akbw.l: Reinitialize CSLib Flags: com.google.android.ims.library
01-13 10:52:03.044  6054  6072 W BugleRcs: couldn't get package info for carrier services package with name com.google.android.ims
01-13 10:52:03.044  6054  6072 W BugleRcs: android.content.pm.PackageManager$NameNotFoundException: com.google.android.ims
01-13 10:52:03.044  6054  6072 W BugleRcs: 	at android.app.ApplicationPackageManager.getPackageInfoAsUser(ApplicationPackageManager.java:241)
01-13 10:52:03.044  6054  6072 W BugleRcs: 	at android.app.ApplicationPackageManager.getPackageInfo(ApplicationPackageManager.java:213)
01-13 10:52:03.044  6054  6072 W BugleRcs: 	at zod.<init>(PG:7)
01-13 10:52:03.044  6054  6072 W BugleRcs: 	at zod.a(PG:1)
01-13 10:52:03.044  6054  6072 W BugleRcs: 	at tae.a(PG:5)
01-13 10:52:03.044  6054  6072 W BugleRcs: 	at kbf.run(PG:2)
01-13 10:52:03.044  6054  6072 W BugleRcs: 	at aypj.run(PG:2)
01-13 10:52:03.044  6054  6072 W BugleRcs: 	at java.util.concurrent.Executors$RunnableAdapter.call(Executors.java:462)
01-13 10:52:03.044  6054  6072 W BugleRcs: 	at bcic.c(PG:1)
01-13 10:52:03.044  6054  6072 W BugleRcs: 	at bchf.run(PG:4)
01-13 10:52:03.044  6054  6072 W BugleRcs: 	at bcid.run(PG:1)
