01-13 10:09:26.329  1478  1478 I SetupWizard: [SetupNotificationService] updateStatus portalNow(false)
01-13 10:09:26.329  1478  1478 I SetupWizard: [DeferredSetupNotificationSchedulerService] Register deferred notification succeed.
01-13 10:09:26.343   743   743 D InterruptionStateProvider: No bubble up: not allowed to bubble: 0|com.google.android.setupwizard|9|null|10098
01-13 10:09:26.344   743   743 D InterruptionStateProvider: No heads up: unimportant notification: 0|com.google.android.setupwizard|9|null|10098
01-13 10:09:26.352   743   964 D PeopleSpaceWidgetMgr: Sbn doesn't contain valid PeopleTileKey: null/0/com.google.android.setupwizard
01-13 10:09:26.389   743   949 D EGL_emulation: app_time_stats: avg=26349.72ms min=26349.72ms max=26349.72ms count=1
01-13 10:10:00.042   743   949 D EGL_emulation: app_time_stats: avg=33652.76ms min=33652.76ms max=33652.76ms count=1
01-13 10:10:00.186   562   640 W libprocessgroup: Failed to open /sys/fs/cgroup/./frozen/cgroup.procs: No such file or directory
01-13 10:10:00.186   562   640 W libprocessgroup: Failed to apply Frozen process profile: No such file or directory
01-13 10:10:00.186   562   640 D ActivityManager: froze 2885 com.android.settings
01-13 10:10:02.475   562   805 D WifiNl80211Manager: Scan result ready event
01-13 10:10:02.476   562   805 D WifiNative: Scan result ready event
01-13 10:10:33.062   365   365 E android.hardware.power.stats@1.0-service-mock: Failed to getEnergyData
01-13 10:11:00.087   743   949 D EGL_emulation: app_time_stats: avg=60044.22ms min=60044.22ms max=60044.22ms count=1
01-13 10:11:10.343   562   640 W libprocessgroup: Failed to open /sys/fs/cgroup/./frozen/cgroup.procs: No such file or directory
01-13 10:11:10.343   562   640 W libprocessgroup: Failed to apply Frozen process profile: No such file or directory
01-13 10:11:10.343   562   640 D ActivityManager: froze 4124 com.google.android.partnersetup
01-13 10:12:00.062   743   949 D EGL_emulation: app_time_stats: avg=59973.54ms min=59973.54ms max=59973.54ms count=1
01-13 10:12:33.064   365   365 E android.hardware.power.stats@1.0-service-mock: Failed to getEnergyData
01-13 10:12:40.191  5006  4154 E WakeLock: GCM_HB_ALARM release without a matched acquire!
01-13 10:13:00.053   743   949 D EGL_emulation: app_time_stats: avg=59991.09ms min=59991.09ms max=59991.09ms count=1
01-13 10:13:05.716   562   640 W libprocessgroup: Failed to open /sys/fs/cgroup/./frozen/cgroup.procs: No such file or directory
01-13 10:13:05.716   562   640 W libprocessgroup: Failed to apply Frozen process profile: No such file or directory
01-13 10:13:05.716   562   640 D ActivityManager: froze 1309 com.google.process.gservices
01-13 10:13:16.886   562   640 W libprocessgroup: Failed to open /sys/fs/cgroup/./frozen/cgroup.procs: No such file or directory
01-13 10:13:16.887   562   640 W libprocessgroup: Failed to apply Frozen process profile: No such file or directory
01-13 10:13:16.887   562   640 D ActivityManager: froze 26629 com.google.android.gms.unstable
01-13 10:14:00.066   743   949 D EGL_emulation: app_time_stats: avg=60012.16ms min=60012.16ms max=60012.16ms count=1
01-13 10:14:33.063   365   365 E android.hardware.power.stats@1.0-service-mock: Failed to getEnergyData
01-13 10:14:42.488   562  1851 D WifiNl80211Manager: Scan result ready event
01-13 10:14:42.488   562  1851 D WifiNative: Scan result ready event
01-13 10:14:43.380   562  1851 I ActivityManager: Force stopping com.buzzvil.buzzad.benefit.sample_bab appid=10159 user=0: from pid 4586
01-13 10:14:43.385   562  1851 I ActivityManager: Killing 4182:com.buzzvil.buzzad.benefit.sample_bab/u0a159 (adj 0): stop com.buzzvil.buzzad.benefit.sample_bab due to from pid 4586
01-13 10:14:43.400   562  1851 W ActivityTaskManager: Force removing ActivityRecord{d829e69 u0 com.buzzvil.buzzad.benefit.sample_bab/com.buzzvil.buzzad.benefit.sample.PopTestActivity t129 f}}: app died, no saved state
01-13 10:14:43.415   562  1851 W InputManager-JNI: Input channel object '9f8441c com.buzzvil.buzzad.benefit.sample_bab/com.buzzvil.buzzad.benefit.sample.PopTestActivity (client)' was disposed without first being removed with the input manager!
01-13 10:14:43.433   562  1851 W ActivityTaskManager: Force removing ActivityRecord{c56635d u0 com.buzzvil.buzzad.benefit.sample_bab/com.buzzvil.buzzad.benefit.sample.MainActivity t129 f}}: app died, no saved state
01-13 10:14:43.435   562  1851 W InputManager-JNI: Input channel object 'c11bd06 com.buzzvil.buzzad.benefit.sample_bab/com.buzzvil.buzzad.benefit.sample.MainActivity (client)' was disposed without first being removed with the input manager!
01-13 10:14:43.439   562   594 I libprocessgroup: Successfully killed process cgroup uid 10159 pid 4182 in 46ms
01-13 10:14:43.536   562  1851 W InputReader: Device virtio_input_multi_touch_4 is associated with display ADISPLAY_ID_NONE.
01-13 10:14:43.536   562  1851 W InputReader: Device virtio_input_multi_touch_10 is associated with display ADISPLAY_ID_NONE.
01-13 10:14:43.537   562  1851 W InputReader: Device virtio_input_multi_touch_7 is associated with display ADISPLAY_ID_NONE.
01-13 10:14:43.537   562  1851 W InputReader: Device virtio_input_multi_touch_11 is associated with display ADISPLAY_ID_NONE.
01-13 10:14:43.537   562  1851 W InputReader: Device virtio_input_multi_touch_5 is associated with display ADISPLAY_ID_NONE.
01-13 10:14:43.537   562  1851 W InputReader: Device virtio_input_multi_touch_8 is associated with display ADISPLAY_ID_NONE.
01-13 10:14:43.537   562  1851 W InputReader: Device virtio_input_multi_touch_2 is associated with display ADISPLAY_ID_NONE.
01-13 10:14:43.537   562  1851 W InputReader: Device virtio_input_multi_touch_3 is associated with display ADISPLAY_ID_NONE.
01-13 10:14:43.537   562  1851 W InputReader: Device virtio_input_multi_touch_6 is associated with display ADISPLAY_ID_NONE.
01-13 10:14:43.537   562  1851 W InputReader: Device virtio_input_multi_touch_9 is associated with display ADISPLAY_ID_NONE.
01-13 10:14:43.542   562  1851 W InputReader: Device virtio_input_multi_touch_4 is associated with display ADISPLAY_ID_NONE.
01-13 10:14:43.542   562  1851 W InputReader: Device virtio_input_multi_touch_10 is associated with display ADISPLAY_ID_NONE.
01-13 10:14:43.542   562  1851 W InputReader: Device virtio_input_multi_touch_7 is associated with display ADISPLAY_ID_NONE.
01-13 10:14:43.542   562  1851 W InputReader: Device virtio_input_multi_touch_11 is associated with display ADISPLAY_ID_NONE.
01-13 10:14:43.543   562  1851 W InputReader: Device virtio_input_multi_touch_5 is associated with display ADISPLAY_ID_NONE.
01-13 10:14:43.543   562  1851 W InputReader: Device virtio_input_multi_touch_8 is associated with display ADISPLAY_ID_NONE.
01-13 10:14:43.543   562  1851 W InputReader: Device virtio_input_multi_touch_2 is associated with display ADISPLAY_ID_NONE.
01-13 10:14:43.543   562  1851 W InputReader: Device virtio_input_multi_touch_3 is associated with display ADISPLAY_ID_NONE.
01-13 10:14:43.543   562  1851 W InputReader: Device virtio_input_multi_touch_6 is associated with display ADISPLAY_ID_NONE.
01-13 10:14:43.543   562  1851 W InputReader: Device virtio_input_multi_touch_9 is associated with display ADISPLAY_ID_NONE.
01-13 10:14:43.550   562  1851 W ActivityTaskManager: Can't find TaskDisplayArea to determine support for multi window. Task id=129 attached=false
01-13 10:14:43.550   562  1851 W ActivityTaskManager: Can't find TaskDisplayArea to determine support for multi window. Task id=129 attached=false
01-13 10:14:43.561   562   591 W UsageStatsService: Unexpected activity event reported! (com.buzzvil.buzzad.benefit.sample_bab/com.buzzvil.buzzad.benefit.sample.MainActivity event : 23 instanceId : 200816948)
01-13 10:14:43.572   562   562 W Looper  : Slow dispatch took 180ms main h=com.android.server.job.JobSchedulerService$JobHandler c=null m=7
01-13 10:14:43.583 18512 18512 I A       : onApplyWindowInsets: systemWindowInsets=Insets{left=0, top=63, right=0, bottom=126}
01-13 10:14:43.583 18512 18512 I A       : onApplyWindowInsets: systemWindowInsets=Insets{left=0, top=63, right=0, bottom=126}
01-13 10:14:43.587   889   889 D CarrierSvcBindHelper: No carrier app for: 0
01-13 10:14:43.589   355   355 D goldfish-address-space: claimShared: Ask to claim region [0x3f0fd2000 0x3f17bb000]
01-13 10:14:43.603   355   355 D goldfish-address-space: claimShared: Ask to claim region [0x3f57bb000 0x3f5fa4000]
01-13 10:14:43.604   355   355 D goldfish-address-space: claimShared: Ask to claim region [0x3f5fa4000 0x3f678d000]
01-13 10:14:43.615   355   355 D goldfish-address-space: claimShared: Ask to claim region [0x3f678d000 0x3f6f76000]
01-13 10:14:43.652 18512 18724 I OpenGLRenderer: Davey! duration=1182071ms; Flags=1, FrameTimelineVsyncId=1325292, IntendedVsync=65987363843116, Vsync=65987363843116, InputEventId=0, HandleInputStart=65987367021710, AnimationStart=65987367051710, PerformTraversalsStart=65987367094710, DrawStart=65987418499710, FrameDeadline=65987397176448, FrameInterval=65987367000710, FrameStartTime=16666666, SyncQueued=65987428135710, SyncStart=65987429493710, IssueDrawCommandsStart=65987430887710, SwapBuffers=65987438577710, FrameCompleted=67169436570710, DequeueBufferDuration=105000, QueueBufferDuration=6927000, GpuCompleted=67169436570710, SwapBuffersCompleted=65987452632710, DisplayPresentTime=0, 
01-13 10:14:43.657   562  2740 W ActivityManager: Unable to start service Intent { act=android.service.smartspace.SmartspaceService cmp=com.google.android.as/com.google.android.apps.miphone.aiai.app.AiAiSmartspaceService } U=0: not found
01-13 10:14:43.658   562  2740 W RemoteSmartspaceService: could not bind to Intent { act=android.service.smartspace.SmartspaceService cmp=com.google.android.as/com.google.android.apps.miphone.aiai.app.AiAiSmartspaceService } using flags 67112961
01-13 10:14:43.659   562   562 W ActivityManager: Unbind failed: could not find connection for android.app.LoadedApk$ServiceDispatcher$InnerConnection@b928001
01-13 10:14:43.659   743   964 D PeopleSpaceWidgetMgr: Sbn doesn't contain valid PeopleTileKey: null/0/com.buzzvil.buzzad.benefit.sample_bab
01-13 10:14:43.662  1343  1343 I GsaVoiceInteractionSrv: Handling ACTION_START_HOTWORD
01-13 10:14:43.662  1343  1343 I GsaVoiceInteractionSrv: disregardVoiceMatch: false
01-13 10:14:43.663  1343  1343 I GsaVoiceInteractionSrv: Cannot start hotword, hotword has been explicitly disabled.
01-13 10:14:43.681   355   355 D goldfish-address-space: claimShared: Ask to claim region [0x3f6f76000 0x3f775f000]
01-13 10:14:43.704   355   391 D goldfish-address-space: claimShared: Ask to claim region [0x3f4000000 0x3f47e9000]
01-13 10:14:43.723   743   949 D EGL_emulation: app_time_stats: avg=43657.02ms min=43657.02ms max=43657.02ms count=1
01-13 10:14:43.733   562  2740 W ActivityManager: Unable to start service Intent { act=android.service.smartspace.SmartspaceService cmp=com.google.android.as/com.google.android.apps.miphone.aiai.app.AiAiSmartspaceService } U=0: not found
01-13 10:14:43.733   562  2740 W RemoteSmartspaceService: could not bind to Intent { act=android.service.smartspace.SmartspaceService cmp=com.google.android.as/com.google.android.apps.miphone.aiai.app.AiAiSmartspaceService } using flags 67112961
01-13 10:14:43.734   562   562 W ActivityManager: Unbind failed: could not find connection for android.app.LoadedApk$ServiceDispatcher$InnerConnection@6a61b3d
01-13 10:14:43.764  1283  1283 I GoogleInputMethodService: GoogleInputMethodService.onFinishInput():3420 
01-13 10:14:43.773  1283  1283 I GoogleInputMethodService: GoogleInputMethodService.onStartInput():2002 
01-13 10:14:43.802   743   949 D EGL_emulation: app_time_stats: avg=76754.10ms min=13.07ms max=690619.44ms count=9
01-13 10:14:43.810  1283  1283 I DeviceUnlockedTag: DeviceUnlockedTag.notifyDeviceLockStatusChanged():31 Notify device unlocked.
01-13 10:14:43.876   562  2740 V ActivityManager: Got obituary of 4182:com.buzzvil.buzzad.benefit.sample_bab
01-13 10:14:43.904   562   879 I WindowManager: WIN DEATH: Window{a0007c u0 com.buzzvil.buzzad.benefit.sample_bab}
01-13 10:14:43.904   562   879 W InputManager-JNI: Input channel object 'a0007c com.buzzvil.buzzad.benefit.sample_bab (client)' was disposed without first being removed with the input manager!
01-13 10:14:43.919   422   422 E BpTransactionCompletedListener: Failed to transact (-32)
01-13 10:14:43.924   422   422 E BpTransactionCompletedListener: Failed to transact (-32)
01-13 10:14:43.933   562   584 W NotificationHistory: Attempted to remove channel for locked/gone/disabled user 0
01-13 10:14:43.936   562   584 W ActivityManager: setHasOverlayUi called on unknown pid: 4182
01-13 10:14:43.936   562   584 W ActivityManager: setHasOverlayUi called on unknown pid: 4182
01-13 10:14:43.940   337   337 I Zygote  : Process 4182 exited due to signal 9 (Killed)
01-13 10:14:44.109   743   964 D PeopleSpaceWidgetMgr: Sbn doesn't contain valid PeopleTileKey: null/0/android
01-13 10:14:44.201 32179 32179 E studio.deploy: Could not remove file '/data/data/com.buzzvil.buzzad.benefit.sample_bab/code_cache/.ll/': No such file or directory
01-13 10:14:44.257   562   879 I ActivityManager: Force stopping com.buzzvil.buzzad.benefit.sample_bab appid=10159 user=0: from pid 4598
01-13 10:14:44.287   889   889 D CarrierSvcBindHelper: No carrier app for: 0
01-13 10:14:44.342   562   879 I ActivityTaskManager: START u0 {act=android.intent.action.MAIN cat=[android.intent.category.LAUNCHER] flg=0x10000000 cmp=com.buzzvil.buzzad.benefit.sample_bab/com.buzzvil.buzzad.benefit.sample.MainActivity} from uid 2000
01-13 10:14:44.344   562   879 W ActivityTaskManager: Can't find TaskDisplayArea to determine support for multi window. Task id=130 attached=false
01-13 10:14:44.431   562   584 D CompatibilityChangeReporter: Compat change id reported: 135634846; UID 10159; state: DISABLED
01-13 10:14:44.439   562   593 D CompatibilityChangeReporter: Compat change id reported: 143937733; UID 10159; state: ENABLED
01-13 10:14:44.487   337   337 D Zygote  : Forked child process 4608
01-13 10:14:44.488   562   593 W ActivityManager: Slow operation: 77ms so far, now at startProcess: returned from zygote!
01-13 10:14:44.489   562   593 W ActivityManager: Slow operation: 78ms so far, now at startProcess: done updating battery stats
01-13 10:14:44.489   562   593 W ActivityManager: Slow operation: 78ms so far, now at startProcess: building log message
01-13 10:14:44.489   562   593 I ActivityManager: Start proc 4608:com.buzzvil.buzzad.benefit.sample_bab/u0a159 for pre-top-activity {com.buzzvil.buzzad.benefit.sample_bab/com.buzzvil.buzzad.benefit.sample.MainActivity}
01-13 10:14:44.496   562   593 W ActivityManager: Slow operation: 84ms so far, now at startProcess: starting to update pids map
01-13 10:14:44.497   562   593 W ActivityManager: Slow operation: 85ms so far, now at startProcess: done updating pids map
01-13 10:14:44.541  1343  1343 I GsaVoiceInteractionSrv: Handling ACTION_STOP_HOTWORD
01-13 10:14:44.545  1343  1343 E HwDetectorWithState: a: 3
01-13 10:14:44.548   355   391 D goldfish-address-space: claimShared: Ask to claim region [0x3f35a3000 0x3f3d8c000]
01-13 10:14:44.549  4608  4608 I efit.sample_ba: Late-enabling -Xcheck:jni
01-13 10:14:44.564   355   391 D goldfish-address-space: claimShared: Ask to claim region [0x3f0000000 0x3f07e9000]
01-13 10:14:44.567   355   391 D goldfish-address-space: claimShared: Ask to claim region [0x3f07e9000 0x3f0fd2000]
01-13 10:14:44.848  1059  1424 D EGL_emulation: app_time_stats: avg=109.99ms min=5.64ms max=679.03ms count=9
01-13 10:14:44.866  4608  4608 W efit.sample_ba: Unexpected CPU variant for X86 using defaults: x86_64
01-13 10:14:44.964   429   481 I adbd    : jdwp connection from 4608
01-13 10:14:45.203   562  2740 W InputReader: Device virtio_input_multi_touch_4 is associated with display ADISPLAY_ID_NONE.
01-13 10:14:45.203   562  2740 W InputReader: Device virtio_input_multi_touch_10 is associated with display ADISPLAY_ID_NONE.
01-13 10:14:45.204   562  2740 W InputReader: Device virtio_input_multi_touch_7 is associated with display ADISPLAY_ID_NONE.
01-13 10:14:45.205   562  2740 W InputReader: Device virtio_input_multi_touch_11 is associated with display ADISPLAY_ID_NONE.
01-13 10:14:45.207   562  2740 W InputReader: Device virtio_input_multi_touch_5 is associated with display ADISPLAY_ID_NONE.
01-13 10:14:45.208   562  2740 W InputReader: Device virtio_input_multi_touch_8 is associated with display ADISPLAY_ID_NONE.
01-13 10:14:45.208   562  2740 W InputReader: Device virtio_input_multi_touch_2 is associated with display ADISPLAY_ID_NONE.
01-13 10:14:45.208   562  2740 W InputReader: Device virtio_input_multi_touch_3 is associated with display ADISPLAY_ID_NONE.
01-13 10:14:45.208   562  2740 W InputReader: Device virtio_input_multi_touch_6 is associated with display ADISPLAY_ID_NONE.
01-13 10:14:45.208   562  2740 W InputReader: Device virtio_input_multi_touch_9 is associated with display ADISPLAY_ID_NONE.
01-13 10:14:45.208   562  2740 W InputReader: Device virtio_input_multi_touch_4 is associated with display ADISPLAY_ID_NONE.
01-13 10:14:45.208   562  2740 W InputReader: Device virtio_input_multi_touch_10 is associated with display ADISPLAY_ID_NONE.
01-13 10:14:45.208   562  2740 W InputReader: Device virtio_input_multi_touch_7 is associated with display ADISPLAY_ID_NONE.
01-13 10:14:45.209   562  2740 W InputReader: Device virtio_input_multi_touch_11 is associated with display ADISPLAY_ID_NONE.
01-13 10:14:45.209   562  2740 W InputReader: Device virtio_input_multi_touch_5 is associated with display ADISPLAY_ID_NONE.
01-13 10:14:45.209   562  2740 W InputReader: Device virtio_input_multi_touch_8 is associated with display ADISPLAY_ID_NONE.
01-13 10:14:45.209   562  2740 W InputReader: Device virtio_input_multi_touch_2 is associated with display ADISPLAY_ID_NONE.
01-13 10:14:45.209   562  2740 W InputReader: Device virtio_input_multi_touch_3 is associated with display ADISPLAY_ID_NONE.
01-13 10:14:45.209   562  2740 W InputReader: Device virtio_input_multi_touch_6 is associated with display ADISPLAY_ID_NONE.
01-13 10:14:45.209   562  2740 W InputReader: Device virtio_input_multi_touch_9 is associated with display ADISPLAY_ID_NONE.
01-13 10:14:45.245   562   805 W ActivityManager: Unable to start service Intent { act=android.service.smartspace.SmartspaceService cmp=com.google.android.as/com.google.android.apps.miphone.aiai.app.AiAiSmartspaceService } U=0: not found
01-13 10:14:45.247   562   805 W RemoteSmartspaceService: could not bind to Intent { act=android.service.smartspace.SmartspaceService cmp=com.google.android.as/com.google.android.apps.miphone.aiai.app.AiAiSmartspaceService } using flags 67112961
01-13 10:14:45.252   562   562 W ActivityManager: Unbind failed: could not find connection for android.app.LoadedApk$ServiceDispatcher$InnerConnection@8149042
01-13 10:14:45.277  4608  4608 V studio.deploy: Startup agent attached to VM
01-13 10:14:45.280   743   949 D EGL_emulation: app_time_stats: avg=295.36ms min=30.54ms max=1178.68ms count=5
01-13 10:14:45.283  4608  4608 V studio.deploy: No existing instrumentation found. Loading instrumentation from instruments-3e620333.jar
01-13 10:14:45.285  4608  4608 W efit.sample_ba: DexFile /data/data/com.buzzvil.buzzad.benefit.sample_bab/code_cache/.studio/instruments-3e620333.jar is in boot class path but is not in a known location
01-13 10:14:45.293  4608  4608 V studio.deploy: Applying transforms with cached classes
01-13 10:14:45.272  4608  4608 W re-initialized>: type=1400 audit(0.0:218): avc: granted { execute } for path="/data/data/com.buzzvil.buzzad.benefit.sample_bab/code_cache/startup_agents/a67b7118-agent.so" dev="dm-5" ino=132920 scontext=u:r:untrusted_app:s0:c159,c256,c512,c768 tcontext=u:object_r:app_data_file:s0:c159,c256,c512,c768 tclass=file app=com.buzzvil.buzzad.benefit.sample_bab
01-13 10:14:45.311 18512 18512 I A       : onApplyWindowInsets: systemWindowInsets=Insets{left=0, top=63, right=0, bottom=126}
01-13 10:14:45.311 18512 18512 I A       : onApplyWindowInsets: systemWindowInsets=Insets{left=0, top=63, right=0, bottom=126}
01-13 10:14:45.521  4608  4608 W efit.sample_ba: Verification of android.app.IServiceConnection android.app.LoadedApk.forgetServiceDispatcher(android.content.Context, android.content.ServiceConnection) took 122.450ms (1649.65 bytecodes/s) (5352B approximate peak alloc)
01-13 10:14:45.645  4608  4608 W efit.sample_ba: Redefining intrinsic method java.lang.Thread java.lang.Thread.currentThread(). This may cause the unexpected use of the original definition of java.lang.Thread java.lang.Thread.currentThread()in methods that have already been compiled.
01-13 10:14:45.645  4608  4608 W efit.sample_ba: Redefining intrinsic method boolean java.lang.Thread.interrupted(). This may cause the unexpected use of the original definition of boolean java.lang.Thread.interrupted()in methods that have already been compiled.
01-13 10:14:45.662  4608  4608 D CompatibilityChangeReporter: Compat change id reported: 171979766; UID 10159; state: DISABLED
01-13 10:14:46.300   743   949 D EGL_emulation: app_time_stats: avg=34.84ms min=2.79ms max=349.48ms count=24
01-13 10:14:46.873  4608  4620 W System  : A resource failed to call close. 
01-13 10:14:47.204  4608  4608 V GraphicsEnvironment: ANGLE Developer option for 'com.buzzvil.buzzad.benefit.sample_bab' set to: 'default'
01-13 10:14:47.204  4608  4608 V GraphicsEnvironment: Neither updatable production driver nor prerelease driver is supported.
01-13 10:14:47.211  4608  4608 D NetworkSecurityConfig: No Network Security Config specified, using platform default
01-13 10:14:47.212  4608  4608 D NetworkSecurityConfig: No Network Security Config specified, using platform default
01-13 10:14:47.221  4608  4608 I MultiDex: VM with version 2.1.0 has multidex support
01-13 10:14:47.221  4608  4608 I MultiDex: Installing application
01-13 10:14:47.221  4608  4608 I MultiDex: VM has multidex support, MultiDex support library is disabled.
01-13 10:14:47.525  4608  4638 D FBAudienceNetwork: SDK dex loading time: 259
01-13 10:14:47.680  4608  4640 D CompatibilityChangeReporter: Compat change id reported: 160794467; UID 10159; state: DISABLED
01-13 10:14:47.769  4608  4608 W efit.sample_ba: Accessing hidden method Landroid/view/WindowManagerGlobal;->getInstance()Landroid/view/WindowManagerGlobal; (unsupported, reflection, allowed)
01-13 10:14:47.770  4608  4608 W efit.sample_ba: Accessing hidden field Landroid/view/WindowManagerGlobal;->mViews:Ljava/util/ArrayList; (unsupported, reflection, allowed)
01-13 10:14:47.770  4608  4608 W efit.sample_ba: Accessing hidden field Landroid/app/ActivityThread;->mH:Landroid/app/ActivityThread$H; (unsupported, reflection, allowed)
01-13 10:14:47.770  4608  4608 W efit.sample_ba: Accessing hidden method Landroid/app/ActivityThread;->currentActivityThread()Landroid/app/ActivityThread; (unsupported, reflection, allowed)
01-13 10:14:47.771  4608  4608 W efit.sample_ba: Accessing hidden field Landroid/os/Handler;->mCallback:Landroid/os/Handler$Callback; (unsupported, reflection, allowed)
01-13 10:14:47.777  4608  4608 W efit.sample_ba: Accessing hidden field Landroid/util/Singleton;->mInstance:Ljava/lang/Object; (unsupported, reflection, allowed)
01-13 10:14:47.778  4608  4608 W efit.sample_ba: Accessing hidden method Landroid/util/Singleton;->get()Ljava/lang/Object; (unsupported, reflection, allowed)
01-13 10:14:47.786  4608  4608 W efit.sample_ba: Accessing hidden field Landroid/app/ActivityManager;->IActivityManagerSingleton:Landroid/util/Singleton; (unsupported, reflection, allowed)
01-13 10:14:47.800  4608  4608 D Sentry  : io.sentry.auto-init read: true
01-13 10:14:47.800  4608  4608 I Sentry  : Retrieving auto-init from AndroidManifest.xml
01-13 10:14:47.900  4608  4608 D Sentry  : io.sentry.debug.level read: debug
01-13 10:14:47.900  4608  4608 D Sentry  : io.sentry.anr.enable read: true
01-13 10:14:47.901  4608  4608 D Sentry  : io.sentry.session-tracking.enable read: true
01-13 10:14:47.901  4608  4608 D Sentry  : io.sentry.auto-session-tracking.enable read: true
01-13 10:14:47.901  4608  4608 D Sentry  : io.sentry.sample-rate read: -1.0
01-13 10:14:47.901  4608  4608 D Sentry  : io.sentry.anr.report-debug read: false
01-13 10:14:47.902  4608  4608 D Sentry  : io.sentry.anr.timeout-interval-millis read: 5000
01-13 10:14:47.902  4608  4608 D Sentry  : io.sentry.dsn read: https://a05971729ee64af4bf5c2d85da5ad79c@o4459.ingest.sentry.io/5998640
01-13 10:14:47.903  4608  4608 D Sentry  : io.sentry.ndk.enable read: true
01-13 10:14:47.903  4608  4608 D Sentry  : io.sentry.ndk.scope-sync.enable read: false
01-13 10:14:47.903  4608  4608 D Sentry  : io.sentry.release read: null
01-13 10:14:47.903  4608  4608 D Sentry  : io.sentry.environment read: null
01-13 10:14:47.903  4608  4608 D Sentry  : io.sentry.session-tracking.timeout-interval-millis read: 30000
01-13 10:14:47.903  4608  4608 D Sentry  : io.sentry.breadcrumbs.activity-lifecycle read: true
01-13 10:14:47.904  4608  4608 D Sentry  : io.sentry.breadcrumbs.app-lifecycle read: true
01-13 10:14:47.904  4608  4608 D Sentry  : io.sentry.breadcrumbs.system-events read: true
01-13 10:14:47.904  4608  4608 D Sentry  : io.sentry.breadcrumbs.app-components read: true
01-13 10:14:47.904  4608  4608 D Sentry  : io.sentry.uncaught-exception-handler.enable read: true
01-13 10:14:47.905  4608  4608 D Sentry  : io.sentry.attach-threads read: false
01-13 10:14:47.905  4608  4608 D Sentry  : io.sentry.traces.sample-rate read: -1.0
01-13 10:14:47.905  4608  4608 D Sentry  : io.sentry.traces.trace-sampling read: false
01-13 10:14:47.905  4608  4608 D Sentry  : io.sentry.traces.activity.enable read: true
01-13 10:14:47.906  4608  4608 D Sentry  : io.sentry.traces.activity.auto-finish.enable read: true
01-13 10:14:47.906  4608  4608 D Sentry  : io.sentry.traces.tracing-origins read: null
01-13 10:14:47.906  4608  4608 D Sentry  : io.sentry.proguard-uuid read: null
01-13 10:14:47.906  4608  4608 I Sentry  : Retrieving configuration from AndroidManifest.xml
01-13 10:14:47.924  4608  4608 I Sentry  : sentry-debug-meta.properties file was not found.
01-13 10:14:47.932  4608  4608 I Sentry  : Initializing SDK with DSN: 'https://a05971729ee64af4bf5c2d85da5ad79c@o4459.ingest.sentry.io/5998640'
01-13 10:14:47.934  4608  4648 D Sentry  : SU isn't found on this Device.
01-13 10:14:47.937  4608  4608 I Sentry  : GlobalHubMode: 'true'
01-13 10:14:47.940  4608  4608 W pool-8-thread-1: type=1400 audit(0.0:219): avc: denied { read } for name="version" dev="proc" ino=4026532035 scontext=u:r:untrusted_app:s0:c159,c256,c512,c768 tcontext=u:object_r:proc_version:s0 tclass=file permissive=0 app=com.buzzvil.buzzad.benefit.sample_bab
01-13 10:14:47.971  4608  4608 D Sentry  : UncaughtExceptionHandlerIntegration enabled: true
01-13 10:14:47.971  4608  4608 D Sentry  : default UncaughtExceptionHandler class='com.android.internal.os.RuntimeInit$KillApplicationHandler'
01-13 10:14:47.971  4608  4608 D Sentry  : UncaughtExceptionHandlerIntegration installed.
01-13 10:14:47.972  4608  4608 D Sentry  : ShutdownHookIntegration installed.
01-13 10:14:47.976  4608  4608 D Sentry  : SendCachedEventFireAndForgetIntegration installed.
01-13 10:14:47.977  4608  4608 D Sentry  : NdkIntegration enabled: true
01-13 10:14:47.977  4608  4650 D Sentry  : Started processing cached files from /data/user/0/com.buzzvil.buzzad.benefit.sample_bab/cache/sentry
01-13 10:14:47.977  4608  4650 D Sentry  : Processing dir. /data/user/0/com.buzzvil.buzzad.benefit.sample_bab/cache/sentry
01-13 10:14:47.979  4608  4608 I sentry-native: using database path "/data/data/com.buzzvil.buzzad.benefit.sample_bab/cache/sentry/.sentry-native"
01-13 10:14:47.980  4608  4650 D Sentry  : Processing 1 items from cache dir /data/user/0/com.buzzvil.buzzad.benefit.sample_bab/cache/sentry
01-13 10:14:47.980  4608  4608 D sentry-native: starting backend
01-13 10:14:47.980  4608  4650 D Sentry  : File /data/user/0/com.buzzvil.buzzad.benefit.sample_bab/cache/sentry/outbox is not a File.
01-13 10:14:47.981  4608  4650 D Sentry  : File /data/user/0/com.buzzvil.buzzad.benefit.sample_bab/cache/sentry/.sentry-native is not a File.
01-13 10:14:47.982  4608  4650 D Sentry  : Processing file: /data/user/0/com.buzzvil.buzzad.benefit.sample_bab/cache/sentry/session.json
01-13 10:14:47.984  4608  4650 D Sentry  : File '/data/user/0/com.buzzvil.buzzad.benefit.sample_bab/cache/sentry/session.json' doesn't match extension expected.
01-13 10:14:47.984  4608  4650 D Sentry  : Processing file: /data/user/0/com.buzzvil.buzzad.benefit.sample_bab/cache/sentry/9150bfea-e126-45c5-ba30-8f220ac86295.envelope
01-13 10:14:47.986  4608  4608 D Sentry  : NdkIntegration installed.
01-13 10:14:47.986  4608  4608 D Sentry  : Registering EnvelopeFileObserverIntegration for path: /data/user/0/com.buzzvil.buzzad.benefit.sample_bab/cache/sentry/outbox
01-13 10:14:47.990  4608  4608 D Sentry  : EnvelopeFileObserverIntegration installed.
01-13 10:14:47.990  4608  4608 D Sentry  : SendCachedEventFireAndForgetIntegration installed.
01-13 10:14:47.991  4608  4608 D Sentry  : AnrIntegration enabled: true
01-13 10:14:47.991  4608  4608 D Sentry  : ANR timeout in milliseconds: 5000
01-13 10:14:47.993  4608  4608 D Sentry  : AnrIntegration installed.
01-13 10:14:47.993  4608  4608 D Sentry  : enableSessionTracking enabled: true
01-13 10:14:47.993  4608  4608 D Sentry  : enableAppLifecycleBreadcrumbs enabled: true
01-13 10:14:47.996  4608  4608 D Sentry  : AppLifecycleIntegration installed.
01-13 10:14:47.997  4608  4608 D Sentry  : ActivityLifecycleIntegration enabled: true
01-13 10:14:47.997  4608  4608 D Sentry  : ActivityLifecycleIntegration installed.
01-13 10:14:47.997  4608  4608 D Sentry  : AppComponentsBreadcrumbsIntegration enabled: true
01-13 10:14:47.997  4608  4608 D Sentry  : AppComponentsBreadcrumbsIntegration installed.
01-13 10:14:47.997  4608  4608 D Sentry  : SystemEventsBreadcrumbsIntegration enabled: true
01-13 10:14:48.001  4608  4608 D Sentry  : SystemEventsBreadcrumbsIntegration installed.
01-13 10:14:48.001  4608  4608 D Sentry  : enableSystemEventsBreadcrumbs enabled: true
01-13 10:14:48.004  4608  4650 D Sentry  : Captured Envelope is already cached
01-13 10:14:48.006   562  2740 W ServiceManager: Permission failure: android.permission.HIGH_SAMPLING_RATE_SENSORS from uid=10159 pid=4608
01-13 10:14:48.022   562  2740 W ServiceManager: Permission failure: android.permission.HIGH_SAMPLING_RATE_SENSORS from uid=10159 pid=4608
01-13 10:14:48.027  4608  4608 D Sentry  : TempSensorBreadcrumbsIntegration installed.
01-13 10:14:48.027  4608  4608 D Sentry  : enableSystemEventBreadcrumbs enabled: true
01-13 10:14:48.193  4608  4608 W efit.sample_ba: Accessing hidden method Ldalvik/system/CloseGuard;->get()Ldalvik/system/CloseGuard; (unsupported,core-platform-api, reflection, allowed)
01-13 10:14:48.193  4608  4608 W efit.sample_ba: Accessing hidden method Ldalvik/system/CloseGuard;->open(Ljava/lang/String;)V (unsupported,core-platform-api, reflection, allowed)
01-13 10:14:48.193  4608  4608 W efit.sample_ba: Accessing hidden method Ldalvik/system/CloseGuard;->warnIfOpen()V (unsupported,core-platform-api, reflection, allowed)
01-13 10:14:48.225  4608  4654 D Sentry  : Envelope sent successfully.
01-13 10:14:48.230  4608  4654 D Sentry  : Envelope flushed
01-13 10:14:48.230  4608  4654 D Sentry  : Marking envelope submission result: true
01-13 10:14:48.230  4608  4650 D Sentry  : Deleted file /data/user/0/com.buzzvil.buzzad.benefit.sample_bab/cache/sentry/9150bfea-e126-45c5-ba30-8f220ac86295.envelope.
01-13 10:14:48.230  4608  4650 D Sentry  : Finished processing cached files from /data/user/0/com.buzzvil.buzzad.benefit.sample_bab/cache/sentry
01-13 10:14:48.231  4608  4650 D Sentry  : Started processing cached files from /data/user/0/com.buzzvil.buzzad.benefit.sample_bab/cache/sentry/outbox
01-13 10:14:48.231  4608  4650 D Sentry  : Processing dir. /data/user/0/com.buzzvil.buzzad.benefit.sample_bab/cache/sentry/outbox
01-13 10:14:48.231  4608  4650 D Sentry  : Processing 0 items from cache dir /data/user/0/com.buzzvil.buzzad.benefit.sample_bab/cache/sentry/outbox
01-13 10:14:48.232  4608  4650 D Sentry  : Finished processing cached files from /data/user/0/com.buzzvil.buzzad.benefit.sample_bab/cache/sentry/outbox
01-13 10:14:48.416  4608  4608 D BZ PopSessionReadyReceiver: Session is Ready. initPopRemoteConfig.
01-13 10:14:48.419  4608  4608 D BZ PopSessionReadyReceiver: initPopRemoteConfig: session is ready. Updating popRemoteConfig requested.
01-13 10:14:48.432   562  2740 D ActivityManager: sync unfroze 26629 com.google.android.gms.unstable
01-13 10:14:48.442  4608  4677 W DynamiteModule: Local module descriptor class for com.google.android.gms.providerinstaller.dynamite not found.
01-13 10:14:48.453  4608  4677 I DynamiteModule: Considering local module com.google.android.gms.providerinstaller.dynamite:0 and remote module com.google.android.gms.providerinstaller.dynamite:0
01-13 10:14:48.453  4608  4677 W ProviderInstaller: Failed to load providerinstaller module: No acceptable module found. Local version is 0 and remote version is 0.
01-13 10:14:48.500  4608  4677 W efit.sample_ba: Loading /data/app/~~2FzUyMmo2_6BN8CDOKbXYg==/com.google.android.gms-mpHuDDKDx_siWFd-22Fy5Q==/oat/x86_64/base.odexnon-executable as it requires an image which we failed to load
01-13 10:14:48.521  4608  4677 V NativeCrypto: Registering com/google/android/gms/org/conscrypt/NativeCrypto's 294 native methods...
01-13 10:14:48.536  4608  4677 W efit.sample_ba: Accessing hidden method Ljava/security/spec/ECParameterSpec;->getCurveName()Ljava/lang/String; (unsupported, reflection, allowed)
01-13 10:14:48.543  4608  4608 I BZ RemoteConfig: update remote config successfully
01-13 10:14:48.549  4608  4608 I BZ RemoteConfig: update remote config successfully
01-13 10:14:48.556  4608  4677 I ProviderInstaller: Installed default security provider GmsCore_OpenSSL
01-13 10:14:48.644  4608  4680 D OkHttp  : --> GET https://screen.buzzvil.com/api/units/444437953344574
01-13 10:14:48.645  4608  4680 D OkHttp  : --> END GET
01-13 10:14:48.716  4608  4608 I BZ RemoteConfig: update remote config successfully
01-13 10:14:48.716  4608  4608 D BZ FeedRemoteConfigRepositoryImpl: load()
01-13 10:14:48.722  4608  4684 I BZ RemoteConfig: update remote config successfully
01-13 10:14:48.726  4608  4608 I BZ RemoteConfig: update remote config successfully
01-13 10:14:48.726  4608  4608 D BZ FeedRemoteConfigRepositoryImpl: load()
01-13 10:14:48.728  4608  4684 I BZ RemoteConfig: update remote config successfully
01-13 10:14:48.742  4608  4608 D BZ RestartServiceUseCase: startPopControlServiceIfNeeded isPopControlServiceRunning = false
01-13 10:14:48.749  4608  4608 I BZ RemoteConfig: update remote config successfully
01-13 10:14:48.749  4608  4608 D BZ FeedRemoteConfigRepositoryImpl: load()
01-13 10:14:48.751  4608  4684 I BZ RemoteConfig: update remote config successfully
01-13 10:14:48.755  4608  4608 I BZ RemoteConfig: update remote config successfully
01-13 10:14:48.755  4608  4608 D BZ FeedRemoteConfigRepositoryImpl: load()
01-13 10:14:48.757  4608  4684 I BZ RemoteConfig: update remote config successfully
01-13 10:14:48.758  4608  4608 E BZ RestartServiceUseCase: restartPopControlService!
01-13 10:14:48.760  4608  4608 D BZ BuzzRoulette: Roulette initialize.
01-13 10:14:48.778  4608  4684 D OkHttp  : --> GET https://screen.buzzvil.com/api/externals/avatye/external_profile?unit_id=213865591634697
01-13 10:14:48.778  4608  4684 D OkHttp  : --> END GET
01-13 10:14:48.780  4608  4608 D CompatibilityChangeReporter: Compat change id reported: 147798919; UID 10159; state: ENABLED
01-13 10:14:48.803  4608  4690 D libEGL  : loaded /vendor/lib64/egl/libEGL_emulation.so
01-13 10:14:48.808  4608  4690 D libEGL  : loaded /vendor/lib64/egl/libGLESv1_CM_emulation.so
01-13 10:14:48.808   355   391 D goldfish-address-space: claimShared: Ask to claim region [0x3f3d8c000 0x3f3e86000]
01-13 10:14:48.810   355   391 D goldfish-address-space: claimShared: Ask to claim region [0x3f26af000 0x3f27a9000]
01-13 10:14:48.813   355   391 D goldfish-address-space: claimShared: Ask to claim region [0x3f27a9000 0x3f28a3000]
01-13 10:14:48.814  4608  4690 D libEGL  : loaded /vendor/lib64/egl/libGLESv2_emulation.so
01-13 10:14:48.909  4608  4680 D OkHttp  : <-- 200 OK https://screen.buzzvil.com/api/units/444437953344574 (263ms)
01-13 10:14:48.909  4608  4680 D OkHttp  : access-control-allow-origin: *
01-13 10:14:48.909  4608  4680 D OkHttp  : content-type: application/json; charset=UTF-8
01-13 10:14:48.909  4608  4680 D OkHttp  : date: Thu, 13 Jan 2022 10:22:02 GMT
01-13 10:14:48.909  4608  4680 D OkHttp  : server: istio-envoy
01-13 10:14:48.909  4608  4680 D OkHttp  : vary: Origin, Accept-Encoding
01-13 10:14:48.909  4608  4680 D OkHttp  : x-envoy-upstream-service-time: 5
01-13 10:14:48.909  4608  4680 D OkHttp  : Connection: keep-alive
01-13 10:14:48.913  4608  4680 D OkHttp  : {"id":444437953344574,"type":"benefit-pop","settings":{"base_hour_limit":1,"base_init_period":60,"base_reward":1,"feed_ratio":{"ad":2,"content":1},"first_screen_ratio":{"ad":9,"content":1},"hour_limit":12,"pager_ratio":{"ad":3,"content":1},"page_limit":20}}
01-13 10:14:48.913  4608  4680 D OkHttp  : <-- END HTTP (258-byte body)
01-13 10:14:48.986  4608  4684 D OkHttp  : <-- 200 OK https://screen.buzzvil.com/api/externals/avatye/external_profile?unit_id=213865591634697 (208ms)
01-13 10:14:48.987  4608  4684 D OkHttp  : access-control-allow-origin: *
01-13 10:14:48.987  4608  4684 D OkHttp  : content-type: application/json; charset=UTF-8
01-13 10:14:48.987  4608  4684 D OkHttp  : date: Thu, 13 Jan 2022 10:22:02 GMT
01-13 10:14:48.987  4608  4684 D OkHttp  : server: istio-envoy
01-13 10:14:48.988  4608  4684 D OkHttp  : vary: Origin, Accept-Encoding
01-13 10:14:48.988  4608  4684 D OkHttp  : x-envoy-upstream-service-time: 7
01-13 10:14:48.988  4608  4684 D OkHttp  : Connection: keep-alive
01-13 10:14:48.990  4608  4684 D OkHttp  : {"external_id":"YVr-tLddgonuz83Xg_fVRg==","app_key":"100000043","extra":{"unit_id":213865591634697}}
01-13 10:14:48.990  4608  4684 D OkHttp  : <-- END HTTP (101-byte body)
01-13 10:14:49.013  4608  4608 W efit.sample_ba: Accessing hidden method Landroid/view/View;->computeFitSystemWindows(Landroid/graphics/Rect;Landroid/graphics/Rect;)Z (unsupported, reflection, allowed)
01-13 10:14:49.013  4608  4608 W efit.sample_ba: Accessing hidden method Landroid/view/ViewGroup;->makeOptionalFitsSystemWindows()V (unsupported, reflection, allowed)
01-13 10:14:49.040  4608  4608 D CompatibilityChangeReporter: Compat change id reported: 171228096; UID 10159; state: ENABLED
01-13 10:14:49.325  4608  4639 D LeakCanary: Setting up flushing for Thread[LeakCanary-Heap-Dump,5,main]
01-13 10:14:49.327  4608  4639 D LeakCanary: Setting up flushing for Thread[queued-work-looper,5,main]
01-13 10:14:49.342  4608  4654 W Sentry  : Current session is not ended, we'd need to end it.
01-13 10:14:49.348  4608  4608 D BZ LaunchActivityLifecycleObserver: BuzzAdPush onActivityResumed. ComponentInfo{com.buzzvil.buzzad.benefit.sample_bab/com.buzzvil.buzzad.benefit.sample.MainActivity} 89382311
01-13 10:14:49.350  4608  4654 D Sentry  : Serializing object: {"sid":"636b4ebb-d530-41bd-b931-0d31b5a91ccf","did":"c604549f-a992-4f1b-b5e9-3cd0898652dc","started":"2022-01-13T01:03:12.037Z","status":"exited","seq":1642036489347,"duration":697.31,"timestamp":"2022-01-13T01:14:49.347Z","attrs":{"release":"com.buzzvil.buzzad.benefit.sample_bab@3.2.0-rc.1+40301"}}
01-13 10:14:49.353  4608  4654 D Sentry  : Serializing object: {"sid":"f46eba44-d191-4239-abf9-262b8166c767","did":"c604549f-a992-4f1b-b5e9-3cd0898652dc","init":true,"started":"2022-01-13T01:14:49.340Z","status":"ok","timestamp":"2022-01-13T01:14:49.340Z","attrs":{"release":"com.buzzvil.buzzad.benefit.sample_bab@3.2.0-rc.1+40301"}}
01-13 10:14:49.357  4608  4654 D Sentry  : Serializing object: {"sid":"f46eba44-d191-4239-abf9-262b8166c767","did":"c604549f-a992-4f1b-b5e9-3cd0898652dc","init":true,"started":"2022-01-13T01:14:49.340Z","status":"ok","timestamp":"2022-01-13T01:14:49.340Z","attrs":{"release":"com.buzzvil.buzzad.benefit.sample_bab@3.2.0-rc.1+40301"}}
01-13 10:14:49.360  4608  4654 D Sentry  : Adding Envelope to offline storage: /data/user/0/com.buzzvil.buzzad.benefit.sample_bab/cache/sentry/818ecc34-8f31-438c-bdf1-0492099a12df.envelope
01-13 10:14:49.371  4608  4608 W efit.sample_ba: Accessing hidden field Lcom/android/internal/policy/DecorView;->mWindow:Lcom/android/internal/policy/PhoneWindow; (unsupported, reflection, allowed)
01-13 10:14:49.374  4608  4654 W efit.sample_ba: Accessing hidden field Ljava/net/Socket;->impl:Ljava/net/SocketImpl; (unsupported, reflection, allowed)
01-13 10:14:49.408  4608  4608 D BZ PopControlService: onCreate
01-13 10:14:49.409  4608  4608 D BZ RestartScheduler: start() called
01-13 10:14:49.435  4608  4608 D BZ PopControlService: onStartCommand() flags = 0, startId = 1
01-13 10:14:49.448   562   562 W NotificationHistory: Attempted to add notif for locked/gone/disabled user 0
01-13 10:14:49.450  4608  4608 D BZ PopControlService: buildHoverView()
01-13 10:14:49.454  4608  4608 D BZ HoverView: createForWindow(context: Context, windowViewController: WindowViewController, sidePosition: SideDock.SidePosition)
01-13 10:14:49.456  4608  4654 D Sentry  : Envelope sent successfully.
01-13 10:14:49.458  4608  4654 D Sentry  : Discarding envelope from cache: /data/user/0/com.buzzvil.buzzad.benefit.sample_bab/cache/sentry/818ecc34-8f31-438c-bdf1-0492099a12df.envelope
01-13 10:14:49.459  4608  4654 D Sentry  : Envelope flushed
01-13 10:14:49.462   743   743 D InterruptionStateProvider: No bubble up: not allowed to bubble: 0|com.buzzvil.buzzad.benefit.sample_bab|1000|null|10159
01-13 10:14:49.464   743   743 D InterruptionStateProvider: No heads up: unimportant notification: 0|com.buzzvil.buzzad.benefit.sample_bab|1000|null|10159
01-13 10:14:49.465   743   964 D PeopleSpaceWidgetMgr: Sbn doesn't contain valid PeopleTileKey: null/0/com.buzzvil.buzzad.benefit.sample_bab
01-13 10:14:49.471  4608  4608 D BZ PopHoverViewController: PopHoverViewController()
01-13 10:14:49.471  4608  4608 D BZ PopHoverViewController: init()
01-13 10:14:49.478  4608  4608 D BZ PopHoverViewController: buildHoverView()
01-13 10:14:49.479  4608  4608 D BZ HoverView: addOnStateChangeListener
01-13 10:14:49.479  4608  4608 D BZ HoverView: addOnFloatingTabInteractionListener
01-13 10:14:49.480  4608  4608 D BZ HoverView: setTabMessageViewInteractionListener
01-13 10:14:49.489  4608  4608 D BZ BuzzRoulette: Roulette setProfile
01-13 10:14:49.513   743   949 D EGL_emulation: app_time_stats: avg=720.74ms min=5.27ms max=5369.93ms count=8
01-13 10:14:49.591  4608  4644 D LeakCanary: LeakCanary is running and ready to detect memory leaks.
01-13 10:14:49.609  4608  4689 D HostConnection: createUnique: call
01-13 10:14:49.610  4608  4689 D HostConnection: HostConnection::get() New Host Connection established 0x77a51cdb2ad0, tid 4689
01-13 10:14:49.625  4608  4689 D HostConnection: HostComposition ext ANDROID_EMU_CHECKSUM_HELPER_v1 ANDROID_EMU_native_sync_v2 ANDROID_EMU_native_sync_v3 ANDROID_EMU_native_sync_v4 ANDROID_EMU_dma_v1 ANDROID_EMU_direct_mem ANDROID_EMU_host_composition_v1 ANDROID_EMU_host_composition_v2 ANDROID_EMU_YUV_Cache ANDROID_EMU_has_shared_slots_host_memory_allocator ANDROID_EMU_sync_buffer_data ANDROID_EMU_read_color_buffer_dma GL_OES_EGL_image_external_essl3 GL_OES_vertex_array_object GL_KHR_texture_compression_astc_ldr ANDROID_EMU_host_side_tracing ANDROID_EMU_gles_max_version_3_0 
01-13 10:14:49.629   194   194 I hwservicemanager: getTransport: Cannot find entry android.hardware.configstore@1.0::ISurfaceFlingerConfigs/default in either framework or device VINTF manifest.
01-13 10:14:49.630  4608  4689 W OpenGLRenderer: Failed to choose config with EGL_SWAP_BEHAVIOR_PRESERVED, retrying without...
01-13 10:14:49.631  4608  4689 W OpenGLRenderer: Failed to initialize 101010-2 format, error = EGL_SUCCESS
01-13 10:14:49.633  4608  4689 D EGL_emulation: eglCreateContext: 0x77a51cdb8350: maj 3 min 0 rcv 3
01-13 10:14:49.634  4608  4689 D EGL_emulation: eglMakeCurrent: 0x77a51cdb8350: ver 3 0 (tinfo 0x77a738f00080) (first time)
01-13 10:14:49.644   422   541 E HWComposer: getSupportedContentTypes: getSupportedContentTypes failed for display 4619827259835644672: Unsupported (8)
01-13 10:14:49.647   194   194 I hwservicemanager: getTransport: Cannot find entry android.hardware.graphics.mapper@4.0::IMapper/default in either framework or device VINTF manifest.
01-13 10:14:49.647  4608  4689 I Gralloc4: mapper 4.x is not supported
01-13 10:14:49.656  4608  4689 D HostConnection: createUnique: call
01-13 10:14:49.657  4608  4689 D HostConnection: HostConnection::get() New Host Connection established 0x77a51cdb7e10, tid 4689
01-13 10:14:49.657  4608  4689 D goldfish-address-space: allocate: Ask for block of size 0x100
01-13 10:14:49.657  4608  4689 D goldfish-address-space: allocate: ioctl allocate returned offset 0x3efffe000 size 0x2000
01-13 10:14:49.659   194   194 I hwservicemanager: getTransport: Cannot find entry android.hardware.graphics.allocator@4.0::IAllocator/default in either framework or device VINTF manifest.
01-13 10:14:49.660  4608  4689 W Gralloc4: allocator 4.x is not supported
01-13 10:14:49.663   355   391 D goldfish-address-space: claimShared: Ask to claim region [0x3f47e9000 0x3f4fd2000]
01-13 10:14:49.687  4608  4689 D HostConnection: HostComposition ext ANDROID_EMU_CHECKSUM_HELPER_v1 ANDROID_EMU_native_sync_v2 ANDROID_EMU_native_sync_v3 ANDROID_EMU_native_sync_v4 ANDROID_EMU_dma_v1 ANDROID_EMU_direct_mem ANDROID_EMU_host_composition_v1 ANDROID_EMU_host_composition_v2 ANDROID_EMU_YUV_Cache ANDROID_EMU_has_shared_slots_host_memory_allocator ANDROID_EMU_sync_buffer_data ANDROID_EMU_read_color_buffer_dma GL_OES_EGL_image_external_essl3 GL_OES_vertex_array_object GL_KHR_texture_compression_astc_ldr ANDROID_EMU_host_side_tracing ANDROID_EMU_gles_max_version_3_0 
01-13 10:14:49.690   355   391 D goldfish-address-space: claimShared: Ask to claim region [0x3f4fd2000 0x3f57bb000]
01-13 10:14:49.692   355   391 D goldfish-address-space: claimShared: Ask to claim region [0x3f57bb000 0x3f5fa4000]
01-13 10:14:49.839   562   581 I ActivityTaskManager: Displayed com.buzzvil.buzzad.benefit.sample_bab/com.buzzvil.buzzad.benefit.sample.MainActivity: +5s496ms
01-13 10:14:49.908  1283  1283 I GoogleInputMethodService: GoogleInputMethodService.onFinishInput():3420 
01-13 10:14:49.909  1283  1283 I GoogleInputMethodService: GoogleInputMethodService.onStartInput():2002 
01-13 10:14:49.914  1283  1283 I DeviceUnlockedTag: DeviceUnlockedTag.notifyDeviceLockStatusChanged():31 Notify device unlocked.
01-13 10:14:49.925  5006  5024 I FontLog : Received query Noto Color Emoji Compat, URI content://com.google.android.gms.fonts [CONTEXT service_id=132 ]
01-13 10:14:49.927  5006  5024 I FontLog : Query [emojicompat-emoji-font] resolved to {Noto Color Emoji Compat, wdth 100.0, wght 400, ital 0.0, bestEffort false} [CONTEXT service_id=132 ]
01-13 10:14:49.930  5006  5024 I FontLog : Fetch {Noto Color Emoji Compat, wdth 100.0, wght 400, ital 0.0, bestEffort false} end status Status{statusCode=SUCCESS, resolution=null} [CONTEXT service_id=132 ]
01-13 10:14:49.960  5006  5024 I FontLog : Pulling font file for id = 97, cache size = 4 [CONTEXT service_id=132 ]
01-13 10:14:49.968  5006  5024 I FontLog : Pulling font file for id = 97, cache size = 4 [CONTEXT service_id=132 ]
01-13 10:14:50.048  4608  4684 D OkHttp  : --> POST https://auth.buzzvil.com/v1/auth
01-13 10:14:50.048  4608  4684 D OkHttp  : Content-Type: application/json
01-13 10:14:50.048  4608  4684 D OkHttp  : Content-Length: 104
01-13 10:14:50.048  4608  4684 D OkHttp  : {"app_id":"100000043","ifa":"5900db9a-cada-4c2c-b32b-cbadc64b1e8e","publisher_user_id":"SAMPLE_USER_ID"}
01-13 10:14:50.048  4608  4684 D OkHttp  : --> END POST (104-byte body)
01-13 10:14:50.124   562   805 W InputManager-JNI: Input channel object '742c23a Splash Screen com.buzzvil.buzzad.benefit.sample_bab (client)' was disposed without first being removed with the input manager!
01-13 10:14:50.272  4608  4684 D OkHttp  : <-- 200 OK https://auth.buzzvil.com/v1/auth (224ms)
01-13 10:14:50.272  4608  4684 D OkHttp  : content-type: application/json
01-13 10:14:50.272  4608  4684 D OkHttp  : date: Thu, 13 Jan 2022 10:22:03 GMT
01-13 10:14:50.272  4608  4684 D OkHttp  : grpc-metadata-content-type: application/grpc
01-13 10:14:50.273  4608  4684 D OkHttp  : server: istio-envoy
01-13 10:14:50.273  4608  4684 D OkHttp  : vary: Accept-Encoding
01-13 10:14:50.273  4608  4684 D OkHttp  : x-envoy-upstream-service-time: 9
01-13 10:14:50.273  4608  4684 D OkHttp  : Connection: keep-alive
01-13 10:14:50.275  4608  4684 D OkHttp  : {"token":"{\"protected\":\"eyJhbGciOiJBMTI4R0NNS1ciLCJlbmMiOiJBMTI4Q0JDLUhTMjU2IiwiaXYiOiJSd2hKSkZGYmpsM3BKaG4yIiwidGFnIjoiRkg4X0N4RHNqUXdPMWhyd1doMVhFdyJ9\",\"encrypted_key\":\"99KR1oV3wRL0dXE7AqlNELp6y7stZIfdEBEJ1gZ5nJk\",\"iv\":\"TXqs9o8QLd2vrS3d40gA7A\",\"ciphertext\":\"vAr8V2jugc-49yeKYLoAREnkO_aPyHVRqeLrpUcGj-yImgYhNleIhrRDmfkhVw3e7hKRknITmwYVBoU6TxO_7JVgOrKGvQl7QitGWlelTcscXRO_UUj3U9Xg_Y-LhSR70joc-xuPkIWCUVSntSmnO1QvKAqHQYKRW5h9CKi8XnV82N2CL8SYBlTZx-OiLUQBHR8qgqU50U5uuhE8QAO9HZqsBw1GiqSkj2wGzHs9Eo_8BWpLvDxJLwRp0YLJ2fS7trHv2FY0UVRFQ8zo-u_r6Q\",\"tag\":\"RCOYu8gfu-ZA7uwgQy96BA\"}"}
01-13 10:14:50.275  4608  4684 D OkHttp  : <-- END HTTP (593-byte body)
01-13 10:14:50.293  4608  4684 D BZ BuzzAdBenefitRemoteConfig: remoteConfig.isInitialized: true
01-13 10:14:50.309   743   949 D EGL_emulation: app_time_stats: avg=231.85ms min=2.17ms max=3537.56ms count=16
01-13 10:14:50.568  4608  4715 D BZ BuzzAdBenefitRemoteConfig: AppTracking is disabled
